Component: ARM Compiler 5.06 update 7 (build 960) Tool: armlink [4d3601]

==============================================================================

Section Cross References

    startup_stm32f407xx.o(STACK) refers (Special) to heapauxi.o(.text) for __use_two_region_memory
    startup_stm32f407xx.o(HEAP) refers (Special) to heapauxi.o(.text) for __use_two_region_memory
    startup_stm32f407xx.o(RESET) refers (Special) to heapauxi.o(.text) for __use_two_region_memory
    startup_stm32f407xx.o(RESET) refers to startup_stm32f407xx.o(STACK) for __initial_sp
    startup_stm32f407xx.o(RESET) refers to startup_stm32f407xx.o(.text) for Reset_Handler
    startup_stm32f407xx.o(RESET) refers to stm32f4xx_it.o(i.NMI_Handler) for NMI_Handler
    startup_stm32f407xx.o(RESET) refers to stm32f4xx_it.o(i.HardFault_Handler) for HardFault_Handler
    startup_stm32f407xx.o(RESET) refers to stm32f4xx_it.o(i.MemManage_Handler) for MemManage_Handler
    startup_stm32f407xx.o(RESET) refers to stm32f4xx_it.o(i.BusFault_Handler) for BusFault_Handler
    startup_stm32f407xx.o(RESET) refers to stm32f4xx_it.o(i.UsageFault_Handler) for UsageFault_Handler
    startup_stm32f407xx.o(RESET) refers to port.o(.emb_text) for SVC_Handler
    startup_stm32f407xx.o(RESET) refers to stm32f4xx_it.o(i.DebugMon_Handler) for DebugMon_Handler
    startup_stm32f407xx.o(RESET) refers to port.o(i.SysTick_Handler) for SysTick_Handler
    startup_stm32f407xx.o(RESET) refers to stm32f4xx_it.o(i.DMA1_Stream2_IRQHandler) for DMA1_Stream2_IRQHandler
    startup_stm32f407xx.o(RESET) refers to stm32f4xx_it.o(i.DMA1_Stream4_IRQHandler) for DMA1_Stream4_IRQHandler
    startup_stm32f407xx.o(RESET) refers to stm32f4xx_it.o(i.UART4_IRQHandler) for UART4_IRQHandler
    startup_stm32f407xx.o(RESET) refers to stm32f4xx_it.o(i.TIM6_DAC_IRQHandler) for TIM6_DAC_IRQHandler
    startup_stm32f407xx.o(.text) refers (Special) to heapauxi.o(.text) for __use_two_region_memory
    startup_stm32f407xx.o(.text) refers to system_stm32f4xx.o(i.SystemInit) for SystemInit
    startup_stm32f407xx.o(.text) refers to __main.o(!!!main) for __main
    startup_stm32f407xx.o(.text) refers to startup_stm32f407xx.o(HEAP) for Heap_Mem
    startup_stm32f407xx.o(.text) refers to startup_stm32f407xx.o(STACK) for Stack_Mem
    main.o(i.HAL_TIM_PeriodElapsedCallback) refers to stm32f4xx_hal.o(i.HAL_IncTick) for HAL_IncTick
    main.o(i.SystemClock_Config) refers to rt_memclr_w.o(.text) for __aeabi_memclr4
    main.o(i.SystemClock_Config) refers to stm32f4xx_hal_rcc.o(i.HAL_RCC_OscConfig) for HAL_RCC_OscConfig
    main.o(i.SystemClock_Config) refers to stm32f4xx_hal_rcc.o(i.HAL_RCC_ClockConfig) for HAL_RCC_ClockConfig
    main.o(i.main) refers to stm32f4xx_hal.o(i.HAL_Init) for HAL_Init
    main.o(i.main) refers to main.o(i.SystemClock_Config) for SystemClock_Config
    main.o(i.main) refers to gpio.o(i.MX_GPIO_Init) for MX_GPIO_Init
    main.o(i.main) refers to i2c.o(i.MX_I2C1_Init) for MX_I2C1_Init
    main.o(i.main) refers to usart.o(i.MX_UART4_Init) for MX_UART4_Init
    main.o(i.main) refers to dma.o(i.MX_DMA_Init) for MX_DMA_Init
    main.o(i.main) refers to rtc.o(i.MX_RTC_Init) for MX_RTC_Init
    main.o(i.main) refers to freertos.o(i.MX_FREERTOS_Init) for MX_FREERTOS_Init
    main.o(i.main) refers to cmsis_os.o(i.osKernelStart) for osKernelStart
    gpio.o(i.MX_GPIO_Init) refers to rt_memclr_w.o(.text) for __aeabi_memclr4
    gpio.o(i.MX_GPIO_Init) refers to stm32f4xx_hal_gpio.o(i.HAL_GPIO_WritePin) for HAL_GPIO_WritePin
    gpio.o(i.MX_GPIO_Init) refers to stm32f4xx_hal_gpio.o(i.HAL_GPIO_Init) for HAL_GPIO_Init
    freertos.o(i.MX_FREERTOS_Init) refers to cmsis_os.o(i.osMutexCreate) for osMutexCreate
    freertos.o(i.MX_FREERTOS_Init) refers to cmsis_os.o(i.osMessageCreate) for osMessageCreate
    freertos.o(i.MX_FREERTOS_Init) refers to rt_memcpy_w.o(.text) for __aeabi_memcpy4
    freertos.o(i.MX_FREERTOS_Init) refers to cmsis_os.o(i.osThreadCreate) for osThreadCreate
    freertos.o(i.MX_FREERTOS_Init) refers to freertos.o(.data) for .data
    freertos.o(i.MX_FREERTOS_Init) refers to freertos.o(.constdata) for .constdata
    freertos.o(i.StartTask03) refers to task_panel.o(i.Task_Panel_Process) for Task_Panel_Process
    freertos.o(i.StartTask03) refers to cmsis_os.o(i.osDelay) for osDelay
    freertos.o(i.StartTask_LED) refers to task_led.o(i.Task_LED_Process) for Task_LED_Process
    freertos.o(i.StartTask_LED) refers to cmsis_os.o(i.osDelay) for osDelay
    freertos.o(i.StartTask_RS485) refers to task_rs485_log.o(i.Task_RS485Log_Process) for Task_RS485Log_Process
    freertos.o(i.StartTask_RS485) refers to cmsis_os.o(i.osDelay) for osDelay
    freertos.o(i.StartTask_XKC) refers to task_xkc_y20_v.o(i.Task_XKC_Y20_V_Process) for Task_XKC_Y20_V_Process
    freertos.o(i.StartTask_XKC) refers to cmsis_os.o(i.osDelay) for osDelay
    freertos.o(i.vApplicationGetIdleTaskMemory) refers to freertos.o(.bss) for .bss
    freertos.o(.constdata) refers to freertos.o(.conststring) for .conststring
[...]
    _scanf_real                               - Undefined Weak Reference
    _scanf_string                             - Undefined Weak Reference
    _scanf_wctomb                             - Undefined Weak Reference
    _scanf_wstring                            - Undefined Weak Reference
    _signal_finish                            - Undefined Weak Reference
    _signal_init                              - Undefined Weak Reference
    _terminate_alloc                          - Undefined Weak Reference
    _terminate_user_alloc                     - Undefined Weak Reference
    _terminateio                              - Undefined Weak Reference
    __Vectors_Size                           0x00000188   Number         0  startup_stm32f407xx.o ABSOLUTE
    __Vectors                                0x08000000   Data           4  startup_stm32f407xx.o(RESET)
    __Vectors_End                            0x08000188   Data           0  startup_stm32f407xx.o(RESET)
    __main                                   0x08000189   Thumb Code     8  __main.o(!!!main)
    __scatterload                            0x08000191   Thumb Code     0  __scatter.o(!!!scatter)
    __scatterload_rt2                        0x08000191   Thumb Code    44  __scatter.o(!!!scatter)
    __scatterload_rt2_thumb_only             0x08000191   Thumb Code     0  __scatter.o(!!!scatter)
    __scatterload_null                       0x0800019f   Thumb Code     0  __scatter.o(!!!scatter)
    __scatterload_copy                       0x080001c5   Thumb Code    26  __scatter_copy.o(!!handler_copy)
    __scatterload_zeroinit                   0x080001e1   Thumb Code    28  __scatter_zi.o(!!handler_zi)
    _printf_f                                0x080001fd   Thumb Code     0  _printf_f.o(.ARM.Collect$$_printf_percent$$00000003)
    _printf_percent                          0x080001fd   Thumb Code     0  _printf_percent.o(.ARM.Collect$$_printf_percent$$00000000)
    _printf_d                                0x08000203   Thumb Code     0  _printf_d.o(.ARM.Collect$$_printf_percent$$00000009)
    _printf_x                                0x08000209   Thumb Code     0  _printf_x.o(.ARM.Collect$$_printf_percent$$0000000C)
    _printf_percent_end                      0x0800020f   Thumb Code     0  _printf_percent_end.o(.ARM.Collect$$_printf_percent$$00000017)
    __rt_lib_init                            0x08000213   Thumb Code     0  libinit.o(.ARM.Collect$$libinit$$00000000)
    __rt_lib_init_fp_1                       0x08000215   Thumb Code     0  libinit2.o(.ARM.Collect$$libinit$$00000001)
    __rt_lib_init_heap_1                     0x08000219   Thumb Code     0  libinit2.o(.ARM.Collect$$libinit$$0000000A)
    __rt_lib_init_lc_common                  0x08000219   Thumb Code     0  libinit2.o(.ARM.Collect$$libinit$$0000000F)
    __rt_lib_init_preinit_1                  0x08000219   Thumb Code     0  libinit2.o(.ARM.Collect$$libinit$$00000004)
    __rt_lib_init_rand_1                     0x08000219   Thumb Code     0  libinit2.o(.ARM.Collect$$libinit$$0000000E)
    __rt_lib_init_user_alloc_1               0x08000219   Thumb Code     0  libinit2.o(.ARM.Collect$$libinit$$0000000C)
    __rt_lib_init_lc_collate_1               0x0800021f   Thumb Code     0  libinit2.o(.ARM.Collect$$libinit$$00000011)
    __rt_lib_init_lc_ctype_2                 0x0800021f   Thumb Code     0  libinit2.o(.ARM.Collect$$libinit$$00000012)
    __rt_lib_init_lc_ctype_1                 0x0800022b   Thumb Code     0  libinit2.o(.ARM.Collect$$libinit$$00000013)
    __rt_lib_init_lc_monetary_1              0x0800022b   Thumb Code     0  libinit2.o(.ARM.Collect$$libinit$$00000015)
    __rt_lib_init_lc_numeric_2               0x0800022b   Thumb Code     0  libinit2.o(.ARM.Collect$$libinit$$00000016)
    __rt_lib_init_alloca_1                   0x08000235   Thumb Code     0  libinit2.o(.ARM.Collect$$libinit$$0000002E)
    __rt_lib_init_argv_1                     0x08000235   Thumb Code     0  libinit2.o(.ARM.Collect$$libinit$$0000002C)
    __rt_lib_init_atexit_1                   0x08000235   Thumb Code     0  libinit2.o(.ARM.Collect$$libinit$$0000001B)
    __rt_lib_init_clock_1                    0x08000235   Thumb Code     0  libinit2.o(.ARM.Collect$$libinit$$00000021)
    __rt_lib_init_cpp_1                      0x08000235   Thumb Code     0  libinit2.o(.ARM.Collect$$libinit$$00000032)
    __rt_lib_init_exceptions_1               0x08000235   Thumb Code     0  libinit2.o(.ARM.Collect$$libinit$$00000030)
    __rt_lib_init_fp_trap_1                  0x08000235   Thumb Code     0  libinit2.o(.ARM.Collect$$libinit$$0000001F)
    __rt_lib_init_getenv_1                   0x08000235   Thumb Code     0  libinit2.o(.ARM.Collect$$libinit$$00000023)
    __rt_lib_init_lc_numeric_1               0x08000235   Thumb Code     0  libinit2.o(.ARM.Collect$$libinit$$00000017)
    __rt_lib_init_lc_time_1                  0x08000235   Thumb Code     0  libinit2.o(.ARM.Collect$$libinit$$00000019)
    __rt_lib_init_return                     0x08000235   Thumb Code     0  libinit2.o(.ARM.Collect$$libinit$$00000033)
    __rt_lib_init_signal_1                   0x08000235   Thumb Code     0  libinit2.o(.ARM.Collect$$libinit$$0000001D)
    __rt_lib_init_stdio_1                    0x08000235   Thumb Code     0  libinit2.o(.ARM.Collect$$libinit$$00000025)
    __rt_lib_shutdown                        0x08000237   Thumb Code     0  libshutdown.o(.ARM.Collect$$libshutdown$$00000000)
    __rt_lib_shutdown_cpp_1                  0x08000239   Thumb Code     0  libshutdown2.o(.ARM.Collect$$libshutdown$$00000004)
    __rt_lib_shutdown_fini_1                 0x08000239   Thumb Code     0  libshutdown2.o(.ARM.Collect$$libshutdown$$00000002)
    __rt_lib_shutdown_fp_trap_1              0x08000239   Thumb Code     0  libshutdown2.o(.ARM.Collect$$libshutdown$$00000009)
    __rt_lib_shutdown_heap_1                 0x08000239   Thumb Code     0  libshutdown2.o(.ARM.Collect$$libshutdown$$00000011)
    __rt_lib_shutdown_return                 0x08000239   Thumb Code     0  libshutdown2.o(.ARM.Collect$$libshutdown$$00000012)
    __rt_lib_shutdown_signal_1               0x08000239   Thumb Code     0  libshutdown2.o(.ARM.Collect$$libshutdown$$0000000C)
    __rt_lib_shutdown_stdio_1                0x08000239   Thumb Code     0  libshutdown2.o(.ARM.Collect$$libshutdown$$00000006)
    __rt_lib_shutdown_user_alloc_1           0x08000239   Thumb Code     0  libshutdown2.o(.ARM.Collect$$libshutdown$$0000000E)
    __rt_entry                               0x0800023b   Thumb Code     0  __rtentry.o(.ARM.Collect$$rtentry$$00000000)
    __rt_entry_presh_1                       0x0800023b   Thumb Code     0  __rtentry2.o(.ARM.Collect$$rtentry$$00000002)
    __rt_entry_sh                            0x0800023b   Thumb Code     0  __rtentry4.o(.ARM.Collect$$rtentry$$00000004)
    __rt_entry_li                            0x08000241   Thumb Code     0  __rtentry2.o(.ARM.Collect$$rtentry$$0000000A)
    __rt_entry_postsh_1                      0x08000241   Thumb Code     0  __rtentry2.o(.ARM.Collect$$rtentry$$00000009)
    __rt_entry_main                          0x08000245   Thumb Code     0  __rtentry2.o(.ARM.Collect$$rtentry$$0000000D)
    __rt_entry_postli_1                      0x08000245   Thumb Code     0  __rtentry2.o(.ARM.Collect$$rtentry$$0000000C)
    __rt_exit                                0x0800024d   Thumb Code     0  rtexit.o(.ARM.Collect$$rtexit$$00000000)
    __rt_exit_ls                             0x0800024f   Thumb Code     0  rtexit2.o(.ARM.Collect$$rtexit$$00000003)
    __rt_exit_prels_1                        0x0800024f   Thumb Code     0  rtexit2.o(.ARM.Collect$$rtexit$$00000002)
    __rt_exit_exit                           0x08000253   Thumb Code     0  rtexit2.o(.ARM.Collect$$rtexit$$00000004)
    SVC_Handler                              0x08000259   Thumb Code    28  port.o(.emb_text)
    __asm___6_port_c_39a90d8d__prvStartFirstTask 0x08000279   Thumb Code    36  port.o(.emb_text)
    __asm___6_port_c_39a90d8d__prvEnableVFP  0x080002a1   Thumb Code    16  port.o(.emb_text)
    PendSV_Handler                           0x080002b5   Thumb Code    88  port.o(.emb_text)
    vPortGetIPSR                             0x08000311   Thumb Code     6  port.o(.emb_text)
    Reset_Handler                            0x08000319   Thumb Code     8  startup_stm32f407xx.o(.text)
    ADC_IRQHandler                           0x08000333   Thumb Code     0  startup_stm32f407xx.o(.text)
    CAN1_RX0_IRQHandler                      0x08000333   Thumb Code     0  startup_stm32f407xx.o(.text)
    CAN1_RX1_IRQHandler                      0x08000333   Thumb Code     0  startup_stm32f407xx.o(.text)
    CAN1_SCE_IRQHandler                      0x08000333   Thumb Code     0  startup_stm32f407xx.o(.text)
    CAN1_TX_IRQHandler                       0x08000333   Thumb Code     0  startup_stm32f407xx.o(.text)
    CAN2_RX0_IRQHandler                      0x08000333   Thumb Code     0  startup_stm32f407xx.o(.text)
    CAN2_RX1_IRQHandler                      0x08000333   Thumb Code     0  startup_stm32f407xx.o(.text)
    CAN2_SCE_IRQHandler                      0x08000333   Thumb Code     0  startup_stm32f407xx.o(.text)
    CAN2_TX_IRQHandler                       0x08000333   Thumb Code     0  startup_stm32f407xx.o(.text)
    DCMI_IRQHandler                          0x08000333   Thumb Code     0  startup_stm32f407xx.o(.text)
    DMA1_Stream0_IRQHandler                  0x08000333   Thumb Code     0  startup_stm32f407xx.o(.text)
    DMA1_Stream1_IRQHandler                  0x08000333   Thumb Code     0  startup_stm32f407xx.o(.text)
    DMA1_Stream3_IRQHandler                  0x08000333   Thumb Code     0  startup_stm32f407xx.o(.text)
    DMA1_Stream5_IRQHandler                  0x08000333   Thumb Code     0  startup_stm32f407xx.o(.text)
    DMA1_Stream6_IRQHandler                  0x08000333   Thumb Code     0  startup_stm32f407xx.o(.text)
    DMA1_Stream7_IRQHandler                  0x08000333   Thumb Code     0  startup_stm32f407xx.o(.text)
    DMA2_Stream0_IRQHandler                  0x08000333   Thumb Code     0  startup_stm32f407xx.o(.text)
    DMA2_Stream1_IRQHandler                  0x08000333   Thumb Code     0  startup_stm32f407xx.o(.text)
    DMA2_Stream2_IRQHandler                  0x08000333   Thumb Code     0  startup_stm32f407xx.o(.text)
    DMA2_Stream3_IRQHandler                  0x08000333   Thumb Code     0  startup_stm32f407xx.o(.text)
    DMA2_Stream4_IRQHandler                  0x08000333   Thumb Code     0  startup_stm32f407xx.o(.text)
    DMA2_Stream5_IRQHandler                  0x08000333   Thumb Code     0  startup_stm32f407xx.o(.text)
    DMA2_Stream6_IRQHandler                  0x08000333   Thumb Code     0  startup_stm32f407xx.o(.text)
    DMA2_Stream7_IRQHandler                  0x08000333   Thumb Code     0  startup_stm32f407xx.o(.text)
    ETH_IRQHandler                           0x08000333   Thumb Code     0  startup_stm32f407xx.o(.text)
    ETH_WKUP_IRQHandler                      0x08000333   Thumb Code     0  startup_stm32f407xx.o(.text)
    EXTI0_IRQHandler                         0x08000333   Thumb Code     0  startup_stm32f407xx.o(.text)
    EXTI15_10_IRQHandler                     0x08000333   Thumb Code     0  startup_stm32f407xx.o(.text)
    EXTI1_IRQHandler                         0x08000333   Thumb Code     0  startup_stm32f407xx.o(.text)
    EXTI2_IRQHandler                         0x08000333   Thumb Code     0  startup_stm32f407xx.o(.text)
    EXTI3_IRQHandler                         0x08000333   Thumb Code     0  startup_stm32f407xx.o(.text)
    EXTI4_IRQHandler                         0x08000333   Thumb Code     0  startup_stm32f407xx.o(.text)
    EXTI9_5_IRQHandler                       0x08000333   Thumb Code     0  startup_stm32f407xx.o(.text)
    FLASH_IRQHandler                         0x08000333   Thumb Code     0  startup_stm32f407xx.o(.text)
    FMC_IRQHandler                           0x08000333   Thumb Code     0  startup_stm32f407xx.o(.text)
    FPU_IRQHandler                           0x08000333   Thumb Code     0  startup_stm32f407xx.o(.text)
    HASH_RNG_IRQHandler                      0x08000333   Thumb Code     0  startup_stm32f407xx.o(.text)
    I2C1_ER_IRQHandler                       0x08000333   Thumb Code     0  startup_stm32f407xx.o(.text)
    I2C1_EV_IRQHandler                       0x08000333   Thumb Code     0  startup_stm32f407xx.o(.text)
    I2C2_ER_IRQHandler                       0x08000333   Thumb Code     0  startup_stm32f407xx.o(.text)
    I2C2_EV_IRQHandler                       0x08000333   Thumb Code     0  startup_stm32f407xx.o(.text)
    I2C3_ER_IRQHandler                       0x08000333   Thumb Code     0  startup_stm32f407xx.o(.text)
    I2C3_EV_IRQHandler                       0x08000333   Thumb Code     0  startup_stm32f407xx.o(.text)
    OTG_FS_IRQHandler                        0x08000333   Thumb Code     0  startup_stm32f407xx.o(.text)
    OTG_FS_WKUP_IRQHandler                   0x08000333   Thumb Code     0  startup_stm32f407xx.o(.text)
    OTG_HS_EP1_IN_IRQHandler                 0x08000333   Thumb Code     0  startup_stm32f407xx.o(.text)
    OTG_HS_EP1_OUT_IRQHandler                0x08000333   Thumb Code     0  startup_stm32f407xx.o(.text)
    OTG_HS_IRQHandler                        0x08000333   Thumb Code     0  startup_stm32f407xx.o(.text)
    OTG_HS_WKUP_IRQHandler                   0x08000333   Thumb Code     0  startup_stm32f407xx.o(.text)
    PVD_IRQHandler                           0x08000333   Thumb Code     0  startup_stm32f407xx.o(.text)
    RCC_IRQHandler                           0x08000333   Thumb Code     0  startup_stm32f407xx.o(.text)
    RTC_Alarm_IRQHandler                     0x08000333   Thumb Code     0  startup_stm32f407xx.o(.text)
    RTC_WKUP_IRQHandler                      0x08000333   Thumb Code     0  startup_stm32f407xx.o(.text)
    SDIO_IRQHandler                          0x08000333   Thumb Code     0  startup_stm32f407xx.o(.text)
    SPI1_IRQHandler                          0x08000333   Thumb Code     0  startup_stm32f407xx.o(.text)
    SPI2_IRQHandler                          0x08000333   Thumb Code     0  startup_stm32f407xx.o(.text)
    SPI3_IRQHandler                          0x08000333   Thumb Code     0  startup_stm32f407xx.o(.text)
    TAMP_STAMP_IRQHandler                    0x08000333   Thumb Code     0  startup_stm32f407xx.o(.text)
    TIM1_BRK_TIM9_IRQHandler                 0x08000333   Thumb Code     0  startup_stm32f407xx.o(.text)
    TIM1_CC_IRQHandler                       0x08000333   Thumb Code     0  startup_stm32f407xx.o(.text)
    TIM1_TRG_COM_TIM11_IRQHandler            0x08000333   Thumb Code     0  startup_stm32f407xx.o(.text)
    TIM1_UP_TIM10_IRQHandler                 0x08000333   Thumb Code     0  startup_stm32f407xx.o(.text)
    TIM2_IRQHandler                          0x08000333   Thumb Code     0  startup_stm32f407xx.o(.text)
    TIM3_IRQHandler                          0x08000333   Thumb Code     0  startup_stm32f407xx.o(.text)
    TIM4_IRQHandler                          0x08000333   Thumb Code     0  startup_stm32f407xx.o(.text)
    TIM5_IRQHandler                          0x08000333   Thumb Code     0  startup_stm32f407xx.o(.text)
    TIM7_IRQHandler                          0x08000333   Thumb Code     0  startup_stm32f407xx.o(.text)
    TIM8_BRK_TIM12_IRQHandler                0x08000333   Thumb Code     0  startup_stm32f407xx.o(.text)
    TIM8_CC_IRQHandler                       0x08000333   Thumb Code     0  startup_stm32f407xx.o(.text)
    TIM8_TRG_COM_TIM14_IRQHandler            0x08000333   Thumb Code     0  startup_stm32f407xx.o(.text)
    TIM8_UP_TIM13_IRQHandler                 0x08000333   Thumb Code     0  startup_stm32f407xx.o(.text)
    UART5_IRQHandler                         0x08000333   Thumb Code     0  startup_stm32f407xx.o(.text)
    USART1_IRQHandler                        0x08000333   Thumb Code     0  startup_stm32f407xx.o(.text)
    USART2_IRQHandler                        0x08000333   Thumb Code     0  startup_stm32f407xx.o(.text)
    USART3_IRQHandler                        0x08000333   Thumb Code     0  startup_stm32f407xx.o(.text)
    USART6_IRQHandler                        0x08000333   Thumb Code     0  startup_stm32f407xx.o(.text)
    WWDG_IRQHandler                          0x08000333   Thumb Code     0  startup_stm32f407xx.o(.text)
    __user_initial_stackheap                 0x08000335   Thumb Code     0  startup_stm32f407xx.o(.text)
    __aeabi_uldivmod                         0x08000359   Thumb Code     0  lludivv7m.o(.text)
    _ll_udiv                                 0x08000359   Thumb Code   238  lludivv7m.o(.text)
    __2sprintf                               0x08000449   Thumb Code    34  noretval__2sprintf.o(.text)
    _printf_pre_padding                      0x08000471   Thumb Code    44  _printf_pad.o(.text)
    _printf_post_padding                     0x0800049d   Thumb Code    34  _printf_pad.o(.text)
    _printf_int_dec                          0x080004c1   Thumb Code   104  _printf_dec.o(.text)
    _printf_int_hex                          0x08000539   Thumb Code    84  _printf_hex_int.o(.text)
    _printf_longlong_hex                     0x08000539   Thumb Code     0  _printf_hex_int.o(.text)
    __printf                                 0x08000591   Thumb Code   308  __printf_flags_wp.o(.text)
    __0sscanf                                0x080006c9   Thumb Code    52  __0sscanf.o(.text)
    _scanf_int                               0x08000705   Thumb Code   332  _scanf_int.o(.text)
    strstr                                   0x08000851   Thumb Code    36  strstr.o(.text)
    strlen                                   0x08000875   Thumb Code    62  strlen.o(.text)
    __aeabi_memcpy                           0x080008b3   Thumb Code     0  rt_memcpy_v6.o(.text)
    __rt_memcpy                              0x080008b3   Thumb Code   138  rt_memcpy_v6.o(.text)
    _memcpy_lastbytes                        0x08000919   Thumb Code     0  rt_memcpy_v6.o(.text)
    __aeabi_memcpy4                          0x0800093d   Thumb Code     0  rt_memcpy_w.o(.text)
    __aeabi_memcpy8                          0x0800093d   Thumb Code     0  rt_memcpy_w.o(.text)
    __rt_memcpy_w                            0x0800093d   Thumb Code   100  rt_memcpy_w.o(.text)
    _memcpy_lastbytes_aligned                0x08000985   Thumb Code     0  rt_memcpy_w.o(.text)
    __aeabi_memclr                           0x080009a1   Thumb Code     0  rt_memclr.o(.text)
    __rt_memclr                              0x080009a1   Thumb Code    68  rt_memclr.o(.text)
    _memset                                  0x080009a5   Thumb Code     0  rt_memclr.o(.text)
    __aeabi_memclr4                          0x080009e5   Thumb Code     0  rt_memclr_w.o(.text)
    __aeabi_memclr8                          0x080009e5   Thumb Code     0  rt_memclr_w.o(.text)
    __rt_memclr_w                            0x080009e5   Thumb Code    78  rt_memclr_w.o(.text)
    _memset_w                                0x080009e9   Thumb Code     0  rt_memclr_w.o(.text)
    __use_two_region_memory                  0x08000a33   Thumb Code     2  heapauxi.o(.text)
    __rt_heap_escrow$2region                 0x08000a35   Thumb Code     2  heapauxi.o(.text)
    __rt_heap_expand$2region                 0x08000a37   Thumb Code     2  heapauxi.o(.text)
    _printf_int_common                       0x08000a39   Thumb Code   178  _printf_intcommon.o(.text)
    __lib_sel_fp_printf                      0x08000aeb   Thumb Code     2  _printf_fp_dec.o(.text)
    _printf_fp_dec_real                      0x08000c9d   Thumb Code   620  _printf_fp_dec.o(.text)
    _printf_char_common                      0x08000f13   Thumb Code    32  _printf_char_common.o(.text)
    _sputc                                   0x08000f39   Thumb Code    10  _sputc.o(.text)
    _chval                                   0x08000f43   Thumb Code    28  _chval.o(.text)
    __vfscanf_char                           0x08000f6d   Thumb Code    24  scanf_char.o(.text)
    _sgetc                                   0x08000f8d   Thumb Code    30  _sgetc.o(.text)
    _sbackspace                              0x08000fab   Thumb Code    34  _sgetc.o(.text)
    __rt_locale                              0x08000fcd   Thumb Code     8  rt_locale_intlibspace.o(.text)
    _ll_udiv10                               0x08000fd5   Thumb Code   138  lludiv10.o(.text)
    isspace                                  0x0800105f   Thumb Code    18  isspace.o(.text)
    _printf_fp_infnan                        0x08001071   Thumb Code   112  _printf_fp_infnan.o(.text)
    __vfscanf                                0x080010f1   Thumb Code   880  _scanf.o(.text)
    _btod_etento                             0x08001465   Thumb Code   224  bigflt0.o(.text)
    __user_libspace                          0x08001549   Thumb Code     8  libspace.o(.text)
    __user_perproc_libspace                  0x08001549   Thumb Code     0  libspace.o(.text)
    __user_perthread_libspace                0x08001549   Thumb Code     0  libspace.o(.text)
    __user_setup_stackheap                   0x08001551   Thumb Code    74  sys_stackheap_outer.o(.text)
    __rt_ctype_table                         0x0800159d   Thumb Code    16  rt_ctype_table.o(.text)
    exit                                     0x080015ad   Thumb Code    18  exit.o(.text)
    strcmp                                   0x080015c1   Thumb Code   128  strcmpv7m.o(.text)
    _sys_exit                                0x08001641   Thumb Code     8  sys_exit.o(.text)
    __I$use$semihosting                      0x0800164d   Thumb Code     0  use_no_semi.o(.text)
    __use_no_semihosting_swi                 0x0800164d   Thumb Code     2  use_no_semi.o(.text)
    __semihosting_library_function           0x0800164f   Thumb Code     0  indicate_semi.o(.text)
    _btod_d2e                                0x0800164f   Thumb Code    62  btod.o(CL$$btod_d2e)
    _d2e_denorm_low                          0x0800168d   Thumb Code    70  btod.o(CL$$btod_d2e_denorm_low)
    _d2e_norm_op1                            0x080016d3   Thumb Code    96  btod.o(CL$$btod_d2e_norm_op1)
    __btod_div_common                        0x08001733   Thumb Code   696  btod.o(CL$$btod_div_common)
    _e2e                                     0x08001a6b   Thumb Code   220  btod.o(CL$$btod_e2e)
    _btod_ediv                               0x08001b47   Thumb Code    42  btod.o(CL$$btod_ediv)
    _btod_emul                               0x08001b71   Thumb Code    42  btod.o(CL$$btod_emul)
    __btod_mult_common                       0x08001b9b   Thumb Code   580  btod.o(CL$$btod_mult_common)
    BSP_EEPROM_Read                          0x08001de1   Thumb Code    22  bsp_eeprom.o(i.BSP_EEPROM_Read)
    BSP_EEPROM_Write                         0x08001dfd   Thumb Code    30  bsp_eeprom.o(i.BSP_EEPROM_Write)
    BSP_HTC2K_Init                           0x08001e21   Thumb Code    80  bsp_htc_2k.o(i.BSP_HTC2K_Init)
    BSP_HTC2K_ReadKeys                       0x08001e79   Thumb Code   100  bsp_htc_2k.o(i.BSP_HTC2K_ReadKeys)
    BSP_HTC2K_ShowTemp                       0x08001ee1   Thumb Code   228  bsp_htc_2k.o(i.BSP_HTC2K_ShowTemp)
    BSP_LED0_Toggle                          0x08001fdd   Thumb Code     8  bsp_led.o(i.BSP_LED0_Toggle)
    BSP_LED1_Toggle                          0x08001fe9   Thumb Code    10  bsp_led.o(i.BSP_LED1_Toggle)
    BSP_Log_Add                              0x08001ff9   Thumb Code    48  bsp_eeprom.o(i.BSP_Log_Add)
    BSP_Log_Get_Current_Index                0x0800202d   Thumb Code     6  bsp_eeprom.o(i.BSP_Log_Get_Current_Index)
    BSP_Log_Init                             0x08002039   Thumb Code    40  bsp_eeprom.o(i.BSP_Log_Init)
    BSP_Log_Read_By_Index                    0x08002065   Thumb Code    16  bsp_eeprom.o(i.BSP_Log_Read_By_Index)
    BSP_RS485_Init                           0x08002075   Thumb Code    12  bsp_rs485.o(i.BSP_RS485_Init)
    BSP_RS485_SendString                     0x08002085   Thumb Code    52  bsp_rs485.o(i.BSP_RS485_SendString)
    BusFault_Handler                         0x080020c1   Thumb Code     2  stm32f4xx_it.o(i.BusFault_Handler)
    DMA1_Stream2_IRQHandler                  0x080020c5   Thumb Code     6  stm32f4xx_it.o(i.DMA1_Stream2_IRQHandler)
    DMA1_Stream4_IRQHandler                  0x080020d1   Thumb Code     6  stm32f4xx_it.o(i.DMA1_Stream4_IRQHandler)
    DebugMon_Handler                         0x08002159   Thumb Code     2  stm32f4xx_it.o(i.DebugMon_Handler)
    Error_Handler                            0x0800215b   Thumb Code     4  main.o(i.Error_Handler)
    HAL_DMA_Abort                            0x0800215f   Thumb Code   146  stm32f4xx_hal_dma.o(i.HAL_DMA_Abort)
    HAL_DMA_Abort_IT                         0x080021f1   Thumb Code    36  stm32f4xx_hal_dma.o(i.HAL_DMA_Abort_IT)
    HAL_DMA_IRQHandler                       0x08002215   Thumb Code   412  stm32f4xx_hal_dma.o(i.HAL_DMA_IRQHandler)
    HAL_DMA_Init                             0x080023b5   Thumb Code   206  stm32f4xx_hal_dma.o(i.HAL_DMA_Init)
    HAL_GPIO_Init                            0x08002489   Thumb Code   450  stm32f4xx_hal_gpio.o(i.HAL_GPIO_Init)
    HAL_GPIO_ReadPin                         0x08002679   Thumb Code    10  stm32f4xx_hal_gpio.o(i.HAL_GPIO_ReadPin)
    HAL_GPIO_TogglePin                       0x08002683   Thumb Code    16  stm32f4xx_hal_gpio.o(i.HAL_GPIO_TogglePin)
    HAL_GPIO_WritePin                        0x08002693   Thumb Code    10  stm32f4xx_hal_gpio.o(i.HAL_GPIO_WritePin)
    HAL_GetTick                              0x0800269d   Thumb Code     6  stm32f4xx_hal.o(i.HAL_GetTick)
    HAL_I2C_Init                             0x080026a9   Thumb Code   376  stm32f4xx_hal_i2c.o(i.HAL_I2C_Init)
    HAL_I2C_Mem_Read                         0x08002831   Thumb Code   490  stm32f4xx_hal_i2c.o(i.HAL_I2C_Mem_Read)
    HAL_I2C_Mem_Write                        0x08002a29   Thumb Code   294  stm32f4xx_hal_i2c.o(i.HAL_I2C_Mem_Write)
    HAL_I2C_MspInit                          0x08002b59   Thumb Code    94  i2c.o(i.HAL_I2C_MspInit)
    HAL_IncTick                              0x08002bc5   Thumb Code    12  stm32f4xx_hal.o(i.HAL_IncTick)
    HAL_Init                                 0x08002bd5   Thumb Code    48  stm32f4xx_hal.o(i.HAL_Init)
    HAL_InitTick                             0x08002c09   Thumb Code   100  stm32f4xx_hal_timebase_tim.o(i.HAL_InitTick)
    HAL_MspInit                              0x08002c7d   Thumb Code    52  stm32f4xx_hal_msp.o(i.HAL_MspInit)
    HAL_NVIC_EnableIRQ                       0x08002cb5   Thumb Code    26  stm32f4xx_hal_cortex.o(i.HAL_NVIC_EnableIRQ)
    HAL_NVIC_SetPriority                     0x08002cd1   Thumb Code    60  stm32f4xx_hal_cortex.o(i.HAL_NVIC_SetPriority)
    HAL_NVIC_SetPriorityGrouping             0x08002d11   Thumb Code    26  stm32f4xx_hal_cortex.o(i.HAL_NVIC_SetPriorityGrouping)
    HAL_RCCEx_PeriphCLKConfig                0x08002d35   Thumb Code   296  stm32f4xx_hal_rcc_ex.o(i.HAL_RCCEx_PeriphCLKConfig)
    HAL_RCC_ClockConfig                      0x08002e71   Thumb Code   288  stm32f4xx_hal_rcc.o(i.HAL_RCC_ClockConfig)
    HAL_RCC_GetClockConfig                   0x08002fa5   Thumb Code    54  stm32f4xx_hal_rcc.o(i.HAL_RCC_GetClockConfig)
    HAL_RCC_GetPCLK1Freq                     0x08002fe5   Thumb Code    20  stm32f4xx_hal_rcc.o(i.HAL_RCC_GetPCLK1Freq)
    HAL_RCC_GetPCLK2Freq                     0x08003005   Thumb Code    20  stm32f4xx_hal_rcc.o(i.HAL_RCC_GetPCLK2Freq)
    HAL_RCC_GetSysClockFreq                  0x08003025   Thumb Code    88  stm32f4xx_hal_rcc.o(i.HAL_RCC_GetSysClockFreq)
    HAL_RCC_OscConfig                        0x08003085   Thumb Code   856  stm32f4xx_hal_rcc.o(i.HAL_RCC_OscConfig)
    HAL_RTCEx_BKUPRead                       0x080033f1   Thumb Code    10  stm32f4xx_hal_rtc_ex.o(i.HAL_RTCEx_BKUPRead)
    HAL_RTCEx_BKUPWrite                      0x080033fb   Thumb Code    10  stm32f4xx_hal_rtc_ex.o(i.HAL_RTCEx_BKUPWrite)
    HAL_RTC_GetDate                          0x08003405   Thumb Code    62  stm32f4xx_hal_rtc.o(i.HAL_RTC_GetDate)
    HAL_RTC_GetTime                          0x08003449   Thumb Code    82  stm32f4xx_hal_rtc.o(i.HAL_RTC_GetTime)
    HAL_RTC_Init                             0x080034a1   Thumb Code   166  stm32f4xx_hal_rtc.o(i.HAL_RTC_Init)
    HAL_RTC_MspInit                          0x0800354d   Thumb Code    48  rtc.o(i.HAL_RTC_MspInit)
    HAL_RTC_SetDate                          0x08003585   Thumb Code   194  stm32f4xx_hal_rtc.o(i.HAL_RTC_SetDate)
    HAL_RTC_SetTime                          0x0800364d   Thumb Code   230  stm32f4xx_hal_rtc.o(i.HAL_RTC_SetTime)
    HAL_RTC_WaitForSynchro                   0x08003739   Thumb Code    54  stm32f4xx_hal_rtc.o(i.HAL_RTC_WaitForSynchro)
    HAL_TIMEx_BreakCallback                  0x0800376f   Thumb Code     2  stm32f4xx_hal_tim_ex.o(i.HAL_TIMEx_BreakCallback)
    HAL_TIMEx_CommutCallback                 0x08003771   Thumb Code     2  stm32f4xx_hal_tim_ex.o(i.HAL_TIMEx_CommutCallback)
    HAL_TIM_Base_Init                        0x08003773   Thumb Code    90  stm32f4xx_hal_tim.o(i.HAL_TIM_Base_Init)
    HAL_TIM_Base_MspInit                     0x080037cd   Thumb Code     2  stm32f4xx_hal_tim.o(i.HAL_TIM_Base_MspInit)
    HAL_TIM_Base_Start_IT                    0x080037d1   Thumb Code   100  stm32f4xx_hal_tim.o(i.HAL_TIM_Base_Start_IT)
    HAL_TIM_IC_CaptureCallback               0x08003851   Thumb Code     2  stm32f4xx_hal_tim.o(i.HAL_TIM_IC_CaptureCallback)
    HAL_TIM_IRQHandler                       0x08003853   Thumb Code   358  stm32f4xx_hal_tim.o(i.HAL_TIM_IRQHandler)
    HAL_TIM_OC_DelayElapsedCallback          0x080039b9   Thumb Code     2  stm32f4xx_hal_tim.o(i.HAL_TIM_OC_DelayElapsedCallback)
    HAL_TIM_PWM_PulseFinishedCallback        0x080039bb   Thumb Code     2  stm32f4xx_hal_tim.o(i.HAL_TIM_PWM_PulseFinishedCallback)
    HAL_TIM_PeriodElapsedCallback            0x080039bd   Thumb Code    14  main.o(i.HAL_TIM_PeriodElapsedCallback)
    HAL_TIM_TriggerCallback                  0x080039d1   Thumb Code     2  stm32f4xx_hal_tim.o(i.HAL_TIM_TriggerCallback)
    HAL_UARTEx_RxEventCallback               0x080039d3   Thumb Code     2  stm32f4xx_hal_uart.o(i.HAL_UARTEx_RxEventCallback)
    HAL_UART_ErrorCallback                   0x080039d5   Thumb Code     2  stm32f4xx_hal_uart.o(i.HAL_UART_ErrorCallback)
    HAL_UART_IRQHandler                      0x080039d9   Thumb Code   610  stm32f4xx_hal_uart.o(i.HAL_UART_IRQHandler)
    HAL_UART_Init                            0x08003c41   Thumb Code    98  stm32f4xx_hal_uart.o(i.HAL_UART_Init)
    HAL_UART_MspInit                         0x08003ca5   Thumb Code   208  usart.o(i.HAL_UART_MspInit)
    HAL_UART_Receive_IT                      0x08003d89   Thumb Code    42  stm32f4xx_hal_uart.o(i.HAL_UART_Receive_IT)
    HAL_UART_RxCpltCallback                  0x08003db5   Thumb Code    58  task_rs485_log.o(i.HAL_UART_RxCpltCallback)
    HAL_UART_Transmit                        0x08003e01   Thumb Code   178  stm32f4xx_hal_uart.o(i.HAL_UART_Transmit)
    HAL_UART_TxCpltCallback                  0x08003eb3   Thumb Code     2  stm32f4xx_hal_uart.o(i.HAL_UART_TxCpltCallback)
    HardFault_Handler                        0x08003ed5   Thumb Code     2  stm32f4xx_it.o(i.HardFault_Handler)
    MX_DMA_Init                              0x080042a5   Thumb Code    56  dma.o(i.MX_DMA_Init)
    MX_FREERTOS_Init                         0x080042e1   Thumb Code   134  freertos.o(i.MX_FREERTOS_Init)
    MX_GPIO_Init                             0x08004371   Thumb Code   202  gpio.o(i.MX_GPIO_Init)
    MX_I2C1_Init                             0x0800444d   Thumb Code    50  i2c.o(i.MX_I2C1_Init)
    MX_RTC_Init                              0x0800448d   Thumb Code   154  rtc.o(i.MX_RTC_Init)
    MX_UART4_Init                            0x08004531   Thumb Code    48  usart.o(i.MX_UART4_Init)
    MemManage_Handler                        0x08004569   Thumb Code     2  stm32f4xx_it.o(i.MemManage_Handler)
    NMI_Handler                              0x0800456b   Thumb Code     2  stm32f4xx_it.o(i.NMI_Handler)
    RTC_Bcd2ToByte                           0x0800456d   Thumb Code    18  stm32f4xx_hal_rtc.o(i.RTC_Bcd2ToByte)
    RTC_ByteToBcd2                           0x0800457f   Thumb Code    22  stm32f4xx_hal_rtc.o(i.RTC_ByteToBcd2)
    RTC_EnterInitMode                        0x08004595   Thumb Code    58  stm32f4xx_hal_rtc.o(i.RTC_EnterInitMode)
    StartTask03                              0x080045cf   Thumb Code    12  freertos.o(i.StartTask03)
    StartTask_LED                            0x080045db   Thumb Code    12  freertos.o(i.StartTask_LED)
    StartTask_RS485                          0x080045e7   Thumb Code    12  freertos.o(i.StartTask_RS485)
    StartTask_XKC                            0x080045f3   Thumb Code    12  freertos.o(i.StartTask_XKC)
    SysState_GetSensor                       0x08004601   Thumb Code    56  sys_state.o(i.SysState_GetSensor)
    SysState_Init                            0x08004641   Thumb Code    30  sys_state.o(i.SysState_Init)
    SysState_UpdateSensor                    0x08004665   Thumb Code    56  sys_state.o(i.SysState_UpdateSensor)
    SysTick_Handler                          0x080046a5   Thumb Code    38  port.o(i.SysTick_Handler)
    SystemClock_Config                       0x080046d1   Thumb Code   144  main.o(i.SystemClock_Config)
    SystemInit                               0x08004769   Thumb Code    12  system_stm32f4xx.o(i.SystemInit)
    System_Record_Fault                      0x08004779   Thumb Code   144  task_rs485_log.o(i.System_Record_Fault)
    TIM6_DAC_IRQHandler                      0x08004811   Thumb Code     6  stm32f4xx_it.o(i.TIM6_DAC_IRQHandler)
    TIM_Base_SetConfig                       0x0800481d   Thumb Code   156  stm32f4xx_hal_tim.o(i.TIM_Base_SetConfig)
    Task_LED_Process                         0x080049f1   Thumb Code    44  task_led.o(i.Task_LED_Process)
    Task_Panel_Process                       0x08004a1d   Thumb Code   228  task_panel.o(i.Task_Panel_Process)
    Task_RS485Log_Process                    0x08004b11   Thumb Code   520  task_rs485_log.o(i.Task_RS485Log_Process)
    Task_XKC_Y20_V_Process                   0x08004e65   Thumb Code    80  task_xkc_y20_v.o(i.Task_XKC_Y20_V_Process)
    UART4_IRQHandler                         0x08004f1d   Thumb Code     6  stm32f4xx_it.o(i.UART4_IRQHandler)
    UART_Start_Receive_IT                    0x08005155   Thumb Code    54  stm32f4xx_hal_uart.o(i.UART_Start_Receive_IT)
    UsageFault_Handler                       0x08005203   Thumb Code     2  stm32f4xx_it.o(i.UsageFault_Handler)
    __ARM_fpclassify                         0x08005205   Thumb Code    48  fpclassify.o(i.__ARM_fpclassify)
    _is_digit                                0x08005255   Thumb Code    14  __printf_wp.o(i._is_digit)
    main                                     0x0800526f   Thumb Code    38  main.o(i.main)
    osDelay                                  0x080052a1   Thumb Code    14  cmsis_os.o(i.osDelay)
    osKernelStart                            0x080052af   Thumb Code    10  cmsis_os.o(i.osKernelStart)
    osMessageCreate                          0x080052b9   Thumb Code    38  cmsis_os.o(i.osMessageCreate)
    osMutexCreate                            0x080052df   Thumb Code    16  cmsis_os.o(i.osMutexCreate)
    osMutexRelease                           0x080052f1   Thumb Code    74  cmsis_os.o(i.osMutexRelease)
    osMutexWait                              0x08005341   Thumb Code    96  cmsis_os.o(i.osMutexWait)
    osThreadCreate                           0x080053a5   Thumb Code    84  cmsis_os.o(i.osThreadCreate)
    pvPortMalloc                             0x0800588d   Thumb Code   216  heap_4.o(i.pvPortMalloc)
    pvTaskIncrementMutexHeldCount            0x08005969   Thumb Code    18  tasks.o(i.pvTaskIncrementMutexHeldCount)
    pxPortInitialiseStack                    0x08005981   Thumb Code    40  port.o(i.pxPortInitialiseStack)
    uxListRemove                             0x080059ad   Thumb Code    38  list.o(i.uxListRemove)
    vApplicationGetIdleTaskMemory            0x080059d5   Thumb Code    16  freertos.o(i.vApplicationGetIdleTaskMemory)
    vListInitialise                          0x080059e9   Thumb Code    22  list.o(i.vListInitialise)
    vListInitialiseItem                      0x080059ff   Thumb Code     6  list.o(i.vListInitialiseItem)
    vListInsert                              0x08005a05   Thumb Code    48  list.o(i.vListInsert)
    vListInsertEnd                           0x08005a35   Thumb Code    24  list.o(i.vListInsertEnd)
    vPortEnterCritical                       0x08005a4d   Thumb Code    54  port.o(i.vPortEnterCritical)
    vPortExitCritical                        0x08005a8d   Thumb Code    34  port.o(i.vPortExitCritical)
    vPortFree                                0x08005ab5   Thumb Code    94  heap_4.o(i.vPortFree)
    vPortSetupTimerInterrupt                 0x08005b19   Thumb Code    32  port.o(i.vPortSetupTimerInterrupt)
    vPortValidateInterruptPriority           0x08005b3d   Thumb Code    74  port.o(i.vPortValidateInterruptPriority)
    vTaskDelay                               0x08005b91   Thumb Code    66  tasks.o(i.vTaskDelay)
    vTaskInternalSetTimeOutState             0x08005bdd   Thumb Code    12  tasks.o(i.vTaskInternalSetTimeOutState)
    vTaskMissedYield                         0x08005bed   Thumb Code     8  tasks.o(i.vTaskMissedYield)
    vTaskPlaceOnEventList                    0x08005bf9   Thumb Code    44  tasks.o(i.vTaskPlaceOnEventList)
    vTaskPriorityDisinheritAfterTimeout      0x08005c29   Thumb Code   152  tasks.o(i.vTaskPriorityDisinheritAfterTimeout)
    vTaskStartScheduler                      0x08005cc9   Thumb Code    90  tasks.o(i.vTaskStartScheduler)
    vTaskSuspendAll                          0x08005d35   Thumb Code    10  tasks.o(i.vTaskSuspendAll)
    vTaskSwitchContext                       0x08005d45   Thumb Code    82  tasks.o(i.vTaskSwitchContext)
    xEventGroupCreate                        0x08005da1   Thumb Code    28  event_groups.o(i.xEventGroupCreate)
    xPortStartScheduler                      0x08005dbd   Thumb Code   222  port.o(i.xPortStartScheduler)
    xQueueCreateMutex                        0x08005eb1   Thumb Code    22  queue.o(i.xQueueCreateMutex)
    xQueueCreateMutexStatic                  0x08005ec7   Thumb Code    26  queue.o(i.xQueueCreateMutexStatic)
    xQueueGenericCreate                      0x08005ee1   Thumb Code    66  queue.o(i.xQueueGenericCreate)
    xQueueGenericCreateStatic                0x08005f23   Thumb Code   102  queue.o(i.xQueueGenericCreateStatic)
    xQueueGenericReset                       0x08005f89   Thumb Code   132  queue.o(i.xQueueGenericReset)
    xQueueGenericSend                        0x08006011   Thumb Code   346  queue.o(i.xQueueGenericSend)
    xQueueGiveFromISR                        0x08006171   Thumb Code   156  queue.o(i.xQueueGiveFromISR)
    xQueueReceiveFromISR                     0x0800620d   Thumb Code   154  queue.o(i.xQueueReceiveFromISR)
    xQueueSemaphoreTake                      0x080062a9   Thumb Code   372  queue.o(i.xQueueSemaphoreTake)
    xTaskCheckForTimeOut                     0x08006421   Thumb Code   112  tasks.o(i.xTaskCheckForTimeOut)
    xTaskCreate                              0x08006495   Thumb Code    90  tasks.o(i.xTaskCreate)
    xTaskCreateStatic                        0x080064ef   Thumb Code    86  tasks.o(i.xTaskCreateStatic)
    xTaskGetSchedulerState                   0x08006545   Thumb Code    22  tasks.o(i.xTaskGetSchedulerState)
    xTaskIncrementTick                       0x08006561   Thumb Code   194  tasks.o(i.xTaskIncrementTick)
    xTaskPriorityDisinherit                  0x0800662d   Thumb Code   144  tasks.o(i.xTaskPriorityDisinherit)
    xTaskPriorityInherit                     0x080066c5   Thumb Code   130  tasks.o(i.xTaskPriorityInherit)
    xTaskRemoveFromEventList                 0x08006751   Thumb Code   108  tasks.o(i.xTaskRemoveFromEventList)
    xTaskResumeAll                           0x080067c5   Thumb Code   182  tasks.o(i.xTaskResumeAll)
    _get_lc_numeric                          0x08006889   Thumb Code    44  lc_numeric_c.o(locale$$code)
    _get_lc_ctype                            0x080068b5   Thumb Code    44  lc_ctype_c.o(locale$$code)
    __fpl_dretinf                            0x080068e1   Thumb Code    12  dretinf.o(x$fpl$dretinf)
    __aeabi_f2d                              0x080068ed   Thumb Code     0  f2d.o(x$fpl$f2d)
    _f2d                                     0x080068ed   Thumb Code    86  f2d.o(x$fpl$f2d)
    __fpl_fnaninf                            0x08006943   Thumb Code   140  fnaninf.o(x$fpl$fnaninf)
    _fp_init                                 0x080069cf   Thumb Code    10  fpinit.o(x$fpl$fpinit)
    __fplib_config_fpu_vfp                   0x080069d7   Thumb Code     0  fpinit.o(x$fpl$fpinit)
    __fplib_config_pureend_doubles           0x080069d7   Thumb Code     0  fpinit.o(x$fpl$fpinit)
    _printf_fp_dec                           0x080069d9   Thumb Code     4  printf1.o(x$fpl$printf1)
    __I$use$fp                               0x080069dc   Number         0  usenofp.o(x$fpl$usenofp)
    AHBPrescTable                            0x08006a64   Data          16  system_stm32f4xx.o(.constdata)
    APBPrescTable                            0x08006a74   Data           8  system_stm32f4xx.o(.constdata)
    SmgTab                                   0x08006a7c   Data          25  bsp_htc_2k.o(.constdata)
    Region$$Table$$Base                      0x08006be4   Number         0  anon$$obj.o(Region$$Table)
    Region$$Table$$Limit                     0x08006c04   Number         0  anon$$obj.o(Region$$Table)
    __ctype                                  0x08006c2d   Data           0  lc_ctype_c.o(locale$$data)
    Task_LEDHandle                           0x20000000   Data           4  freertos.o(.data)
    Task_RS485Handle                         0x20000004   Data           4  freertos.o(.data)
    TaskPanelHandle                          0x20000008   Data           4  freertos.o(.data)
    Task_XKCHandle                           0x2000000c   Data           4  freertos.o(.data)
    ModbusRxQueueHandle                      0x20000010   Data           4  freertos.o(.data)
    EEPROM_MutexHandle                       0x20000014   Data           4  freertos.o(.data)
    uwTickFreq                               0x20000018   Data           1  stm32f4xx_hal.o(.data)
    uwTickPrio                               0x2000001c   Data           4  stm32f4xx_hal.o(.data)
    uwTick                                   0x20000020   Data           4  stm32f4xx_hal.o(.data)
    SystemCoreClock                          0x20000024   Data           4  system_stm32f4xx.o(.data)
    pxCurrentTCB                             0x20000028   Data           4  tasks.o(.data)
    g_mode                                   0x20000090   Data           1  task_panel.o(.data)
    g_env_temp                               0x20000094   Data           4  task_panel.o(.data)
    g_set_limit                              0x20000098   Data           4  task_panel.o(.data)
    rx_complete                              0x2000009c   Data           1  task_rs485_log.o(.data)
    rx_byte                                  0x2000009d   Data           1  task_rs485_log.o(.data)
    rx_index                                 0x2000009e   Data           2  task_rs485_log.o(.data)
    g_IconSet                                0x200000a0   Data           1  bsp_htc_2k.o(.data)
    SysEventGroup                            0x200000a4   Data           4  sys_state.o(.data)
    SensorDataMutex                          0x200000a8   Data           4  sys_state.o(.data)
    hi2c1                                    0x20000300   Data          84  i2c.o(.bss)
    hrtc                                     0x20000354   Data          32  rtc.o(.bss)
    huart4                                   0x20000374   Data          68  usart.o(.bss)
    hdma_uart4_rx                            0x200003b8   Data          96  usart.o(.bss)
    hdma_uart4_tx                            0x20000418   Data          96  usart.o(.bss)
    htim6                                    0x20000478   Data          72  stm32f4xx_hal_timebase_tim.o(.bss)
    rx_buffer                                0x200041b0   Data         128  task_rs485_log.o(.bss)
    __libspace_start                         0x20004248   Data          96  libspace.o(.bss)
    __temporary_stack_top$libspace           0x200042a8   Data           0  libspace.o(.bss)



==============================================================================

Memory Map of the image

  Image Entry point : 0x08000189

  Load Region LR_IROM1 (Base: 0x08000000, Size: 0x00006ddc, Max: 0x00080000, ABSOLUTE)

    Execution Region ER_IROM1 (Exec base: 0x08000000, Load base: 0x08000000, Size: 0x00006d30, Max: 0x00080000, ABSOLUTE)

    Exec Addr    Load Addr    Size         Type   Attr      Idx    E Section Name        Object

    0x08000000   0x08000000   0x00000188   Data   RO            3    RESET               startup_stm32f407xx.o
    0x08000188   0x08000188   0x00000008   Code   RO         5709  * !!!main             c_w.l(__main.o)
    0x08000190   0x08000190   0x00000034   Code   RO         5956    !!!scatter          c_w.l(__scatter.o)
    0x080001c4   0x080001c4   0x0000001a   Code   RO         5958    !!handler_copy      c_w.l(__scatter_copy.o)
    0x080001de   0x080001de   0x00000002   PAD
    0x080001e0   0x080001e0   0x0000001c   Code   RO         5960    !!handler_zi        c_w.l(__scatter_zi.o)
    0x080001fc   0x080001fc   0x00000000   Code   RO         5688    .ARM.Collect$$_printf_percent$$00000000  c_w.l(_printf_percent.o)
    0x080001fc   0x080001fc   0x00000006   Code   RO         5687    .ARM.Collect$$_printf_percent$$00000003  c_w.l(_printf_f.o)
    0x08000202   0x08000202   0x00000006   Code   RO         5686    .ARM.Collect$$_printf_percent$$00000009  c_w.l(_printf_d.o)
    0x08000208   0x08000208   0x00000006   Code   RO         5685    .ARM.Collect$$_printf_percent$$0000000C  c_w.l(_printf_x.o)
    0x0800020e   0x0800020e   0x00000004   Code   RO         5728    .ARM.Collect$$_printf_percent$$00000017  c_w.l(_printf_percent_end.o)
    0x08000212   0x08000212   0x00000002   Code   RO         5824    .ARM.Collect$$libinit$$00000000  c_w.l(libinit.o)
    0x08000214   0x08000214   0x00000004   Code   RO         5825    .ARM.Collect$$libinit$$00000001  c_w.l(libinit2.o)
    0x08000218   0x08000218   0x00000000   Code   RO         5828    .ARM.Collect$$libinit$$00000004  c_w.l(libinit2.o)
    0x08000218   0x08000218   0x00000000   Code   RO         5831    .ARM.Collect$$libinit$$0000000A  c_w.l(libinit2.o)
    0x08000218   0x08000218   0x00000000   Code   RO         5833    .ARM.Collect$$libinit$$0000000C  c_w.l(libinit2.o)
    0x08000218   0x08000218   0x00000000   Code   RO         5835    .ARM.Collect$$libinit$$0000000E  c_w.l(libinit2.o)
    0x08000218   0x08000218   0x00000006   Code   RO         5836    .ARM.Collect$$libinit$$0000000F  c_w.l(libinit2.o)
    0x0800021e   0x0800021e   0x00000000   Code   RO         5838    .ARM.Collect$$libinit$$00000011  c_w.l(libinit2.o)
    0x0800021e   0x0800021e   0x0000000c   Code   RO         5839    .ARM.Collect$$libinit$$00000012  c_w.l(libinit2.o)
    0x0800022a   0x0800022a   0x00000000   Code   RO         5840    .ARM.Collect$$libinit$$00000013  c_w.l(libinit2.o)
    0x0800022a   0x0800022a   0x00000000   Code   RO         5842    .ARM.Collect$$libinit$$00000015  c_w.l(libinit2.o)
    0x0800022a   0x0800022a   0x0000000a   Code   RO         5843    .ARM.Collect$$libinit$$00000016  c_w.l(libinit2.o)
    0x08000234   0x08000234   0x00000000   Code   RO         5844    .ARM.Collect$$libinit$$00000017  c_w.l(libinit2.o)
    0x08000234   0x08000234   0x00000000   Code   RO         5846    .ARM.Collect$$libinit$$00000019  c_w.l(libinit2.o)
    0x08000234   0x08000234   0x00000000   Code   RO         5848    .ARM.Collect$$libinit$$0000001B  c_w.l(libinit2.o)
    0x08000234   0x08000234   0x00000000   Code   RO         5850    .ARM.Collect$$libinit$$0000001D  c_w.l(libinit2.o)
    0x08000234   0x08000234   0x00000000   Code   RO         5852    .ARM.Collect$$libinit$$0000001F  c_w.l(libinit2.o)
    0x08000234   0x08000234   0x00000000   Code   RO         5854    .ARM.Collect$$libinit$$00000021  c_w.l(libinit2.o)
    0x08000234   0x08000234   0x00000000   Code   RO         5856    .ARM.Collect$$libinit$$00000023  c_w.l(libinit2.o)
    0x08000234   0x08000234   0x00000000   Code   RO         5858    .ARM.Collect$$libinit$$00000025  c_w.l(libinit2.o)
    0x08000234   0x08000234   0x00000000   Code   RO         5862    .ARM.Collect$$libinit$$0000002C  c_w.l(libinit2.o)
    0x08000234   0x08000234   0x00000000   Code   RO         5864    .ARM.Collect$$libinit$$0000002E  c_w.l(libinit2.o)
    0x08000234   0x08000234   0x00000000   Code   RO         5866    .ARM.Collect$$libinit$$00000030  c_w.l(libinit2.o)
    0x08000234   0x08000234   0x00000000   Code   RO         5868    .ARM.Collect$$libinit$$00000032  c_w.l(libinit2.o)
    0x08000234   0x08000234   0x00000002   Code   RO         5869    .ARM.Collect$$libinit$$00000033  c_w.l(libinit2.o)
    0x08000236   0x08000236   0x00000002   Code   RO         5919    .ARM.Collect$$libshutdown$$00000000  c_w.l(libshutdown.o)
    0x08000238   0x08000238   0x00000000   Code   RO         5937    .ARM.Collect$$libshutdown$$00000002  c_w.l(libshutdown2.o)
    0x08000238   0x08000238   0x00000000   Code   RO         5939    .ARM.Collect$$libshutdown$$00000004  c_w.l(libshutdown2.o)
    0x08000238   0x08000238   0x00000000   Code   RO         5941    .ARM.Collect$$libshutdown$$00000006  c_w.l(libshutdown2.o)
    0x08000238   0x08000238   0x00000000   Code   RO         5944    .ARM.Collect$$libshutdown$$00000009  c_w.l(libshutdown2.o)
    0x08000238   0x08000238   0x00000000   Code   RO         5947    .ARM.Collect$$libshutdown$$0000000C  c_w.l(libshutdown2.o)
    0x08000238   0x08000238   0x00000000   Code   RO         5949    .ARM.Collect$$libshutdown$$0000000E  c_w.l(libshutdown2.o)
    0x08000238   0x08000238   0x00000000   Code   RO         5952    .ARM.Collect$$libshutdown$$00000011  c_w.l(libshutdown2.o)
    0x08000238   0x08000238   0x00000002   Code   RO         5953    .ARM.Collect$$libshutdown$$00000012  c_w.l(libshutdown2.o)
    0x0800023a   0x0800023a   0x00000000   Code   RO         5715    .ARM.Collect$$rtentry$$00000000  c_w.l(__rtentry.o)
    0x0800023a   0x0800023a   0x00000000   Code   RO         5741    .ARM.Collect$$rtentry$$00000002  c_w.l(__rtentry2.o)
    0x0800023a   0x0800023a   0x00000006   Code   RO         5753    .ARM.Collect$$rtentry$$00000004  c_w.l(__rtentry4.o)
    0x08000240   0x08000240   0x00000000   Code   RO         5743    .ARM.Collect$$rtentry$$00000009  c_w.l(__rtentry2.o)
    0x08000240   0x08000240   0x00000004   Code   RO         5744    .ARM.Collect$$rtentry$$0000000A  c_w.l(__rtentry2.o)
    0x08000244   0x08000244   0x00000000   Code   RO         5746    .ARM.Collect$$rtentry$$0000000C  c_w.l(__rtentry2.o)
    0x08000244   0x08000244   0x00000008   Code   RO         5747    .ARM.Collect$$rtentry$$0000000D  c_w.l(__rtentry2.o)
    0x0800024c   0x0800024c   0x00000002   Code   RO         5870    .ARM.Collect$$rtexit$$00000000  c_w.l(rtexit.o)
    0x0800024e   0x0800024e   0x00000000   Code   RO         5888    .ARM.Collect$$rtexit$$00000002  c_w.l(rtexit2.o)
    0x0800024e   0x0800024e   0x00000004   Code   RO         5889    .ARM.Collect$$rtexit$$00000003  c_w.l(rtexit2.o)
    0x08000252   0x08000252   0x00000006   Code   RO         5890    .ARM.Collect$$rtexit$$00000004  c_w.l(rtexit2.o)
    0x08000258   0x08000258   0x000000be   Code   RO         5185    .emb_text           port.o
    0x08000316   0x08000316   0x00000002   PAD
    0x08000318   0x08000318   0x00000040   Code   RO            4    .text               startup_stm32f407xx.o
    0x08000358   0x08000358   0x000000ee   Code   RO         5632    .text               c_w.l(lludivv7m.o)
    0x08000446   0x08000446   0x00000002   PAD
    0x08000448   0x08000448   0x00000028   Code   RO         5636    .text               c_w.l(noretval__2sprintf.o)
    0x08000470   0x08000470   0x0000004e   Code   RO         5640    .text               c_w.l(_printf_pad.o)
    0x080004be   0x080004be   0x00000002   PAD
    0x080004c0   0x080004c0   0x00000078   Code   RO         5642    .text               c_w.l(_printf_dec.o)
    0x08000538   0x08000538   0x00000058   Code   RO         5647    .text               c_w.l(_printf_hex_int.o)
    0x08000590   0x08000590   0x00000138   Code   RO         5677    .text               c_w.l(__printf_flags_wp.o)
    0x080006c8   0x080006c8   0x0000003c   Code   RO         5689    .text               c_w.l(__0sscanf.o)
    0x08000704   0x08000704   0x0000014c   Code   RO         5691    .text               c_w.l(_scanf_int.o)
    0x08000850   0x08000850   0x00000024   Code   RO         5693    .text               c_w.l(strstr.o)
    0x08000874   0x08000874   0x0000003e   Code   RO         5695    .text               c_w.l(strlen.o)
    0x080008b2   0x080008b2   0x0000008a   Code   RO         5697    .text               c_w.l(rt_memcpy_v6.o)
    0x0800093c   0x0800093c   0x00000064   Code   RO         5699    .text               c_w.l(rt_memcpy_w.o)
    0x080009a0   0x080009a0   0x00000044   Code   RO         5703    .text               c_w.l(rt_memclr.o)
    0x080009e4   0x080009e4   0x0000004e   Code   RO         5705    .text               c_w.l(rt_memclr_w.o)
    0x08000a32   0x08000a32   0x00000006   Code   RO         5707    .text               c_w.l(heapauxi.o)
    0x08000a38   0x08000a38   0x000000b2   Code   RO         5720    .text               c_w.l(_printf_intcommon.o)
    0x08000aea   0x08000aea   0x0000041e   Code   RO         5722    .text               c_w.l(_printf_fp_dec.o)
    0x08000f08   0x08000f08   0x00000030   Code   RO         5724    .text               c_w.l(_printf_char_common.o)
    0x08000f38   0x08000f38   0x0000000a   Code   RO         5726    .text               c_w.l(_sputc.o)
    0x08000f42   0x08000f42   0x0000001c   Code   RO         5729    .text               c_w.l(_chval.o)
    0x08000f5e   0x08000f5e   0x00000002   PAD
    0x08000f60   0x08000f60   0x0000002c   Code   RO         5731    .text               c_w.l(scanf_char.o)
    0x08000f8c   0x08000f8c   0x00000040   Code   RO         5733    .text               c_w.l(_sgetc.o)
    0x08000fcc   0x08000fcc   0x00000008   Code   RO         5760    .text               c_w.l(rt_locale_intlibspace.o)
    0x08000fd4   0x08000fd4   0x0000008a   Code   RO         5762    .text               c_w.l(lludiv10.o)
    0x0800105e   0x0800105e   0x00000012   Code   RO         5764    .text               c_w.l(isspace.o)
    0x08001070   0x08001070   0x00000080   Code   RO         5766    .text               c_w.l(_printf_fp_infnan.o)
    0x080010f0   0x080010f0   0x00000374   Code   RO         5770    .text               c_w.l(_scanf.o)
    0x08001464   0x08001464   0x000000e4   Code   RO         5772    .text               c_w.l(bigflt0.o)
    0x08001548   0x08001548   0x00000008   Code   RO         5804    .text               c_w.l(libspace.o)
    0x08001550   0x08001550   0x0000004a   Code   RO         5807    .text               c_w.l(sys_stackheap_outer.o)
    0x0800159a   0x0800159a   0x00000002   PAD
    0x0800159c   0x0800159c   0x00000010   Code   RO         5809    .text               c_w.l(rt_ctype_table.o)
    0x080015ac   0x080015ac   0x00000012   Code   RO         5811    .text               c_w.l(exit.o)
    0x080015be   0x080015be   0x00000002   PAD
    0x080015c0   0x080015c0   0x00000080   Code   RO         5817    .text               c_w.l(strcmpv7m.o)
    0x08001640   0x08001640   0x0000000c   Code   RO         5885    .text               c_w.l(sys_exit.o)
    0x0800164c   0x0800164c   0x00000002   Code   RO         5906    .text               c_w.l(use_no_semi.o)
    0x0800164e   0x0800164e   0x00000000   Code   RO         5908    .text               c_w.l(indicate_semi.o)
    0x0800164e   0x0800164e   0x0000003e   Code   RO         5775    CL$$btod_d2e        c_w.l(btod.o)
    0x0800168c   0x0800168c   0x00000046   Code   RO         5777    CL$$btod_d2e_denorm_low  c_w.l(btod.o)
    0x080016d2   0x080016d2   0x00000060   Code   RO         5776    CL$$btod_d2e_norm_op1  c_w.l(btod.o)
    0x08001732   0x08001732   0x00000338   Code   RO         5785    CL$$btod_div_common  c_w.l(btod.o)
    0x08001a6a   0x08001a6a   0x000000dc   Code   RO         5782    CL$$btod_e2e        c_w.l(btod.o)
    0x08001b46   0x08001b46   0x0000002a   Code   RO         5779    CL$$btod_ediv       c_w.l(btod.o)
    0x08001b70   0x08001b70   0x0000002a   Code   RO         5778    CL$$btod_emul       c_w.l(btod.o)
    0x08001b9a   0x08001b9a   0x00000244   Code   RO         5784    CL$$btod_mult_common  c_w.l(btod.o)
    0x08001dde   0x08001dde   0x00000002   PAD
    0x08001de0   0x08001de0   0x0000001c   Code   RO         5516    i.BSP_EEPROM_Read   bsp_eeprom.o
    0x08001dfc   0x08001dfc   0x00000024   Code   RO         5517    i.BSP_EEPROM_Write  bsp_eeprom.o
    0x08001e20   0x08001e20   0x00000058   Code   RO         5448    i.BSP_HTC2K_Init    bsp_htc_2k.o
    0x08001e78   0x08001e78   0x00000068   Code   RO         5449    i.BSP_HTC2K_ReadKeys  bsp_htc_2k.o
    0x08001ee0   0x08001ee0   0x000000fc   Code   RO         5450    i.BSP_HTC2K_ShowTemp  bsp_htc_2k.o
    0x08001fdc   0x08001fdc   0x0000000c   Code   RO         5412    i.BSP_LED0_Toggle   bsp_led.o
    0x08001fe8   0x08001fe8   0x00000010   Code   RO         5413    i.BSP_LED1_Toggle   bsp_led.o
    0x08001ff8   0x08001ff8   0x00000034   Code   RO         5518    i.BSP_Log_Add       bsp_eeprom.o
    0x0800202c   0x0800202c   0x0000000c   Code   RO         5519    i.BSP_Log_Get_Current_Index  bsp_eeprom.o
    0x08002038   0x08002038   0x0000002c   Code   RO         5520    i.BSP_Log_Init      bsp_eeprom.o
    0x08002064   0x08002064   0x00000010   Code   RO         5521    i.BSP_Log_Read_By_Index  bsp_eeprom.o
    0x08002074   0x08002074   0x00000010   Code   RO         5571    i.BSP_RS485_Init    bsp_rs485.o
    0x08002084   0x08002084   0x0000003c   Code   RO         5572    i.BSP_RS485_SendString  bsp_rs485.o
    0x080020c0   0x080020c0   0x00000002   Code   RO          478    i.BusFault_Handler  stm32f4xx_it.o
    0x080020c2   0x080020c2   0x00000002   PAD
    0x080020c4   0x080020c4   0x0000000c   Code   RO          479    i.DMA1_Stream2_IRQHandler  stm32f4xx_it.o
    0x080020d0   0x080020d0   0x0000000c   Code   RO          480    i.DMA1_Stream4_IRQHandler  stm32f4xx_it.o
    0x080020dc   0x080020dc   0x00000028   Code   RO         1082    i.DMA_CalcBaseAndBitshift  stm32f4xx_hal_dma.o
    0x08002104   0x08002104   0x00000054   Code   RO         1083    i.DMA_CheckFifoParam  stm32f4xx_hal_dma.o
    0x08002158   0x08002158   0x00000002   Code   RO          481    i.DebugMon_Handler  stm32f4xx_it.o
    0x0800215a   0x0800215a   0x00000004   Code   RO           13    i.Error_Handler     main.o
    0x0800215e   0x0800215e   0x00000092   Code   RO         1085    i.HAL_DMA_Abort     stm32f4xx_hal_dma.o
    0x080021f0   0x080021f0   0x00000024   Code   RO         1086    i.HAL_DMA_Abort_IT  stm32f4xx_hal_dma.o
    0x08002214   0x08002214   0x000001a0   Code   RO         1090    i.HAL_DMA_IRQHandler  stm32f4xx_hal_dma.o
    0x080023b4   0x080023b4   0x000000d4   Code   RO         1091    i.HAL_DMA_Init      stm32f4xx_hal_dma.o
    0x08002488   0x08002488   0x000001f0   Code   RO          978    i.HAL_GPIO_Init     stm32f4xx_hal_gpio.o
    0x08002678   0x08002678   0x0000000a   Code   RO          980    i.HAL_GPIO_ReadPin  stm32f4xx_hal_gpio.o
    0x08002682   0x08002682   0x00000010   Code   RO          981    i.HAL_GPIO_TogglePin  stm32f4xx_hal_gpio.o
    0x08002692   0x08002692   0x0000000a   Code   RO          982    i.HAL_GPIO_WritePin  stm32f4xx_hal_gpio.o
    0x0800269c   0x0800269c   0x0000000c   Code   RO         1510    i.HAL_GetTick       stm32f4xx_hal.o
    0x080026a8   0x080026a8   0x00000188   Code   RO         1766    i.HAL_I2C_Init      stm32f4xx_hal_i2c.o
    0x08002830   0x08002830   0x000001f8   Code   RO         1784    i.HAL_I2C_Mem_Read  stm32f4xx_hal_i2c.o
    0x08002a28   0x08002a28   0x00000130   Code   RO         1787    i.HAL_I2C_Mem_Write  stm32f4xx_hal_i2c.o
    0x08002b58   0x08002b58   0x0000006c   Code   RO          353    i.HAL_I2C_MspInit   i2c.o
    0x08002bc4   0x08002bc4   0x00000010   Code   RO         1516    i.HAL_IncTick       stm32f4xx_hal.o
    0x08002bd4   0x08002bd4   0x00000034   Code   RO         1517    i.HAL_Init          stm32f4xx_hal.o
    0x08002c08   0x08002c08   0x00000074   Code   RO          584    i.HAL_InitTick      stm32f4xx_hal_timebase_tim.o
    0x08002c7c   0x08002c7c   0x00000038   Code   RO          560    i.HAL_MspInit       stm32f4xx_hal_msp.o
    0x08002cb4   0x08002cb4   0x0000001a   Code   RO         1367    i.HAL_NVIC_EnableIRQ  stm32f4xx_hal_cortex.o
    0x08002cce   0x08002cce   0x00000002   PAD
    0x08002cd0   0x08002cd0   0x00000040   Code   RO         1373    i.HAL_NVIC_SetPriority  stm32f4xx_hal_cortex.o
    0x08002d10   0x08002d10   0x00000024   Code   RO         1374    i.HAL_NVIC_SetPriorityGrouping  stm32f4xx_hal_cortex.o
    0x08002d34   0x08002d34   0x0000013c   Code   RO          729    i.HAL_RCCEx_PeriphCLKConfig  stm32f4xx_hal_rcc_ex.o
    0x08002e70   0x08002e70   0x00000134   Code   RO          624    i.HAL_RCC_ClockConfig  stm32f4xx_hal_rcc.o
    0x08002fa4   0x08002fa4   0x00000040   Code   RO          628    i.HAL_RCC_GetClockConfig  stm32f4xx_hal_rcc.o
    0x08002fe4   0x08002fe4   0x00000020   Code   RO          631    i.HAL_RCC_GetPCLK1Freq  stm32f4xx_hal_rcc.o
    0x08003004   0x08003004   0x00000020   Code   RO          632    i.HAL_RCC_GetPCLK2Freq  stm32f4xx_hal_rcc.o
    0x08003024   0x08003024   0x00000060   Code   RO          633    i.HAL_RCC_GetSysClockFreq  stm32f4xx_hal_rcc.o
    0x08003084   0x08003084   0x0000036c   Code   RO          636    i.HAL_RCC_OscConfig  stm32f4xx_hal_rcc.o
    0x080033f0   0x080033f0   0x0000000a   Code   RO         2373    i.HAL_RTCEx_BKUPRead  stm32f4xx_hal_rtc_ex.o
    0x080033fa   0x080033fa   0x0000000a   Code   RO         2374    i.HAL_RTCEx_BKUPWrite  stm32f4xx_hal_rtc_ex.o
    0x08003404   0x08003404   0x00000044   Code   RO         2215    i.HAL_RTC_GetDate   stm32f4xx_hal_rtc.o
    0x08003448   0x08003448   0x00000058   Code   RO         2217    i.HAL_RTC_GetTime   stm32f4xx_hal_rtc.o
    0x080034a0   0x080034a0   0x000000ac   Code   RO         2218    i.HAL_RTC_Init      stm32f4xx_hal_rtc.o
    0x0800354c   0x0800354c   0x00000038   Code   RO          395    i.HAL_RTC_MspInit   rtc.o
    0x08003584   0x08003584   0x000000c8   Code   RO         2224    i.HAL_RTC_SetDate   stm32f4xx_hal_rtc.o
    0x0800364c   0x0800364c   0x000000ec   Code   RO         2225    i.HAL_RTC_SetTime   stm32f4xx_hal_rtc.o
    0x08003738   0x08003738   0x00000036   Code   RO         2226    i.HAL_RTC_WaitForSynchro  stm32f4xx_hal_rtc.o
    0x0800376e   0x0800376e   0x00000002   Code   RO         3306    i.HAL_TIMEx_BreakCallback  stm32f4xx_hal_tim_ex.o
    0x08003770   0x08003770   0x00000002   Code   RO         3307    i.HAL_TIMEx_CommutCallback  stm32f4xx_hal_tim_ex.o
    0x08003772   0x08003772   0x0000005a   Code   RO         2602    i.HAL_TIM_Base_Init  stm32f4xx_hal_tim.o
    0x080037cc   0x080037cc   0x00000002   Code   RO         2604    i.HAL_TIM_Base_MspInit  stm32f4xx_hal_tim.o
    0x080037ce   0x080037ce   0x00000002   PAD
    0x080037d0   0x080037d0   0x00000080   Code   RO         2607    i.HAL_TIM_Base_Start_IT  stm32f4xx_hal_tim.o
    0x08003850   0x08003850   0x00000002   Code   RO         2636    i.HAL_TIM_IC_CaptureCallback  stm32f4xx_hal_tim.o
    0x08003852   0x08003852   0x00000166   Code   RO         2650    i.HAL_TIM_IRQHandler  stm32f4xx_hal_tim.o
    0x080039b8   0x080039b8   0x00000002   Code   RO         2653    i.HAL_TIM_OC_DelayElapsedCallback  stm32f4xx_hal_tim.o
    0x080039ba   0x080039ba   0x00000002   Code   RO         2680    i.HAL_TIM_PWM_PulseFinishedCallback  stm32f4xx_hal_tim.o
    0x080039bc   0x080039bc   0x00000014   Code   RO           14    i.HAL_TIM_PeriodElapsedCallback  main.o
    0x080039d0   0x080039d0   0x00000002   Code   RO         2693    i.HAL_TIM_TriggerCallback  stm32f4xx_hal_tim.o
    0x080039d2   0x080039d2   0x00000002   Code   RO         3584    i.HAL_UARTEx_RxEventCallback  stm32f4xx_hal_uart.o
    0x080039d4   0x080039d4   0x00000002   Code   RO         3598    i.HAL_UART_ErrorCallback  stm32f4xx_hal_uart.o
    0x080039d6   0x080039d6   0x00000002   PAD
    0x080039d8   0x080039d8   0x00000268   Code   RO         3601    i.HAL_UART_IRQHandler  stm32f4xx_hal_uart.o
    0x08003c40   0x08003c40   0x00000062   Code   RO         3602    i.HAL_UART_Init     stm32f4xx_hal_uart.o
    0x08003ca2   0x08003ca2   0x00000002   PAD
    0x08003ca4   0x08003ca4   0x000000e4   Code   RO          437    i.HAL_UART_MspInit  usart.o
    0x08003d88   0x08003d88   0x0000002a   Code   RO         3607    i.HAL_UART_Receive_IT  stm32f4xx_hal_uart.o
    0x08003db2   0x08003db2   0x00000002   PAD
    0x08003db4   0x08003db4   0x0000004c   Code   RO         5323    i.HAL_UART_RxCpltCallback  task_rs485_log.o
    0x08003e00   0x08003e00   0x000000b2   Code   RO         3610    i.HAL_UART_Transmit  stm32f4xx_hal_uart.o
    0x08003eb2   0x08003eb2   0x00000002   Code   RO         3613    i.HAL_UART_TxCpltCallback  stm32f4xx_hal_uart.o
    0x08003eb4   0x08003eb4   0x00000020   Code   RO         5451    i.HTC_DelayUs       bsp_htc_2k.o
    0x08003ed4   0x08003ed4   0x00000002   Code   RO          482    i.HardFault_Handler  stm32f4xx_it.o
    0x08003ed6   0x08003ed6   0x0000002e   Code   RO         1808    i.I2C_IsAcknowledgeFailed  stm32f4xx_hal_i2c.o
    0x08003f04   0x08003f04   0x000000fc   Code   RO         1818    i.I2C_RequestMemoryRead  stm32f4xx_hal_i2c.o
    0x08004000   0x08004000   0x000000a8   Code   RO         1819    i.I2C_RequestMemoryWrite  stm32f4xx_hal_i2c.o
    0x080040a8   0x080040a8   0x0000004c   Code   RO         1823    i.I2C_WaitOnBTFFlagUntilTimeout  stm32f4xx_hal_i2c.o
    0x080040f4   0x080040f4   0x00000068   Code   RO         1824    i.I2C_WaitOnFlagUntilTimeout  stm32f4xx_hal_i2c.o
    0x0800415c   0x0800415c   0x00000096   Code   RO         1825    i.I2C_WaitOnMasterAddressFlagUntilTimeout  stm32f4xx_hal_i2c.o
    0x080041f2   0x080041f2   0x00000066   Code   RO         1826    i.I2C_WaitOnRXNEFlagUntilTimeout  stm32f4xx_hal_i2c.o
    0x08004258   0x08004258   0x0000004c   Code   RO         1827    i.I2C_WaitOnTXEFlagUntilTimeout  stm32f4xx_hal_i2c.o
    0x080042a4   0x080042a4   0x0000003c   Code   RO          328    i.MX_DMA_Init       dma.o
    0x080042e0   0x080042e0   0x00000090   Code   RO          248    i.MX_FREERTOS_Init  freertos.o
    0x08004370   0x08004370   0x000000dc   Code   RO          224    i.MX_GPIO_Init      gpio.o
    0x0800444c   0x0800444c   0x00000040   Code   RO          354    i.MX_I2C1_Init      i2c.o
    0x0800448c   0x0800448c   0x000000a4   Code   RO          396    i.MX_RTC_Init       rtc.o
    0x08004530   0x08004530   0x00000038   Code   RO          438    i.MX_UART4_Init     usart.o
    0x08004568   0x08004568   0x00000002   Code   RO          483    i.MemManage_Handler  stm32f4xx_it.o
    0x0800456a   0x0800456a   0x00000002   Code   RO          484    i.NMI_Handler       stm32f4xx_it.o
    0x0800456c   0x0800456c   0x00000012   Code   RO         2227    i.RTC_Bcd2ToByte    stm32f4xx_hal_rtc.o
    0x0800457e   0x0800457e   0x00000016   Code   RO         2228    i.RTC_ByteToBcd2    stm32f4xx_hal_rtc.o
    0x08004594   0x08004594   0x0000003a   Code   RO         2229    i.RTC_EnterInitMode  stm32f4xx_hal_rtc.o
    0x080045ce   0x080045ce   0x0000000c   Code   RO          249    i.StartTask03       freertos.o
    0x080045da   0x080045da   0x0000000c   Code   RO          250    i.StartTask_LED     freertos.o
    0x080045e6   0x080045e6   0x0000000c   Code   RO          251    i.StartTask_RS485   freertos.o
    0x080045f2   0x080045f2   0x0000000c   Code   RO          252    i.StartTask_XKC     freertos.o
    0x080045fe   0x080045fe   0x00000002   PAD
    0x08004600   0x08004600   0x00000040   Code   RO         5599    i.SysState_GetSensor  sys_state.o
    0x08004640   0x08004640   0x00000024   Code   RO         5600    i.SysState_Init     sys_state.o
    0x08004664   0x08004664   0x00000040   Code   RO         5601    i.SysState_UpdateSensor  sys_state.o
    0x080046a4   0x080046a4   0x0000002c   Code   RO         5186    i.SysTick_Handler   port.o
    0x080046d0   0x080046d0   0x00000098   Code   RO           15    i.SystemClock_Config  main.o
    0x08004768   0x08004768   0x00000010   Code   RO         3931    i.SystemInit        system_stm32f4xx.o
    0x08004778   0x08004778   0x00000098   Code   RO         5324    i.System_Record_Fault  task_rs485_log.o
    0x08004810   0x08004810   0x0000000c   Code   RO          485    i.TIM6_DAC_IRQHandler  stm32f4xx_it.o
    0x0800481c   0x0800481c   0x000000c8   Code   RO         2695    i.TIM_Base_SetConfig  stm32f4xx_hal_tim.o
    0x080048e4   0x080048e4   0x00000038   Code   RO         5452    i.TM1637_Ask        bsp_htc_2k.o
    0x0800491c   0x0800491c   0x00000040   Code   RO         5453    i.TM1637_Start      bsp_htc_2k.o
    0x0800495c   0x0800495c   0x00000048   Code   RO         5454    i.TM1637_Stop       bsp_htc_2k.o
    0x080049a4   0x080049a4   0x0000004c   Code   RO         5455    i.TM1637_Write_Byte  bsp_htc_2k.o
    0x080049f0   0x080049f0   0x0000002c   Code   RO         5296    i.Task_LED_Process  task_led.o
    0x08004a1c   0x08004a1c   0x000000f4   Code   RO         5265    i.Task_Panel_Process  task_panel.o
    0x08004b10   0x08004b10   0x00000354   Code   RO         5325    i.Task_RS485Log_Process  task_rs485_log.o
    0x08004e64   0x08004e64   0x000000b8   Code   RO         5388    i.Task_XKC_Y20_V_Process  task_xkc_y20_v.o
    0x08004f1c   0x08004f1c   0x0000000c   Code   RO          486    i.UART4_IRQHandler  stm32f4xx_it.o
    0x08004f28   0x08004f28   0x00000010   Code   RO         3615    i.UART_DMAAbortOnError  stm32f4xx_hal_uart.o
    0x08004f38   0x08004f38   0x0000004e   Code   RO         3625    i.UART_EndRxTransfer  stm32f4xx_hal_uart.o
    0x08004f86   0x08004f86   0x000000c0   Code   RO         3627    i.UART_Receive_IT   stm32f4xx_hal_uart.o
    0x08005046   0x08005046   0x00000002   PAD
    0x08005048   0x08005048   0x0000010c   Code   RO         3628    i.UART_SetConfig    stm32f4xx_hal_uart.o
    0x08005154   0x08005154   0x00000036   Code   RO         3630    i.UART_Start_Receive_IT  stm32f4xx_hal_uart.o
    0x0800518a   0x0800518a   0x00000078   Code   RO         3631    i.UART_WaitOnFlagUntilTimeout  stm32f4xx_hal_uart.o
    0x08005202   0x08005202   0x00000002   Code   RO          487    i.UsageFault_Handler  stm32f4xx_it.o
    0x08005204   0x08005204   0x00000030   Code   RO         5802    i.__ARM_fpclassify  m_wm.l(fpclassify.o)
    0x08005234   0x08005234   0x00000020   Code   RO         1380    i.__NVIC_SetPriority  stm32f4xx_hal_cortex.o
    0x08005254   0x08005254   0x0000000e   Code   RO         5675    i._is_digit         c_w.l(__printf_wp.o)
    0x08005262   0x08005262   0x0000000c   Code   RO         4749    i.inHandlerMode     cmsis_os.o
    0x0800526e   0x0800526e   0x00000026   Code   RO           16    i.main              main.o
    0x08005294   0x08005294   0x0000000c   Code   RO         4751    i.makeFreeRtosPriority  cmsis_os.o
    0x080052a0   0x080052a0   0x0000000e   Code   RO         4753    i.osDelay           cmsis_os.o
    0x080052ae   0x080052ae   0x0000000a   Code   RO         4756    i.osKernelStart     cmsis_os.o
    0x080052b8   0x080052b8   0x00000026   Code   RO         4765    i.osMessageCreate   cmsis_os.o
    0x080052de   0x080052de   0x00000010   Code   RO         4771    i.osMutexCreate     cmsis_os.o
    0x080052ee   0x080052ee   0x00000002   PAD
    0x080052f0   0x080052f0   0x00000050   Code   RO         4773    i.osMutexRelease    cmsis_os.o
    0x08005340   0x08005340   0x00000064   Code   RO         4774    i.osMutexWait       cmsis_os.o
    0x080053a4   0x080053a4   0x00000054   Code   RO         4790    i.osThreadCreate    cmsis_os.o
    0x080053f8   0x080053f8   0x00000070   Code   RO         4433    i.prvAddCurrentTaskToDelayedList  tasks.o
    0x08005468   0x08005468   0x000000d0   Code   RO         4434    i.prvAddNewTaskToReadyList  tasks.o
    0x08005538   0x08005538   0x00000026   Code   RO         4109    i.prvCopyDataFromQueue  queue.o
    0x0800555e   0x0800555e   0x0000006c   Code   RO         4110    i.prvCopyDataToQueue  queue.o
    0x080055ca   0x080055ca   0x00000034   Code   RO         4435    i.prvDeleteTCB      tasks.o
    0x080055fe   0x080055fe   0x00000002   PAD
    0x08005600   0x08005600   0x0000004c   Code   RO         5118    i.prvHeapInit       heap_4.o
    0x0800564c   0x0800564c   0x00000060   Code   RO         4436    i.prvIdleTask       tasks.o
    0x080056ac   0x080056ac   0x00000016   Code   RO         4111    i.prvInitialiseMutex  queue.o
    0x080056c2   0x080056c2   0x00000016   Code   RO         4112    i.prvInitialiseNewQueue  queue.o
    0x080056d8   0x080056d8   0x00000098   Code   RO         4437    i.prvInitialiseNewTask  tasks.o
    0x08005770   0x08005770   0x0000004c   Code   RO         5119    i.prvInsertBlockIntoFreeList  heap_4.o
    0x080057bc   0x080057bc   0x0000001c   Code   RO         4113    i.prvIsQueueEmpty   queue.o
    0x080057d8   0x080057d8   0x00000020   Code   RO         4438    i.prvResetNextTaskUnblockTime  tasks.o
    0x080057f8   0x080057f8   0x00000028   Code   RO         5187    i.prvTaskExitError  port.o
    0x08005820   0x08005820   0x0000006a   Code   RO         4114    i.prvUnlockQueue    queue.o
    0x0800588a   0x0800588a   0x00000002   PAD
    0x0800588c   0x0800588c   0x000000dc   Code   RO         5120    i.pvPortMalloc      heap_4.o
    0x08005968   0x08005968   0x00000018   Code   RO         4440    i.pvTaskIncrementMutexHeldCount  tasks.o
    0x08005980   0x08005980   0x0000002c   Code   RO         5188    i.pxPortInitialiseStack  port.o
    0x080059ac   0x080059ac   0x00000026   Code   RO         4069    i.uxListRemove      list.o
    0x080059d2   0x080059d2   0x00000002   PAD
    0x080059d4   0x080059d4   0x00000014   Code   RO          253    i.vApplicationGetIdleTaskMemory  freertos.o
    0x080059e8   0x080059e8   0x00000016   Code   RO         4070    i.vListInitialise   list.o
    0x080059fe   0x080059fe   0x00000006   Code   RO         4071    i.vListInitialiseItem  list.o
    0x08005a04   0x08005a04   0x00000030   Code   RO         4072    i.vListInsert       list.o
    0x08005a34   0x08005a34   0x00000018   Code   RO         4073    i.vListInsertEnd    list.o
    0x08005a4c   0x08005a4c   0x00000040   Code   RO         5190    i.vPortEnterCritical  port.o
    0x08005a8c   0x08005a8c   0x00000028   Code   RO         5191    i.vPortExitCritical  port.o
    0x08005ab4   0x08005ab4   0x00000064   Code   RO         5121    i.vPortFree         heap_4.o
    0x08005b18   0x08005b18   0x00000024   Code   RO         5192    i.vPortSetupTimerInterrupt  port.o
    0x08005b3c   0x08005b3c   0x00000054   Code   RO         5193    i.vPortValidateInterruptPriority  port.o
    0x08005b90   0x08005b90   0x0000004c   Code   RO         4447    i.vTaskDelay        tasks.o
    0x08005bdc   0x08005bdc   0x00000010   Code   RO         4450    i.vTaskInternalSetTimeOutState  tasks.o
    0x08005bec   0x08005bec   0x0000000c   Code   RO         4451    i.vTaskMissedYield  tasks.o
    0x08005bf8   0x08005bf8   0x00000030   Code   RO         4453    i.vTaskPlaceOnEventList  tasks.o
    0x08005c28   0x08005c28   0x000000a0   Code   RO         4455    i.vTaskPriorityDisinheritAfterTimeout  tasks.o
    0x08005cc8   0x08005cc8   0x0000006c   Code   RO         4460    i.vTaskStartScheduler  tasks.o
    0x08005d34   0x08005d34   0x00000010   Code   RO         4462    i.vTaskSuspendAll   tasks.o
    0x08005d44   0x08005d44   0x0000005c   Code   RO         4463    i.vTaskSwitchContext  tasks.o
    0x08005da0   0x08005da0   0x0000001c   Code   RO         3979    i.xEventGroupCreate  event_groups.o
    0x08005dbc   0x08005dbc   0x000000f4   Code   RO         5194    i.xPortStartScheduler  port.o
    0x08005eb0   0x08005eb0   0x00000016   Code   RO         4121    i.xQueueCreateMutex  queue.o
    0x08005ec6   0x08005ec6   0x0000001a   Code   RO         4122    i.xQueueCreateMutexStatic  queue.o
    0x08005ee0   0x08005ee0   0x00000042   Code   RO         4123    i.xQueueGenericCreate  queue.o
    0x08005f22   0x08005f22   0x00000066   Code   RO         4124    i.xQueueGenericCreateStatic  queue.o
    0x08005f88   0x08005f88   0x00000088   Code   RO         4125    i.xQueueGenericReset  queue.o
    0x08006010   0x08006010   0x00000160   Code   RO         4126    i.xQueueGenericSend  queue.o
    0x08006170   0x08006170   0x0000009c   Code   RO         4128    i.xQueueGiveFromISR  queue.o
    0x0800620c   0x0800620c   0x0000009a   Code   RO         4134    i.xQueueReceiveFromISR  queue.o
    0x080062a6   0x080062a6   0x00000002   PAD
    0x080062a8   0x080062a8   0x00000178   Code   RO         4135    i.xQueueSemaphoreTake  queue.o
    0x08006420   0x08006420   0x00000074   Code   RO         4465    i.xTaskCheckForTimeOut  tasks.o
    0x08006494   0x08006494   0x0000005a   Code   RO         4466    i.xTaskCreate       tasks.o
    0x080064ee   0x080064ee   0x00000056   Code   RO         4467    i.xTaskCreateStatic  tasks.o
    0x08006544   0x08006544   0x0000001c   Code   RO         4471    i.xTaskGetSchedulerState  tasks.o
    0x08006560   0x08006560   0x000000cc   Code   RO         4474    i.xTaskIncrementTick  tasks.o
    0x0800662c   0x0800662c   0x00000098   Code   RO         4477    i.xTaskPriorityDisinherit  tasks.o
    0x080066c4   0x080066c4   0x0000008c   Code   RO         4478    i.xTaskPriorityInherit  tasks.o
    0x08006750   0x08006750   0x00000074   Code   RO         4479    i.xTaskRemoveFromEventList  tasks.o
    0x080067c4   0x080067c4   0x000000c4   Code   RO         4480    i.xTaskResumeAll    tasks.o
    0x08006888   0x08006888   0x0000002c   Code   RO         5798    locale$$code        c_w.l(lc_numeric_c.o)
    0x080068b4   0x080068b4   0x0000002c   Code   RO         5875    locale$$code        c_w.l(lc_ctype_c.o)
    0x080068e0   0x080068e0   0x0000000c   Code   RO         5735    x$fpl$dretinf       fz_wm.l(dretinf.o)
    0x080068ec   0x080068ec   0x00000056   Code   RO         5711    x$fpl$f2d           fz_wm.l(f2d.o)
    0x08006942   0x08006942   0x0000008c   Code   RO         5737    x$fpl$fnaninf       fz_wm.l(fnaninf.o)
    0x080069ce   0x080069ce   0x0000000a   Code   RO         5883    x$fpl$fpinit        fz_wm.l(fpinit.o)
    0x080069d8   0x080069d8   0x00000004   Code   RO         5713    x$fpl$printf1       fz_wm.l(printf1.o)
    0x080069dc   0x080069dc   0x00000000   Code   RO         5739    x$fpl$usenofp       fz_wm.l(usenofp.o)
    0x080069dc   0x080069dc   0x00000080   Data   RO          255    .constdata          freertos.o
    0x08006a5c   0x08006a5c   0x00000008   Data   RO         1097    .constdata          stm32f4xx_hal_dma.o
    0x08006a64   0x08006a64   0x00000010   Data   RO         3932    .constdata          system_stm32f4xx.o
    0x08006a74   0x08006a74   0x00000008   Data   RO         3933    .constdata          system_stm32f4xx.o
    0x08006a7c   0x08006a7c   0x00000019   Data   RO         5456    .constdata          bsp_htc_2k.o
    0x08006a95   0x08006a95   0x00000028   Data   RO         5648    .constdata          c_w.l(_printf_hex_int.o)
    0x08006abd   0x08006abd   0x00000011   Data   RO         5678    .constdata          c_w.l(__printf_flags_wp.o)
    0x08006ace   0x08006ace   0x00000002   PAD
    0x08006ad0   0x08006ad0   0x00000094   Data   RO         5773    .constdata          c_w.l(bigflt0.o)
    0x08006b64   0x08006b64   0x0000002e   Data   RO          256    .conststring        freertos.o
    0x08006b92   0x08006b92   0x00000002   PAD
    0x08006b94   0x08006b94   0x00000050   Data   RO         5327    .conststring        task_rs485_log.o
    0x08006be4   0x08006be4   0x00000020   Data   RO         5954    Region$$Table       anon$$obj.o
    0x08006c04   0x08006c04   0x0000001c   Data   RO         5797    locale$$data        c_w.l(lc_numeric_c.o)
    0x08006c20   0x08006c20   0x00000110   Data   RO         5874    locale$$data        c_w.l(lc_ctype_c.o)


    Execution Region RW_IRAM2 (Exec base: 0x10000000, Load base: 0x08006ddc, Size: 0x00000000, Max: 0x00010000, ABSOLUTE)

    **** No section assigned to this execution region ****


    Execution Region RW_IRAM1 (Exec base: 0x20000000, Load base: 0x08006d30, Size: 0x000048a8, Max: 0x00020000, ABSOLUTE)

    Exec Addr    Load Addr    Size         Type   Attr      Idx    E Section Name        Object

    0x20000000   0x08006d30   0x00000018   Data   RW          257    .data               freertos.o
    0x20000018   0x08006d48   0x0000000c   Data   RW         1524    .data               stm32f4xx_hal.o
    0x20000024   0x08006d54   0x00000004   Data   RW         3934    .data               system_stm32f4xx.o
    0x20000028   0x08006d58   0x0000003c   Data   RW         4483    .data               tasks.o
    0x20000064   0x08006d94   0x00000020   Data   RW         5127    .data               heap_4.o
    0x20000084   0x08006db4   0x0000000c   Data   RW         5195    .data               port.o
    0x20000090   0x08006dc0   0x0000000c   Data   RW         5266    .data               task_panel.o
    0x2000009c   0x08006dcc   0x00000004   Data   RW         5328    .data               task_rs485_log.o
    0x200000a0   0x08006dd0   0x00000001   Data   RW         5457    .data               bsp_htc_2k.o
    0x200000a1   0x08006dd1   0x00000001   Data   RW         5522    .data               bsp_eeprom.o
    0x200000a2   0x08006dd2   0x00000002   PAD
    0x200000a4   0x08006dd4   0x00000008   Data   RW         5603    .data               sys_state.o
    0x200000ac        -       0x00000254   Zero   RW          254    .bss                freertos.o
    0x20000300        -       0x00000054   Zero   RW          355    .bss                i2c.o
    0x20000354        -       0x00000020   Zero   RW          397    .bss                rtc.o
    0x20000374        -       0x00000104   Zero   RW          439    .bss                usart.o
    0x20000478        -       0x00000048   Zero   RW          587    .bss                stm32f4xx_hal_timebase_tim.o
    0x200004c0        -       0x000000f0   Zero   RW         4482    .bss                tasks.o
    0x200005b0        -       0x00003c00   Zero   RW         5126    .bss                heap_4.o
    0x200041b0        -       0x00000080   Zero   RW         5326    .bss                task_rs485_log.o
    0x20004230        -       0x00000018   Zero   RW         5602    .bss                sys_state.o
    0x20004248        -       0x00000060   Zero   RW         5805    .bss                c_w.l(libspace.o)
    0x200042a8        -       0x00000200   Zero   RW            2    HEAP                startup_stm32f407xx.o
    0x200044a8        -       0x00000400   Zero   RW            1    STACK               startup_stm32f407xx.o


==============================================================================

Image component sizes


      Code (inc. data)   RO Data    RW Data    ZI Data      Debug   Object Name

       188         26          0          1          0       4050   bsp_eeprom.o
       744         68         25          1          0       6354   bsp_htc_2k.o
        28         10          0          0          0        908   bsp_led.o
        76         12          0          0          0       1036   bsp_rs485.o
       366         10          0          0          0      32054   cmsis_os.o
        60          4          0          0          0        798   dma.o
        28          0          0          0          0      22600   event_groups.o
       212         14        174         24        596       4667   freertos.o
       220         18          0          0          0       1075   gpio.o
       472         24          0         32      15360       7467   heap_4.o
       172         28          0          0         84       1709   i2c.o
       138          0          0          0          0       3594   list.o
       214         14          0          0          0     757644   main.o
       786         82          0         12          0      11949   port.o
      1714         14          0          0          0      20126   queue.o
       220         18          0          0         32       1691   rtc.o
        64         26        392          0       1536        852   startup_stm32f407xx.o
        80         14          0         12          0       8130   stm32f4xx_hal.o
       158         14          0          0          0      33198   stm32f4xx_hal_cortex.o
       934         16          8          0          0       5667   stm32f4xx_hal_dma.o
       532         46          0          0          0       3536   stm32f4xx_hal_gpio.o
      2174         52          0          0          0      13054   stm32f4xx_hal_i2c.o
        56          4          0          0          0        882   stm32f4xx_hal_msp.o
      1408         82          0          0          0       5953   stm32f4xx_hal_rcc.o
       316         20          0          0          0       1408   stm32f4xx_hal_rcc_ex.o
       916         30          0          0          0       7584   stm32f4xx_hal_rtc.o
        20          0          0          0          0       1747   stm32f4xx_hal_rtc_ex.o
       786         72          0          0          0       7428   stm32f4xx_hal_tim.o
         4          0          0          0          0       1621   stm32f4xx_hal_tim_ex.o
       116         16          0          0         72       1443   stm32f4xx_hal_timebase_tim.o
      1668         16          0          0          0      11472   stm32f4xx_hal_uart.o
        60         24          0          0          0       4762   stm32f4xx_it.o
         0          0          0          0          0        388   stream_buffer.o
       164         22          0          8         24       3005   sys_state.o
        16          4         24          4          0       1151   system_stm32f4xx.o
        44          0          0          0          0        575   task_led.o
       244         16          0         12          0       1073   task_panel.o
      1080        358         80          4        128       5869   task_rs485_log.o
       184        104          0          0          0        781   task_xkc_y20_v.o
      2332        174          0         60        240      27931   tasks.o
       284         28          0          0        260       1920   usart.o

    ----------------------------------------------------------------------
     19306       1480        737        172      18332    1029152   Object Totals
         0          0         32          0          0          0   (incl. Generated)
        28          0          2          2          0          0   (incl. Padding)

    ----------------------------------------------------------------------

      Code (inc. data)   RO Data    RW Data    ZI Data      Debug   Library Member Name

        60          8          0          0          0         84   __0sscanf.o
         8          0          0          0          0         68   __main.o
       312          4         17          0          0         92   __printf_flags_wp.o
        14          0          0          0          0         68   __printf_wp.o
         0          0          0          0          0          0   __rtentry.o
        12          0          0          0          0          0   __rtentry2.o
         6          0          0          0          0          0   __rtentry4.o
        52          8          0          0          0          0   __scatter.o
        26          0          0          0          0          0   __scatter_copy.o
        28          0          0          0          0          0   __scatter_zi.o
        28          0          0          0          0         68   _chval.o
        48          6          0          0          0         96   _printf_char_common.o
         6          0          0          0          0          0   _printf_d.o
       120         16          0          0          0         92   _printf_dec.o
         6          0          0          0          0          0   _printf_f.o
      1054          0          0          0          0        216   _printf_fp_dec.o
       128         16          0          0          0         84   _printf_fp_infnan.o
        88          4         40          0          0         88   _printf_hex_int.o
       178          0          0          0          0         88   _printf_intcommon.o
        78          0          0          0          0        108   _printf_pad.o
         0          0          0          0          0          0   _printf_percent.o
         4          0          0          0          0          0   _printf_percent_end.o
         6          0          0          0          0          0   _printf_x.o
       884          4          0          0          0        100   _scanf.o
       332          0          0          0          0         96   _scanf_int.o
        64          0          0          0          0         84   _sgetc.o
        10          0          0          0          0         68   _sputc.o
       228          4        148          0          0         96   bigflt0.o
      1936        128          0          0          0        672   btod.o
        18          0          0          0          0         80   exit.o
         6          0          0          0          0        152   heapauxi.o
         0          0          0          0          0          0   indicate_semi.o
        18          0          0          0          0         76   isspace.o
        44         10        272          0          0         76   lc_ctype_c.o
        44         10         28          0          0         76   lc_numeric_c.o
         2          0          0          0          0          0   libinit.o
        34          0          0          0          0          0   libinit2.o
         2          0          0          0          0          0   libshutdown.o
         2          0          0          0          0          0   libshutdown2.o
         8          4          0          0         96         68   libspace.o
       138          0          0          0          0         80   lludiv10.o
       238          0          0          0          0        100   lludivv7m.o
        40          6          0          0          0         84   noretval__2sprintf.o
        16          4          0          0          0         76   rt_ctype_table.o
         8          4          0          0          0         68   rt_locale_intlibspace.o
        68          0          0          0          0         68   rt_memclr.o
        78          0          0          0          0         80   rt_memclr_w.o
       138          0          0          0          0         68   rt_memcpy_v6.o
       100          0          0          0          0         80   rt_memcpy_w.o
         2          0          0          0          0          0   rtexit.o
        10          0          0          0          0          0   rtexit2.o
        44          8          0          0          0         84   scanf_char.o
       128          0          0          0          0         68   strcmpv7m.o
        62          0          0          0          0         76   strlen.o
        36          0          0          0          0         80   strstr.o
        12          4          0          0          0         68   sys_exit.o
        74          0          0          0          0         80   sys_stackheap_outer.o
         2          0          0          0          0         68   use_no_semi.o
        12          0          0          0          0        116   dretinf.o
        86          4          0          0          0        132   f2d.o
       140          4          0          0          0        132   fnaninf.o
        10          0          0          0          0        116   fpinit.o
         4          0          0          0          0        116   printf1.o
         0          0          0          0          0          0   usenofp.o
        48          0          0          0          0        124   fpclassify.o

    ----------------------------------------------------------------------
      7402        256        507          0         96       4760   Library Totals
        14          0          2          0          0          0   (incl. Padding)

    ----------------------------------------------------------------------

      Code (inc. data)   RO Data    RW Data    ZI Data      Debug   Library Name

      7088        248        505          0         96       4024   c_w.l
       252          8          0          0          0        612   fz_wm.l
        48          0          0          0          0        124   m_wm.l

    ----------------------------------------------------------------------
      7402        256        507          0         96       4760   Library Totals

    ----------------------------------------------------------------------

==============================================================================


      Code (inc. data)   RO Data    RW Data    ZI Data      Debug   

     26708       1736       1244        172      18428    1012324   Grand Totals
     26708       1736       1244        172      18428    1012324   ELF Image Totals
     26708       1736       1244        172          0          0   ROM Totals

==============================================================================

    Total RO  Size (Code + RO Data)                27952 (  27.30kB)
    Total RW  Size (RW Data + ZI Data)             18600 (  18.16kB)
    Total ROM Size (Code + RO Data + RW Data)      28124 (  27.46kB)

==============================================================================

