<html>
<body>
<pre>
<h1>µVision Build Log</h1>
<h2>Tool Versions:</h2>
IDE-Version: ¦ÌVision V5.36.0.0
Copyright (C) 2021 ARM Ltd and ARM Germany GmbH. All rights reserved.
License Information: test test, test, LIC=9WSKC-7C9JC-CX4U6-DBM0G-1KVDR-KDBX9
 
Tool Versions:
Toolchain:       MDK-ARM Plus  Version: 5.36.0.0
Toolchain Path:  D:\MDK534\ARM\ARMCC\Bin
C Compiler:      Armcc.exe V5.06 update 7 (build 960)
Assembler:       Armasm.exe V5.06 update 7 (build 960)
Linker/Locator:  ArmLink.exe V5.06 update 7 (build 960)
Library Manager: ArmAr.exe V5.06 update 7 (build 960)
Hex Converter:   FromElf.exe V5.06 update 7 (build 960)
CPU DLL:         SARMCM3.DLL V5.36.0.0
Dialog DLL:      DCM.DLL V1.17.3.0
Target DLL:      Segger\JL2CM3.dll V2.99.40.0
Dialog DLL:      TCM.DLL V1.53.0.0
 
<h2>Project:</h2>
D:\stm32progect\Works\SPI - chuankou2.0\Projects\MDK-ARM\atk_f407.uvprojx
Project File Date:  01/21/2026

<h2>Output:</h2>
*** Using Compiler 'V5.06 update 7 (build 960)', folder: 'D:\MDK534\ARM\ARMCC\Bin'
Rebuild target 'SPI'
assembling startup_stm32f407xx.s...
compiling delay.c...
compiling stm32f4xx_hal_usart.c...
compiling system_stm32f4xx.c...
compiling stm32f4xx_hal_cortex.c...
compiling sys.c...
compiling usart.c...
compiling htc_2k.c...
compiling stm32f4xx_hal.c...
compiling stm32f4xx_it.c...
compiling main.c...
compiling stm32f4xx_hal_gpio.c...
compiling stm32f4xx_hal_rcc.c...
compiling stm32f4xx_hal_rcc_ex.c...
compiling stm32f4xx_hal_pwr_ex.c...
compiling stm32f4xx_hal_uart.c...
compiling stm32f4xx_hal_dma_ex.c...
compiling stm32f4xx_hal_pwr.c...
compiling stm32f4xx_hal_tim_ex.c...
compiling stm32f4xx_hal_sram.c...
compiling stm32f4xx_hal_tim.c...
compiling stm32f4xx_ll_fsmc.c...
compiling stm32f4xx_hal_dma.c...
compiling stm32f4xx_hal_adc.c...
compiling norflash.c...
compiling stm32f4xx_hal_adc_ex.c...
compiling led.c...
compiling lcd.c...
compiling key.c...
compiling stm32f4xx_hal_spi.c...
compiling spi.c...
compiling usmart.c...
compiling usmart_config.c...
compiling usmart_str.c...
compiling usmart_port.c...
linking...
Program Size: Code=40560 RO-data=14296 RW-data=472 ZI-data=1648  
FromELF: creating hex file...
"..\..\Output\atk_f407.axf" - 0 Error(s), 0 Warning(s).

<h2>Software Packages used:</h2>

Package Vendor: Keil
                http://www.keil.com/pack/Keil.STM32F4xx_DFP.2.15.0.pack
                Keil.STM32F4xx_DFP.2.15.0
                STMicroelectronics STM32F4 Series Device Support, Drivers and Examples

<h2>Collection of Component include folders:</h2>
  D:\MDK534\Packs\Keil\STM32F4xx_DFP\2.15.0\Drivers\CMSIS\Device\ST\STM32F4xx\Include

<h2>Collection of Component Files used:</h2>
Build Time Elapsed:  00:00:05
</pre>
</body>
</html>
