Component: ARM Compiler 5.06 update 7 (build 960) Tool: armlink [4d3601]

==============================================================================

Section Cross References

    startup_stm32f407xx.o(STACK) refers (Special) to heapauxi.o(.text) for __use_two_region_memory
    startup_stm32f407xx.o(HEAP) refers (Special) to heapauxi.o(.text) for __use_two_region_memory
    startup_stm32f407xx.o(RESET) refers (Special) to heapauxi.o(.text) for __use_two_region_memory
    startup_stm32f407xx.o(RESET) refers to startup_stm32f407xx.o(STACK) for __initial_sp
    startup_stm32f407xx.o(RESET) refers to startup_stm32f407xx.o(.text) for Reset_Handler
    startup_stm32f407xx.o(RESET) refers to stm32f4xx_it.o(i.NMI_Handler) for NMI_Handler
    startup_stm32f407xx.o(RESET) refers to stm32f4xx_it.o(i.HardFault_Handler) for HardFault_Handler
    startup_stm32f407xx.o(RESET) refers to stm32f4xx_it.o(i.MemManage_Handler) for MemManage_Handler
    startup_stm32f407xx.o(RESET) refers to stm32f4xx_it.o(i.BusFault_Handler) for BusFault_Handler
    startup_stm32f407xx.o(RESET) refers to stm32f4xx_it.o(i.UsageFault_Handler) for UsageFault_Handler
    startup_stm32f407xx.o(RESET) refers to stm32f4xx_it.o(i.SVC_Handler) for SVC_Handler
    startup_stm32f407xx.o(RESET) refers to stm32f4xx_it.o(i.DebugMon_Handler) for DebugMon_Handler
    startup_stm32f407xx.o(RESET) refers to stm32f4xx_it.o(i.PendSV_Handler) for PendSV_Handler
    startup_stm32f407xx.o(RESET) refers to stm32f4xx_it.o(i.SysTick_Handler) for SysTick_Handler
    startup_stm32f407xx.o(RESET) refers to usmart_port.o(i.TIM4_IRQHandler) for TIM4_IRQHandler
    startup_stm32f407xx.o(RESET) refers to usart.o(i.USART1_IRQHandler) for USART1_IRQHandler
    startup_stm32f407xx.o(.text) refers (Special) to heapauxi.o(.text) for __use_two_region_memory
    startup_stm32f407xx.o(.text) refers to system_stm32f4xx.o(i.SystemInit) for SystemInit
    startup_stm32f407xx.o(.text) refers to __main.o(!!!main) for __main
    startup_stm32f407xx.o(.text) refers to startup_stm32f407xx.o(HEAP) for Heap_Mem
    startup_stm32f407xx.o(.text) refers to startup_stm32f407xx.o(STACK) for Stack_Mem
    main.o(i.main) refers to _printf_percent.o(.ARM.Collect$$_printf_percent$$00000000) for _printf_percent
    main.o(i.main) refers to _printf_f.o(.ARM.Collect$$_printf_percent$$00000003) for _printf_f
    main.o(i.main) refers to printf1.o(x$fpl$printf1) for _printf_fp_dec
    main.o(i.main) refers to _printf_pad.o(.text) for _printf_pre_padding
    main.o(i.main) refers to _printf_x.o(.ARM.Collect$$_printf_percent$$0000000C) for _printf_x
    main.o(i.main) refers to _printf_hex_int.o(.text) for _printf_longlong_hex
    main.o(i.main) refers to stm32f4xx_hal.o(i.HAL_Init) for HAL_Init
    main.o(i.main) refers to sys.o(i.sys_stm32_clock_init) for sys_stm32_clock_init
    main.o(i.main) refers to delay.o(i.delay_init) for delay_init
    main.o(i.main) refers to usart.o(i.usart_init) for usart_init
    main.o(i.main) refers to led.o(i.led_init) for led_init
    main.o(i.main) refers to lcd.o(i.lcd_init) for lcd_init
    main.o(i.main) refers to htc_2k.o(i.HTC2K_Init) for HTC2K_Init
    main.o(i.main) refers to noretval__2printf.o(.text) for __2printf
    main.o(i.main) refers to lcd.o(i.lcd_show_string) for lcd_show_string
    main.o(i.main) refers to atof.o(i.__hardfp_atof) for __hardfp_atof
    main.o(i.main) refers to d2f.o(x$fpl$d2f) for __aeabi_d2f
    main.o(i.main) refers to f2d.o(x$fpl$f2d) for __aeabi_f2d
    main.o(i.main) refers to htc_2k.o(i.HTC2K_ReadKeys) for HTC2K_ReadKeys
    main.o(i.main) refers to stm32f4xx_hal_gpio.o(i.HAL_GPIO_TogglePin) for HAL_GPIO_TogglePin
    main.o(i.main) refers to delay.o(i.delay_ms) for delay_ms
    main.o(i.main) refers to htc_2k.o(i.HTC2K_ShowTemp) for HTC2K_ShowTemp
    main.o(i.main) refers to usart.o(.data) for g_usart_rx_sta
    main.o(i.main) refers to usart.o(.bss) for g_usart_rx_buf
    main.o(i.main) refers to main.o(.data) for g_env_temp
    main.o(i.main) refers to htc_2k.o(.data) for g_IconSet
    stm32f4xx_it.o(i.SysTick_Handler) refers to stm32f4xx_hal.o(i.HAL_IncTick) for HAL_IncTick
    system_stm32f4xx.o(i.SystemCoreClockUpdate) refers to system_stm32f4xx.o(.data) for SystemCoreClock
    system_stm32f4xx.o(i.SystemCoreClockUpdate) refers to system_stm32f4xx.o(.constdata) for AHBPrescTable
    htc_2k.o(i.HTC2K_Init) refers to rt_memclr_w.o(.text) for __aeabi_memclr4
    htc_2k.o(i.HTC2K_Init) refers to stm32f4xx_hal_gpio.o(i.HAL_GPIO_Init) for HAL_GPIO_Init
    htc_2k.o(i.HTC2K_Init) refers to stm32f4xx_hal_gpio.o(i.HAL_GPIO_WritePin) for HAL_GPIO_WritePin
    htc_2k.o(i.HTC2K_ReadKeys) refers to htc_2k.o(i.TM1637_Start) for TM1637_Start
    htc_2k.o(i.HTC2K_ReadKeys) refers to htc_2k.o(i.TM1637_Write_Byte) for TM1637_Write_Byte
    htc_2k.o(i.HTC2K_ReadKeys) refers to htc_2k.o(i.TM1637_Ask) for TM1637_Ask
    htc_2k.o(i.HTC2K_ReadKeys) refers to stm32f4xx_hal_gpio.o(i.HAL_GPIO_WritePin) for HAL_GPIO_WritePin
[...]
    __ARM_use_no_argv                        0x00000000   Number         0  main.o ABSOLUTE
    _printf_flags                            0x00000000   Number         0  printf_stubs.o ABSOLUTE
    _printf_return_value                     0x00000000   Number         0  printf_stubs.o ABSOLUTE
    _printf_sizespec                         0x00000000   Number         0  printf_stubs.o ABSOLUTE
    _printf_widthprec                        0x00000000   Number         0  printf_stubs.o ABSOLUTE
    __ARM_exceptions_init                     - Undefined Weak Reference
    __alloca_initialize                       - Undefined Weak Reference
    __arm_fini_                               - Undefined Weak Reference
    __arm_preinit_                            - Undefined Weak Reference
    __cpp_initialize__aeabi_                  - Undefined Weak Reference
    __cxa_finalize                            - Undefined Weak Reference
    __sigvec_lookup                           - Undefined Weak Reference
    _atexit_init                              - Undefined Weak Reference
    _call_atexit_fns                          - Undefined Weak Reference
    _clock_init                               - Undefined Weak Reference
    _fp_trap_init                             - Undefined Weak Reference
    _fp_trap_shutdown                         - Undefined Weak Reference
    _get_lc_collate                           - Undefined Weak Reference
    _get_lc_monetary                          - Undefined Weak Reference
    _get_lc_time                              - Undefined Weak Reference
    _getenv_init                              - Undefined Weak Reference
    _handle_redirection                       - Undefined Weak Reference
    _init_alloc                               - Undefined Weak Reference
    _init_user_alloc                          - Undefined Weak Reference
    _initio                                   - Undefined Weak Reference
    _mutex_acquire                            - Undefined Weak Reference
    _mutex_release                            - Undefined Weak Reference
    _printf_mbtowc                            - Undefined Weak Reference
    _printf_truncate_signed                   - Undefined Weak Reference
    _printf_truncate_unsigned                 - Undefined Weak Reference
    _rand_init                                - Undefined Weak Reference
    _signal_finish                            - Undefined Weak Reference
    _signal_init                              - Undefined Weak Reference
    _terminate_alloc                          - Undefined Weak Reference
    _terminate_user_alloc                     - Undefined Weak Reference
    _terminateio                              - Undefined Weak Reference
    __Vectors_Size                           0x00000188   Number         0  startup_stm32f407xx.o ABSOLUTE
    __Vectors                                0x08000000   Data           4  startup_stm32f407xx.o(RESET)
    __Vectors_End                            0x08000188   Data           0  startup_stm32f407xx.o(RESET)
    __main                                   0x08000189   Thumb Code     8  __main.o(!!!main)
    __scatterload                            0x08000191   Thumb Code     0  __scatter.o(!!!scatter)
    __scatterload_rt2                        0x08000191   Thumb Code    44  __scatter.o(!!!scatter)
    __scatterload_rt2_thumb_only             0x08000191   Thumb Code     0  __scatter.o(!!!scatter)
    __scatterload_null                       0x0800019f   Thumb Code     0  __scatter.o(!!!scatter)
    __decompress                             0x080001c5   Thumb Code    90  __dczerorl2.o(!!dczerorl2)
    __decompress1                            0x080001c5   Thumb Code     0  __dczerorl2.o(!!dczerorl2)
    __scatterload_zeroinit                   0x08000221   Thumb Code    28  __scatter_zi.o(!!handler_zi)
    _printf_f                                0x0800023d   Thumb Code     0  _printf_f.o(.ARM.Collect$$_printf_percent$$00000003)
    _printf_percent                          0x0800023d   Thumb Code     0  _printf_percent.o(.ARM.Collect$$_printf_percent$$00000000)
    _printf_d                                0x08000243   Thumb Code     0  _printf_d.o(.ARM.Collect$$_printf_percent$$00000009)
    _printf_u                                0x08000249   Thumb Code     0  _printf_u.o(.ARM.Collect$$_printf_percent$$0000000A)
    _printf_x                                0x0800024f   Thumb Code     0  _printf_x.o(.ARM.Collect$$_printf_percent$$0000000C)
    _printf_c                                0x08000255   Thumb Code     0  _printf_c.o(.ARM.Collect$$_printf_percent$$00000013)
    _printf_s                                0x0800025b   Thumb Code     0  _printf_s.o(.ARM.Collect$$_printf_percent$$00000014)
    _printf_percent_end                      0x08000261   Thumb Code     0  _printf_percent_end.o(.ARM.Collect$$_printf_percent$$00000017)
    __rt_lib_init                            0x08000265   Thumb Code     0  libinit.o(.ARM.Collect$$libinit$$00000000)
    __rt_lib_init_fp_1                       0x08000267   Thumb Code     0  libinit2.o(.ARM.Collect$$libinit$$00000001)
    __rt_lib_init_heap_1                     0x0800026b   Thumb Code     0  libinit2.o(.ARM.Collect$$libinit$$0000000A)
    __rt_lib_init_lc_common                  0x0800026b   Thumb Code     0  libinit2.o(.ARM.Collect$$libinit$$0000000F)
    __rt_lib_init_preinit_1                  0x0800026b   Thumb Code     0  libinit2.o(.ARM.Collect$$libinit$$00000004)
    __rt_lib_init_rand_1                     0x0800026b   Thumb Code     0  libinit2.o(.ARM.Collect$$libinit$$0000000E)
    __rt_lib_init_user_alloc_1               0x0800026b   Thumb Code     0  libinit2.o(.ARM.Collect$$libinit$$0000000C)
    __rt_lib_init_lc_collate_1               0x08000271   Thumb Code     0  libinit2.o(.ARM.Collect$$libinit$$00000011)
    __rt_lib_init_lc_ctype_2                 0x08000271   Thumb Code     0  libinit2.o(.ARM.Collect$$libinit$$00000012)
    __rt_lib_init_lc_ctype_1                 0x0800027d   Thumb Code     0  libinit2.o(.ARM.Collect$$libinit$$00000013)
    __rt_lib_init_lc_monetary_1              0x0800027d   Thumb Code     0  libinit2.o(.ARM.Collect$$libinit$$00000015)
    __rt_lib_init_lc_numeric_2               0x0800027d   Thumb Code     0  libinit2.o(.ARM.Collect$$libinit$$00000016)
    __rt_lib_init_alloca_1                   0x08000287   Thumb Code     0  libinit2.o(.ARM.Collect$$libinit$$0000002E)
    __rt_lib_init_argv_1                     0x08000287   Thumb Code     0  libinit2.o(.ARM.Collect$$libinit$$0000002C)
    __rt_lib_init_atexit_1                   0x08000287   Thumb Code     0  libinit2.o(.ARM.Collect$$libinit$$0000001B)
    __rt_lib_init_clock_1                    0x08000287   Thumb Code     0  libinit2.o(.ARM.Collect$$libinit$$00000021)
    __rt_lib_init_cpp_1                      0x08000287   Thumb Code     0  libinit2.o(.ARM.Collect$$libinit$$00000032)
    __rt_lib_init_exceptions_1               0x08000287   Thumb Code     0  libinit2.o(.ARM.Collect$$libinit$$00000030)
    __rt_lib_init_fp_trap_1                  0x08000287   Thumb Code     0  libinit2.o(.ARM.Collect$$libinit$$0000001F)
    __rt_lib_init_getenv_1                   0x08000287   Thumb Code     0  libinit2.o(.ARM.Collect$$libinit$$00000023)
    __rt_lib_init_lc_numeric_1               0x08000287   Thumb Code     0  libinit2.o(.ARM.Collect$$libinit$$00000017)
    __rt_lib_init_lc_time_1                  0x08000287   Thumb Code     0  libinit2.o(.ARM.Collect$$libinit$$00000019)
    __rt_lib_init_return                     0x08000287   Thumb Code     0  libinit2.o(.ARM.Collect$$libinit$$00000033)
    __rt_lib_init_signal_1                   0x08000287   Thumb Code     0  libinit2.o(.ARM.Collect$$libinit$$0000001D)
    __rt_lib_init_stdio_1                    0x08000287   Thumb Code     0  libinit2.o(.ARM.Collect$$libinit$$00000025)
    __rt_lib_shutdown                        0x08000289   Thumb Code     0  libshutdown.o(.ARM.Collect$$libshutdown$$00000000)
    __rt_lib_shutdown_cpp_1                  0x0800028b   Thumb Code     0  libshutdown2.o(.ARM.Collect$$libshutdown$$00000004)
    __rt_lib_shutdown_fini_1                 0x0800028b   Thumb Code     0  libshutdown2.o(.ARM.Collect$$libshutdown$$00000002)
    __rt_lib_shutdown_fp_trap_1              0x0800028b   Thumb Code     0  libshutdown2.o(.ARM.Collect$$libshutdown$$00000009)
    __rt_lib_shutdown_heap_1                 0x0800028b   Thumb Code     0  libshutdown2.o(.ARM.Collect$$libshutdown$$00000011)
    __rt_lib_shutdown_return                 0x0800028b   Thumb Code     0  libshutdown2.o(.ARM.Collect$$libshutdown$$00000012)
    __rt_lib_shutdown_signal_1               0x0800028b   Thumb Code     0  libshutdown2.o(.ARM.Collect$$libshutdown$$0000000C)
    __rt_lib_shutdown_stdio_1                0x0800028b   Thumb Code     0  libshutdown2.o(.ARM.Collect$$libshutdown$$00000006)
    __rt_lib_shutdown_user_alloc_1           0x0800028b   Thumb Code     0  libshutdown2.o(.ARM.Collect$$libshutdown$$0000000E)
    __rt_entry                               0x0800028d   Thumb Code     0  __rtentry.o(.ARM.Collect$$rtentry$$00000000)
    __rt_entry_presh_1                       0x0800028d   Thumb Code     0  __rtentry2.o(.ARM.Collect$$rtentry$$00000002)
    __rt_entry_sh                            0x0800028d   Thumb Code     0  __rtentry4.o(.ARM.Collect$$rtentry$$00000004)
    __rt_entry_li                            0x08000293   Thumb Code     0  __rtentry2.o(.ARM.Collect$$rtentry$$0000000A)
    __rt_entry_postsh_1                      0x08000293   Thumb Code     0  __rtentry2.o(.ARM.Collect$$rtentry$$00000009)
    __rt_entry_main                          0x08000297   Thumb Code     0  __rtentry2.o(.ARM.Collect$$rtentry$$0000000D)
    __rt_entry_postli_1                      0x08000297   Thumb Code     0  __rtentry2.o(.ARM.Collect$$rtentry$$0000000C)
    __rt_exit                                0x0800029f   Thumb Code     0  rtexit.o(.ARM.Collect$$rtexit$$00000000)
    __rt_exit_ls                             0x080002a1   Thumb Code     0  rtexit2.o(.ARM.Collect$$rtexit$$00000003)
    __rt_exit_prels_1                        0x080002a1   Thumb Code     0  rtexit2.o(.ARM.Collect$$rtexit$$00000002)
    __rt_exit_exit                           0x080002a5   Thumb Code     0  rtexit2.o(.ARM.Collect$$rtexit$$00000004)
    Reset_Handler                            0x080002ad   Thumb Code    18  startup_stm32f407xx.o(.text)
    ADC_IRQHandler                           0x080002d1   Thumb Code     0  startup_stm32f407xx.o(.text)
    CAN1_RX0_IRQHandler                      0x080002d1   Thumb Code     0  startup_stm32f407xx.o(.text)
    CAN1_RX1_IRQHandler                      0x080002d1   Thumb Code     0  startup_stm32f407xx.o(.text)
    CAN1_SCE_IRQHandler                      0x080002d1   Thumb Code     0  startup_stm32f407xx.o(.text)
    CAN1_TX_IRQHandler                       0x080002d1   Thumb Code     0  startup_stm32f407xx.o(.text)
    CAN2_RX0_IRQHandler                      0x080002d1   Thumb Code     0  startup_stm32f407xx.o(.text)
    CAN2_RX1_IRQHandler                      0x080002d1   Thumb Code     0  startup_stm32f407xx.o(.text)
    CAN2_SCE_IRQHandler                      0x080002d1   Thumb Code     0  startup_stm32f407xx.o(.text)
    CAN2_TX_IRQHandler                       0x080002d1   Thumb Code     0  startup_stm32f407xx.o(.text)
    DCMI_IRQHandler                          0x080002d1   Thumb Code     0  startup_stm32f407xx.o(.text)
    DMA1_Stream0_IRQHandler                  0x080002d1   Thumb Code     0  startup_stm32f407xx.o(.text)
    DMA1_Stream1_IRQHandler                  0x080002d1   Thumb Code     0  startup_stm32f407xx.o(.text)
    DMA1_Stream2_IRQHandler                  0x080002d1   Thumb Code     0  startup_stm32f407xx.o(.text)
    DMA1_Stream3_IRQHandler                  0x080002d1   Thumb Code     0  startup_stm32f407xx.o(.text)
    DMA1_Stream4_IRQHandler                  0x080002d1   Thumb Code     0  startup_stm32f407xx.o(.text)
    DMA1_Stream5_IRQHandler                  0x080002d1   Thumb Code     0  startup_stm32f407xx.o(.text)
    DMA1_Stream6_IRQHandler                  0x080002d1   Thumb Code     0  startup_stm32f407xx.o(.text)
    DMA1_Stream7_IRQHandler                  0x080002d1   Thumb Code     0  startup_stm32f407xx.o(.text)
    DMA2_Stream0_IRQHandler                  0x080002d1   Thumb Code     0  startup_stm32f407xx.o(.text)
    DMA2_Stream1_IRQHandler                  0x080002d1   Thumb Code     0  startup_stm32f407xx.o(.text)
    DMA2_Stream2_IRQHandler                  0x080002d1   Thumb Code     0  startup_stm32f407xx.o(.text)
    DMA2_Stream3_IRQHandler                  0x080002d1   Thumb Code     0  startup_stm32f407xx.o(.text)
    DMA2_Stream4_IRQHandler                  0x080002d1   Thumb Code     0  startup_stm32f407xx.o(.text)
    DMA2_Stream5_IRQHandler                  0x080002d1   Thumb Code     0  startup_stm32f407xx.o(.text)
    DMA2_Stream6_IRQHandler                  0x080002d1   Thumb Code     0  startup_stm32f407xx.o(.text)
    DMA2_Stream7_IRQHandler                  0x080002d1   Thumb Code     0  startup_stm32f407xx.o(.text)
    ETH_IRQHandler                           0x080002d1   Thumb Code     0  startup_stm32f407xx.o(.text)
    ETH_WKUP_IRQHandler                      0x080002d1   Thumb Code     0  startup_stm32f407xx.o(.text)
    EXTI0_IRQHandler                         0x080002d1   Thumb Code     0  startup_stm32f407xx.o(.text)
    EXTI15_10_IRQHandler                     0x080002d1   Thumb Code     0  startup_stm32f407xx.o(.text)
    EXTI1_IRQHandler                         0x080002d1   Thumb Code     0  startup_stm32f407xx.o(.text)
    EXTI2_IRQHandler                         0x080002d1   Thumb Code     0  startup_stm32f407xx.o(.text)
    EXTI3_IRQHandler                         0x080002d1   Thumb Code     0  startup_stm32f407xx.o(.text)
    EXTI4_IRQHandler                         0x080002d1   Thumb Code     0  startup_stm32f407xx.o(.text)
    EXTI9_5_IRQHandler                       0x080002d1   Thumb Code     0  startup_stm32f407xx.o(.text)
    FLASH_IRQHandler                         0x080002d1   Thumb Code     0  startup_stm32f407xx.o(.text)
    FMC_IRQHandler                           0x080002d1   Thumb Code     0  startup_stm32f407xx.o(.text)
    FPU_IRQHandler                           0x080002d1   Thumb Code     0  startup_stm32f407xx.o(.text)
    HASH_RNG_IRQHandler                      0x080002d1   Thumb Code     0  startup_stm32f407xx.o(.text)
    I2C1_ER_IRQHandler                       0x080002d1   Thumb Code     0  startup_stm32f407xx.o(.text)
    I2C1_EV_IRQHandler                       0x080002d1   Thumb Code     0  startup_stm32f407xx.o(.text)
    I2C2_ER_IRQHandler                       0x080002d1   Thumb Code     0  startup_stm32f407xx.o(.text)
    I2C2_EV_IRQHandler                       0x080002d1   Thumb Code     0  startup_stm32f407xx.o(.text)
    I2C3_ER_IRQHandler                       0x080002d1   Thumb Code     0  startup_stm32f407xx.o(.text)
    I2C3_EV_IRQHandler                       0x080002d1   Thumb Code     0  startup_stm32f407xx.o(.text)
    OTG_FS_IRQHandler                        0x080002d1   Thumb Code     0  startup_stm32f407xx.o(.text)
    OTG_FS_WKUP_IRQHandler                   0x080002d1   Thumb Code     0  startup_stm32f407xx.o(.text)
    OTG_HS_EP1_IN_IRQHandler                 0x080002d1   Thumb Code     0  startup_stm32f407xx.o(.text)
    OTG_HS_EP1_OUT_IRQHandler                0x080002d1   Thumb Code     0  startup_stm32f407xx.o(.text)
    OTG_HS_IRQHandler                        0x080002d1   Thumb Code     0  startup_stm32f407xx.o(.text)
    OTG_HS_WKUP_IRQHandler                   0x080002d1   Thumb Code     0  startup_stm32f407xx.o(.text)
    PVD_IRQHandler                           0x080002d1   Thumb Code     0  startup_stm32f407xx.o(.text)
    RCC_IRQHandler                           0x080002d1   Thumb Code     0  startup_stm32f407xx.o(.text)
    RTC_Alarm_IRQHandler                     0x080002d1   Thumb Code     0  startup_stm32f407xx.o(.text)
    RTC_WKUP_IRQHandler                      0x080002d1   Thumb Code     0  startup_stm32f407xx.o(.text)
    SDIO_IRQHandler                          0x080002d1   Thumb Code     0  startup_stm32f407xx.o(.text)
    SPI1_IRQHandler                          0x080002d1   Thumb Code     0  startup_stm32f407xx.o(.text)
    SPI2_IRQHandler                          0x080002d1   Thumb Code     0  startup_stm32f407xx.o(.text)
    SPI3_IRQHandler                          0x080002d1   Thumb Code     0  startup_stm32f407xx.o(.text)
    TAMP_STAMP_IRQHandler                    0x080002d1   Thumb Code     0  startup_stm32f407xx.o(.text)
    TIM1_BRK_TIM9_IRQHandler                 0x080002d1   Thumb Code     0  startup_stm32f407xx.o(.text)
    TIM1_CC_IRQHandler                       0x080002d1   Thumb Code     0  startup_stm32f407xx.o(.text)
    TIM1_TRG_COM_TIM11_IRQHandler            0x080002d1   Thumb Code     0  startup_stm32f407xx.o(.text)
    TIM1_UP_TIM10_IRQHandler                 0x080002d1   Thumb Code     0  startup_stm32f407xx.o(.text)
    TIM2_IRQHandler                          0x080002d1   Thumb Code     0  startup_stm32f407xx.o(.text)
    TIM3_IRQHandler                          0x080002d1   Thumb Code     0  startup_stm32f407xx.o(.text)
    TIM5_IRQHandler                          0x080002d1   Thumb Code     0  startup_stm32f407xx.o(.text)
    TIM6_DAC_IRQHandler                      0x080002d1   Thumb Code     0  startup_stm32f407xx.o(.text)
    TIM7_IRQHandler                          0x080002d1   Thumb Code     0  startup_stm32f407xx.o(.text)
    TIM8_BRK_TIM12_IRQHandler                0x080002d1   Thumb Code     0  startup_stm32f407xx.o(.text)
    TIM8_CC_IRQHandler                       0x080002d1   Thumb Code     0  startup_stm32f407xx.o(.text)
    TIM8_TRG_COM_TIM14_IRQHandler            0x080002d1   Thumb Code     0  startup_stm32f407xx.o(.text)
    TIM8_UP_TIM13_IRQHandler                 0x080002d1   Thumb Code     0  startup_stm32f407xx.o(.text)
    UART4_IRQHandler                         0x080002d1   Thumb Code     0  startup_stm32f407xx.o(.text)
    UART5_IRQHandler                         0x080002d1   Thumb Code     0  startup_stm32f407xx.o(.text)
    USART2_IRQHandler                        0x080002d1   Thumb Code     0  startup_stm32f407xx.o(.text)
    USART3_IRQHandler                        0x080002d1   Thumb Code     0  startup_stm32f407xx.o(.text)
    USART6_IRQHandler                        0x080002d1   Thumb Code     0  startup_stm32f407xx.o(.text)
    WWDG_IRQHandler                          0x080002d1   Thumb Code     0  startup_stm32f407xx.o(.text)
    __user_initial_stackheap                 0x080002d5   Thumb Code     0  startup_stm32f407xx.o(.text)
    __use_no_semihosting                     0x080002f9   Thumb Code     2  use_no_semi_2.o(.text)
    __aeabi_uldivmod                         0x080002fb   Thumb Code     0  lludivv7m.o(.text)
    _ll_udiv                                 0x080002fb   Thumb Code   238  lludivv7m.o(.text)
    __2printf                                0x080003e9   Thumb Code    20  noretval__2printf.o(.text)
    _printf_pre_padding                      0x08000401   Thumb Code    44  _printf_pad.o(.text)
    _printf_post_padding                     0x0800042d   Thumb Code    34  _printf_pad.o(.text)
    _printf_str                              0x0800044f   Thumb Code    82  _printf_str.o(.text)
    _printf_int_dec                          0x080004a1   Thumb Code   104  _printf_dec.o(.text)
    _printf_int_hex                          0x08000519   Thumb Code    84  _printf_hex_int.o(.text)
    _printf_longlong_hex                     0x08000519   Thumb Code     0  _printf_hex_int.o(.text)
    __printf                                 0x08000571   Thumb Code   388  __printf_flags_ss_wp.o(.text)
    __aeabi_memclr4                          0x080006f9   Thumb Code     0  rt_memclr_w.o(.text)
    __aeabi_memclr8                          0x080006f9   Thumb Code     0  rt_memclr_w.o(.text)
    __rt_memclr_w                            0x080006f9   Thumb Code    78  rt_memclr_w.o(.text)
    _memset_w                                0x080006fd   Thumb Code     0  rt_memclr_w.o(.text)
    __use_two_region_memory                  0x08000747   Thumb Code     2  heapauxi.o(.text)
    __rt_heap_escrow$2region                 0x08000749   Thumb Code     2  heapauxi.o(.text)
    __rt_heap_expand$2region                 0x0800074b   Thumb Code     2  heapauxi.o(.text)
    __semihosting$guard                      0x0800074d   Thumb Code     0  use_no_semi.o(.text)
    __use_no_semihosting_swi                 0x0800074d   Thumb Code     2  use_no_semi.o(.text)
    __read_errno                             0x0800074f   Thumb Code    10  _rserrno.o(.text)
    __set_errno                              0x08000759   Thumb Code    12  _rserrno.o(.text)
    _printf_int_common                       0x08000765   Thumb Code   178  _printf_intcommon.o(.text)
    __lib_sel_fp_printf                      0x08000817   Thumb Code     2  _printf_fp_dec.o(.text)
    _printf_fp_dec_real                      0x080009c9   Thumb Code   620  _printf_fp_dec.o(.text)
    _printf_cs_common                        0x08000c35   Thumb Code    20  _printf_char.o(.text)
    _printf_char                             0x08000c49   Thumb Code    16  _printf_char.o(.text)
    _printf_string                           0x08000c59   Thumb Code     8  _printf_char.o(.text)
    _printf_char_file                        0x08000c61   Thumb Code    32  _printf_char_file.o(.text)
    __strtod_int                             0x08000cc1   Thumb Code    90  strtod.o(.text)
    __rt_locale                              0x08000d29   Thumb Code     8  rt_locale_intlibspace.o(.text)
    __aeabi_errno_addr                       0x08000d31   Thumb Code     8  rt_errno_addr_intlibspace.o(.text)
    __errno$intlibspace                      0x08000d31   Thumb Code     0  rt_errno_addr_intlibspace.o(.text)
    __rt_errno_addr$intlibspace              0x08000d31   Thumb Code     0  rt_errno_addr_intlibspace.o(.text)
    _ll_udiv10                               0x08000d39   Thumb Code   138  lludiv10.o(.text)
    isspace                                  0x08000dc3   Thumb Code    18  isspace.o(.text)
    _printf_char_common                      0x08000ddf   Thumb Code    32  _printf_char_common.o(.text)
    _printf_fp_infnan                        0x08000e05   Thumb Code   112  _printf_fp_infnan.o(.text)
    _sgetc                                   0x08000e85   Thumb Code    30  _sgetc.o(.text)
    _sbackspace                              0x08000ea3   Thumb Code    34  _sgetc.o(.text)
    _btod_etento                             0x08000ec5   Thumb Code   224  bigflt0.o(.text)
    ferror                                   0x08000fa9   Thumb Code     8  ferror.o(.text)
    __user_libspace                          0x08000fb1   Thumb Code     8  libspace.o(.text)
    __user_perproc_libspace                  0x08000fb1   Thumb Code     0  libspace.o(.text)
    __user_perthread_libspace                0x08000fb1   Thumb Code     0  libspace.o(.text)
    __user_setup_stackheap                   0x08000fb9   Thumb Code    74  sys_stackheap_outer.o(.text)
    __rt_ctype_table                         0x08001005   Thumb Code    16  rt_ctype_table.o(.text)
    _scanf_really_real                       0x08001261   Thumb Code   684  scanf_fp.o(.text)
    exit                                     0x0800150d   Thumb Code    18  exit.o(.text)
    strcmp                                   0x08001521   Thumb Code   128  strcmpv7m.o(.text)
    _scanf_really_hex_real                   0x080015a1   Thumb Code   786  scanf_hexfp.o(.text)
    _scanf_really_infnan                     0x080018c1   Thumb Code   292  scanf_infnan.o(.text)
    __aeabi_llsl                             0x080019f5   Thumb Code     0  llshl.o(.text)
    _ll_shift_l                              0x080019f5   Thumb Code    38  llshl.o(.text)
    _chval                                   0x08001a1b   Thumb Code    28  _chval.o(.text)
    _btod_d2e                                0x08001a37   Thumb Code    62  btod.o(CL$$btod_d2e)
    _d2e_denorm_low                          0x08001a75   Thumb Code    70  btod.o(CL$$btod_d2e_denorm_low)
    _d2e_norm_op1                            0x08001abb   Thumb Code    96  btod.o(CL$$btod_d2e_norm_op1)
    __btod_div_common                        0x08001b1b   Thumb Code   696  btod.o(CL$$btod_div_common)
    _e2d                                     0x08001e55   Thumb Code   122  btod.o(CL$$btod_e2d)
    _e2e                                     0x08001ed9   Thumb Code   220  btod.o(CL$$btod_e2e)
    _btod_ediv                               0x08001fb5   Thumb Code    42  btod.o(CL$$btod_ediv)
    _btod_edivd                              0x08001fdf   Thumb Code    42  btod.o(CL$$btod_edivd)
    _btod_emul                               0x08002009   Thumb Code    42  btod.o(CL$$btod_emul)
    _btod_emuld                              0x08002033   Thumb Code    42  btod.o(CL$$btod_emuld)
    __btod_mult_common                       0x0800205d   Thumb Code   580  btod.o(CL$$btod_mult_common)
    BusFault_Handler                         0x080022a1   Thumb Code     4  stm32f4xx_it.o(i.BusFault_Handler)
    DebugMon_Handler                         0x080022a5   Thumb Code     2  stm32f4xx_it.o(i.DebugMon_Handler)
    FSMC_NORSRAM_Extended_Timing_Init        0x080022a9   Thumb Code    66  stm32f4xx_ll_fsmc.o(i.FSMC_NORSRAM_Extended_Timing_Init)
    FSMC_NORSRAM_Init                        0x080022f1   Thumb Code    88  stm32f4xx_ll_fsmc.o(i.FSMC_NORSRAM_Init)
    FSMC_NORSRAM_Timing_Init                 0x0800234d   Thumb Code    68  stm32f4xx_ll_fsmc.o(i.FSMC_NORSRAM_Timing_Init)
    HAL_DMA_Abort                            0x08002391   Thumb Code   170  stm32f4xx_hal_dma.o(i.HAL_DMA_Abort)
    HAL_DMA_Abort_IT                         0x0800243b   Thumb Code    40  stm32f4xx_hal_dma.o(i.HAL_DMA_Abort_IT)
    HAL_GPIO_Init                            0x08002465   Thumb Code   470  stm32f4xx_hal_gpio.o(i.HAL_GPIO_Init)
    HAL_GPIO_ReadPin                         0x08002669   Thumb Code    16  stm32f4xx_hal_gpio.o(i.HAL_GPIO_ReadPin)
    HAL_GPIO_TogglePin                       0x08002679   Thumb Code    20  stm32f4xx_hal_gpio.o(i.HAL_GPIO_TogglePin)
    HAL_GPIO_WritePin                        0x0800268d   Thumb Code    12  stm32f4xx_hal_gpio.o(i.HAL_GPIO_WritePin)
    HAL_GetREVID                             0x08002699   Thumb Code     8  stm32f4xx_hal.o(i.HAL_GetREVID)
    HAL_GetTick                              0x080026a5   Thumb Code     6  stm32f4xx_hal.o(i.HAL_GetTick)
    HAL_IncTick                              0x080026b1   Thumb Code    16  stm32f4xx_hal.o(i.HAL_IncTick)
    HAL_Init                                 0x080026c9   Thumb Code    44  stm32f4xx_hal.o(i.HAL_Init)
    HAL_InitTick                             0x080026f9   Thumb Code    64  stm32f4xx_hal.o(i.HAL_InitTick)
    HAL_MspInit                              0x08002745   Thumb Code     2  stm32f4xx_hal.o(i.HAL_MspInit)
    HAL_NVIC_EnableIRQ                       0x08002747   Thumb Code    32  stm32f4xx_hal_cortex.o(i.HAL_NVIC_EnableIRQ)
    HAL_NVIC_SetPriority                     0x08002767   Thumb Code   124  stm32f4xx_hal_cortex.o(i.HAL_NVIC_SetPriority)
    HAL_NVIC_SetPriorityGrouping             0x080027e5   Thumb Code    32  stm32f4xx_hal_cortex.o(i.HAL_NVIC_SetPriorityGrouping)
    HAL_RCC_ClockConfig                      0x0800280d   Thumb Code   368  stm32f4xx_hal_rcc.o(i.HAL_RCC_ClockConfig)
    HAL_RCC_GetHCLKFreq                      0x08002991   Thumb Code     6  stm32f4xx_hal_rcc.o(i.HAL_RCC_GetHCLKFreq)
    HAL_RCC_GetPCLK1Freq                     0x0800299d   Thumb Code    22  stm32f4xx_hal_rcc.o(i.HAL_RCC_GetPCLK1Freq)
    HAL_RCC_GetPCLK2Freq                     0x080029bd   Thumb Code    22  stm32f4xx_hal_rcc.o(i.HAL_RCC_GetPCLK2Freq)
    HAL_RCC_GetSysClockFreq                  0x080029dd   Thumb Code   162  stm32f4xx_hal_rcc.o(i.HAL_RCC_GetSysClockFreq)
    HAL_RCC_OscConfig                        0x08002a8d   Thumb Code  1172  stm32f4xx_hal_rcc.o(i.HAL_RCC_OscConfig)
    HAL_SPI_TransmitReceive                  0x08002f29   Thumb Code   722  stm32f4xx_hal_spi.o(i.HAL_SPI_TransmitReceive)
    HAL_SRAM_Init                            0x080031fb   Thumb Code    88  stm32f4xx_hal_sram.o(i.HAL_SRAM_Init)
    HAL_SRAM_MspInit                         0x08003255   Thumb Code   152  lcd.o(i.HAL_SRAM_MspInit)
    HAL_SYSTICK_Config                       0x080032f9   Thumb Code    52  stm32f4xx_hal_cortex.o(i.HAL_SYSTICK_Config)
    HAL_TIM_Base_Init                        0x0800332d   Thumb Code   102  stm32f4xx_hal_tim.o(i.HAL_TIM_Base_Init)
    HAL_TIM_Base_MspInit                     0x08003393   Thumb Code     2  stm32f4xx_hal_tim.o(i.HAL_TIM_Base_MspInit)
    HAL_TIM_Base_Start_IT                    0x08003395   Thumb Code   138  stm32f4xx_hal_tim.o(i.HAL_TIM_Base_Start_IT)
    HAL_UARTEx_RxEventCallback               0x0800343d   Thumb Code     2  stm32f4xx_hal_uart.o(i.HAL_UARTEx_RxEventCallback)
    HAL_UART_ErrorCallback                   0x0800343f   Thumb Code     2  stm32f4xx_hal_uart.o(i.HAL_UART_ErrorCallback)
    HAL_UART_IRQHandler                      0x08003441   Thumb Code   586  stm32f4xx_hal_uart.o(i.HAL_UART_IRQHandler)
    HAL_UART_Init                            0x08003691   Thumb Code   114  stm32f4xx_hal_uart.o(i.HAL_UART_Init)
    HAL_UART_MspInit                         0x08003705   Thumb Code   190  usart.o(i.HAL_UART_MspInit)
    HAL_UART_Receive_IT                      0x080037d1   Thumb Code    66  stm32f4xx_hal_uart.o(i.HAL_UART_Receive_IT)
    HAL_UART_RxCpltCallback                  0x08003815   Thumb Code   134  usart.o(i.HAL_UART_RxCpltCallback)
    HAL_UART_TxCpltCallback                  0x080038b1   Thumb Code     2  stm32f4xx_hal_uart.o(i.HAL_UART_TxCpltCallback)
    HTC2K_Init                               0x080038b5   Thumb Code    92  htc_2k.o(i.HTC2K_Init)
    HTC2K_ReadKeys                           0x08003919   Thumb Code   100  htc_2k.o(i.HTC2K_ReadKeys)
    HTC2K_ShowTemp                           0x08003981   Thumb Code   274  htc_2k.o(i.HTC2K_ShowTemp)
    HardFault_Handler                        0x08003aa5   Thumb Code     4  stm32f4xx_it.o(i.HardFault_Handler)
    MemManage_Handler                        0x08003aa9   Thumb Code     4  stm32f4xx_it.o(i.MemManage_Handler)
    NMI_Handler                              0x08003aad   Thumb Code     2  stm32f4xx_it.o(i.NMI_Handler)
    PendSV_Handler                           0x08003aaf   Thumb Code     2  stm32f4xx_it.o(i.PendSV_Handler)
    SVC_Handler                              0x08003bf5   Thumb Code     2  stm32f4xx_it.o(i.SVC_Handler)
    SysTick_Handler                          0x08003bf7   Thumb Code     8  stm32f4xx_it.o(i.SysTick_Handler)
    SystemInit                               0x08003c01   Thumb Code    14  system_stm32f4xx.o(i.SystemInit)
    TIM4_IRQHandler                          0x08003c15   Thumb Code    58  usmart_port.o(i.TIM4_IRQHandler)
    TIM_Base_SetConfig                       0x08003c59   Thumb Code   170  stm32f4xx_hal_tim.o(i.TIM_Base_SetConfig)
    UART_Start_Receive_IT                    0x08004199   Thumb Code    70  stm32f4xx_hal_uart.o(i.UART_Start_Receive_IT)
    USART1_IRQHandler                        0x08004241   Thumb Code    10  usart.o(i.USART1_IRQHandler)
    UsageFault_Handler                       0x08004251   Thumb Code     4  stm32f4xx_it.o(i.UsageFault_Handler)
    __ARM_fpclassify                         0x08004255   Thumb Code    48  fpclassify.o(i.__ARM_fpclassify)
    __hardfp___mathlib_tofloat               0x080042c1   Thumb Code   232  narrow.o(i.__hardfp___mathlib_tofloat)
    __hardfp_atof                            0x080043b9   Thumb Code    44  atof.o(i.__hardfp_atof)
    __hardfp_ldexp                           0x080043f1   Thumb Code   200  ldexp.o(i.__hardfp_ldexp)
    __mathlib_dbl_overflow                   0x080044c1   Thumb Code    24  dunder.o(i.__mathlib_dbl_overflow)
    __mathlib_dbl_underflow                  0x080044e1   Thumb Code    24  dunder.o(i.__mathlib_dbl_underflow)
    __mathlib_narrow                         0x08004501   Thumb Code    18  narrow.o(i.__mathlib_narrow)
    __support_ldexp                          0x08004513   Thumb Code    20  ldexp.o(i.__support_ldexp)
    _is_digit                                0x08004527   Thumb Code    14  __printf_wp.o(i._is_digit)
    _sys_exit                                0x08004535   Thumb Code     4  usart.o(i._sys_exit)
    delay_init                               0x08004539   Thumb Code     6  delay.o(i.delay_init)
    delay_ms                                 0x08004545   Thumb Code    18  delay.o(i.delay_ms)
    delay_us                                 0x08004559   Thumb Code    68  delay.o(i.delay_us)
    fputc                                    0x080045a1   Thumb Code    22  usart.o(i.fputc)
    frexp                                    0x080045c1   Thumb Code   118  frexp.o(i.frexp)
    lcd_clear                                0x0800464d   Thumb Code    42  lcd.o(i.lcd_clear)
    lcd_display_dir                          0x08004681   Thumb Code   360  lcd.o(i.lcd_display_dir)
    lcd_draw_circle                          0x080047ed   Thumb Code   170  lcd.o(i.lcd_draw_circle)
    lcd_draw_line                            0x08004897   Thumb Code   172  lcd.o(i.lcd_draw_line)
    lcd_draw_point                           0x08004945   Thumb Code    26  lcd.o(i.lcd_draw_point)
    lcd_draw_rectangle                       0x08004965   Thumb Code    74  lcd.o(i.lcd_draw_rectangle)
    lcd_ex_ili9341_reginit                   0x080049af   Thumb Code   556  lcd.o(i.lcd_ex_ili9341_reginit)
    lcd_ex_ili9806_reginit                   0x08004bdb   Thumb Code   832  lcd.o(i.lcd_ex_ili9806_reginit)
    lcd_ex_nt35310_reginit                   0x08004f1b   Thumb Code  3826  lcd.o(i.lcd_ex_nt35310_reginit)
    lcd_ex_nt35510_reginit                   0x08005e0d   Thumb Code  3950  lcd.o(i.lcd_ex_nt35510_reginit)
    lcd_ex_ssd1963_reginit                   0x08006d7b   Thumb Code   366  lcd.o(i.lcd_ex_ssd1963_reginit)
    lcd_ex_st7789_reginit                    0x08006ee9   Thumb Code   424  lcd.o(i.lcd_ex_st7789_reginit)
    lcd_ex_st7796_reginit                    0x08007091   Thumb Code   454  lcd.o(i.lcd_ex_st7796_reginit)
    lcd_fill                                 0x08007259   Thumb Code    80  lcd.o(i.lcd_fill)
    lcd_init                                 0x080072ad   Thumb Code  1308  lcd.o(i.lcd_init)
    lcd_read_point                           0x08007811   Thumb Code   148  lcd.o(i.lcd_read_point)
    lcd_scan_dir                             0x080078a9   Thumb Code   568  lcd.o(i.lcd_scan_dir)
    lcd_set_cursor                           0x08007ae5   Thumb Code   282  lcd.o(i.lcd_set_cursor)
    lcd_show_char                            0x08007c05   Thumb Code   294  lcd.o(i.lcd_show_char)
    lcd_show_num                             0x08007d45   Thumb Code   152  lcd.o(i.lcd_show_num)
    lcd_show_string                          0x08007ddd   Thumb Code   106  lcd.o(i.lcd_show_string)
    lcd_show_xnum                            0x08007e47   Thumb Code   198  lcd.o(i.lcd_show_xnum)
    lcd_ssd_backlight_set                    0x08007f0d   Thumb Code    88  lcd.o(i.lcd_ssd_backlight_set)
    lcd_wr_data                              0x08007f6d   Thumb Code    18  lcd.o(i.lcd_wr_data)
    lcd_wr_regno                             0x08007f85   Thumb Code    18  lcd.o(i.lcd_wr_regno)
    lcd_write_ram_prepare                    0x08007f9d   Thumb Code    10  lcd.o(i.lcd_write_ram_prepare)
    lcd_write_reg                            0x08007fb1   Thumb Code    14  lcd.o(i.lcd_write_reg)
    led_init                                 0x08007fc5   Thumb Code   142  led.o(i.led_init)
    main                                     0x0800805d   Thumb Code   752  main.o(i.main)
    norflash_erase_chip                      0x0800849d   Thumb Code    52  norflash.o(i.norflash_erase_chip)
    norflash_erase_sector                    0x080084d5   Thumb Code    62  norflash.o(i.norflash_erase_sector)
    norflash_read_id                         0x08008519   Thumb Code    76  norflash.o(i.norflash_read_id)
    norflash_read_sr                         0x08008569   Thumb Code    88  norflash.o(i.norflash_read_sr)
    norflash_write_enable                    0x0800860d   Thumb Code    40  norflash.o(i.norflash_write_enable)
    read_addr                                0x08008639   Thumb Code     6  usmart.o(i.read_addr)
    spi1_read_write_byte                     0x08008641   Thumb Code    28  spi.o(i.spi1_read_write_byte)
    sys_stm32_clock_init                     0x08008661   Thumb Code   208  sys.o(i.sys_stm32_clock_init)
    usart_init                               0x0800873d   Thumb Code    44  usart.o(i.usart_init)
    usmart_cmd_rec                           0x08008775   Thumb Code   170  usmart.o(i.usmart_cmd_rec)
    usmart_exe                               0x08008825   Thumb Code   632  usmart.o(i.usmart_exe)
    usmart_get_aparm                         0x08008af9   Thumb Code   212  usmart_str.o(i.usmart_get_aparm)
    usmart_get_cmdname                       0x08008bcd   Thumb Code    54  usmart_str.o(i.usmart_get_cmdname)
    usmart_get_fname                         0x08008c05   Thumb Code   440  usmart_str.o(i.usmart_get_fname)
    usmart_get_fparam                        0x08008dc5   Thumb Code   262  usmart_str.o(i.usmart_get_fparam)
    usmart_get_input_string                  0x08008ed1   Thumb Code    30  usmart_port.o(i.usmart_get_input_string)
    usmart_get_parmpos                       0x08008ef9   Thumb Code    26  usmart_str.o(i.usmart_get_parmpos)
    usmart_init                              0x08008f19   Thumb Code    36  usmart.o(i.usmart_init)
    usmart_pow                               0x08008f41   Thumb Code    22  usmart_str.o(i.usmart_pow)
    usmart_scan                              0x08008f59   Thumb Code   106  usmart.o(i.usmart_scan)
    usmart_search_nextc                      0x08009001   Thumb Code    22  usmart_str.o(i.usmart_search_nextc)
    usmart_str2num                           0x08009017   Thumb Code   262  usmart_str.o(i.usmart_str2num)
    usmart_strcmp                            0x0800911d   Thumb Code    34  usmart_str.o(i.usmart_strcmp)
    usmart_strcopy                           0x0800913f   Thumb Code    22  usmart_str.o(i.usmart_strcopy)
    usmart_strlen                            0x08009155   Thumb Code    24  usmart_str.o(i.usmart_strlen)
    usmart_sys_cmd_exe                       0x0800916d   Thumb Code  1570  usmart.o(i.usmart_sys_cmd_exe)
    usmart_timx_get_time                     0x08009861   Thumb Code    58  usmart_port.o(i.usmart_timx_get_time)
    usmart_timx_init                         0x080098a5   Thumb Code    88  usmart_port.o(i.usmart_timx_init)
    usmart_timx_reset_time                   0x08009909   Thumb Code    44  usmart_port.o(i.usmart_timx_reset_time)
    write_addr                               0x0800993d   Thumb Code     4  usmart.o(i.write_addr)
    _get_lc_numeric                          0x08009941   Thumb Code    44  lc_numeric_c.o(locale$$code)
    _get_lc_ctype                            0x0800996d   Thumb Code    44  lc_ctype_c.o(locale$$code)
    __aeabi_d2f                              0x08009999   Thumb Code     0  d2f.o(x$fpl$d2f)
    _d2f                                     0x08009999   Thumb Code    98  d2f.o(x$fpl$d2f)
    __fpl_dcheck_NaN1                        0x080099fd   Thumb Code    10  dcheck1.o(x$fpl$dcheck1)
    __fpl_dcmp_Inf                           0x08009a0d   Thumb Code    24  dcmpi.o(x$fpl$dcmpinf)
    __aeabi_cdcmpeq                          0x08009a25   Thumb Code     0  deqf.o(x$fpl$deqf)
    _dcmpeq                                  0x08009a25   Thumb Code   120  deqf.o(x$fpl$deqf)
    __aeabi_d2uiz                            0x08009a9d   Thumb Code     0  dfixu.o(x$fpl$dfixu)
    _dfixu                                   0x08009a9d   Thumb Code    90  dfixu.o(x$fpl$dfixu)
    __aeabi_ui2d                             0x08009af7   Thumb Code     0  dflt_clz.o(x$fpl$dfltu)
    _dfltu                                   0x08009af7   Thumb Code    38  dflt_clz.o(x$fpl$dfltu)
    __aeabi_cdcmple                          0x08009b1d   Thumb Code     0  dleqf.o(x$fpl$dleqf)
    _dcmple                                  0x08009b1d   Thumb Code   120  dleqf.o(x$fpl$dleqf)
    __fpl_dcmple_InfNaN                      0x08009b7f   Thumb Code     0  dleqf.o(x$fpl$dleqf)
    __aeabi_dmul                             0x08009b95   Thumb Code     0  dmul.o(x$fpl$dmul)
    _dmul                                    0x08009b95   Thumb Code   332  dmul.o(x$fpl$dmul)
    __fpl_dnaninf                            0x08009ce9   Thumb Code   156  dnaninf.o(x$fpl$dnaninf)
    __fpl_dretinf                            0x08009d85   Thumb Code    12  dretinf.o(x$fpl$dretinf)
    __aeabi_cdrcmple                         0x08009d91   Thumb Code     0  drleqf.o(x$fpl$drleqf)
    _drcmple                                 0x08009d91   Thumb Code   108  drleqf.o(x$fpl$drleqf)
    __aeabi_f2d                              0x08009dfd   Thumb Code     0  f2d.o(x$fpl$f2d)
    _f2d                                     0x08009dfd   Thumb Code    86  f2d.o(x$fpl$f2d)
    __fpl_fnaninf                            0x08009e53   Thumb Code   140  fnaninf.o(x$fpl$fnaninf)
    _fp_init                                 0x08009edf   Thumb Code    10  fpinit.o(x$fpl$fpinit)
    __fplib_config_fpu_vfp                   0x08009ee7   Thumb Code     0  fpinit.o(x$fpl$fpinit)
    __fplib_config_pureend_doubles           0x08009ee7   Thumb Code     0  fpinit.o(x$fpl$fpinit)
    __fpl_fretinf                            0x08009ee9   Thumb Code    10  fretinf.o(x$fpl$fretinf)
    __ieee_status                            0x08009ef3   Thumb Code     6  istatus.o(x$fpl$ieeestatus)
    _printf_fp_dec                           0x08009ef9   Thumb Code     4  printf1.o(x$fpl$printf1)
    __fpl_return_NaN                         0x08009efd   Thumb Code   100  retnan.o(x$fpl$retnan)
    __ARM_scalbn                             0x08009f61   Thumb Code    92  scalbn.o(x$fpl$scalbn)
    _scanf_real                              0x08009fbd   Thumb Code     4  scanf1.o(x$fpl$scanf1)
    _scanf_hex_real                          0x08009fc1   Thumb Code     4  scanf2.o(x$fpl$scanf2)
    _scanf_infnan                            0x08009fc5   Thumb Code     4  scanf2.o(x$fpl$scanf2)
    __fpl_cmpreturn                          0x08009fc9   Thumb Code    48  trapv.o(x$fpl$trapveneer)
    AHBPrescTable                            0x08009ff8   Data          16  system_stm32f4xx.o(.constdata)
    __I$use$fp                               0x08009ff8   Number         0  usenofp.o(x$fpl$usenofp)
    APBPrescTable                            0x0800a008   Data           8  system_stm32f4xx.o(.constdata)
    SmgTab                                   0x0800a010   Data          25  htc_2k.o(.constdata)
    asc2_1206                                0x0800a029   Data        1140  lcd.o(.constdata)
    asc2_1608                                0x0800a49d   Data        1520  lcd.o(.constdata)
    asc2_2412                                0x0800aa8d   Data        3420  lcd.o(.constdata)
    asc2_3216                                0x0800b7e9   Data        6080  lcd.o(.constdata)
    Region$$Table$$Base                      0x0800d4ec   Number         0  anon$$obj.o(Region$$Table)
    Region$$Table$$Limit                     0x0800d50c   Number         0  anon$$obj.o(Region$$Table)
    __aeabi_HUGE_VAL                         0x0800d50c   Data           0  fpconst.o(c$$dinf)
    __aeabi_HUGE_VALL                        0x0800d50c   Data           0  fpconst.o(c$$dinf)
    __aeabi_INFINITY                         0x0800d50c   Data           0  fpconst.o(c$$dinf)
    __dInf                                   0x0800d50c   Data           0  fpconst.o(c$$dinf)
    __huge_val                               0x0800d50c   Data           0  fpconst.o(c$$dinf)
    __dbl_max                                0x0800d514   Data           0  fpconst.o(c$$dmax)
    __ctype                                  0x0800d545   Data           0  lc_ctype_c.o(locale$$data)
    g_env_temp                               0x20000000   Data           4  main.o(.data)
    g_set_limit                              0x20000004   Data           4  main.o(.data)
    g_mode                                   0x20000008   Data           1  main.o(.data)
    blink_cnt                                0x20000009   Data           1  main.o(.data)
    SystemCoreClock                          0x2000000c   Data           4  system_stm32f4xx.o(.data)
    g_IconSet                                0x20000010   Data           1  htc_2k.o(.data)
    __stdout                                 0x20000018   Data           4  usart.o(.data)
    g_usart_rx_sta                           0x2000001c   Data           2  usart.o(.data)
    g_rx_buffer                              0x2000001e   Data           1  usart.o(.data)
    uwTick                                   0x20000020   Data           4  stm32f4xx_hal.o(.data)
    uwTickPrio                               0x20000024   Data           4  stm32f4xx_hal.o(.data)
    uwTickFreq                               0x20000028   Data           1  stm32f4xx_hal.o(.data)
    g_point_color                            0x2000002c   Data           4  lcd.o(.data)
    g_back_color                             0x20000030   Data           4  lcd.o(.data)
    g_norflash_type                          0x20000034   Data           2  norflash.o(.data)
    sys_cmd_tab                              0x20000038   Data          28  usmart.o(.data)
    usmart_nametab                           0x20000054   Data         144  usmart_config.o(.data)
    usmart_dev                               0x200000e4   Data         244  usmart_config.o(.data)
    g_usart_rx_buf                           0x200001d8   Data         200  usart.o(.bss)
    g_uart1_handle                           0x200002a0   Data          68  usart.o(.bss)
    g_sram_handle                            0x200002e4   Data          80  lcd.o(.bss)
    lcddev                                   0x20000334   Data          14  lcd.o(.bss)
    g_spi1_handler                           0x20000344   Data          88  spi.o(.bss)
    g_timx_usmart_handle                     0x2000039c   Data          72  usmart_port.o(.bss)
    __libspace_start                         0x200003e4   Data          96  libspace.o(.bss)
    __temporary_stack_top$libspace           0x20000444   Data           0  libspace.o(.bss)



==============================================================================

Memory Map of the image

  Image Entry point : 0x08000189

  Load Region LR_IROM1 (Base: 0x08000000, Size: 0x0000d820, Max: 0x00100000, ABSOLUTE, COMPRESSED[0x0000d700])

    Execution Region ER_IROM1 (Exec base: 0x08000000, Load base: 0x08000000, Size: 0x0000d648, Max: 0x00100000, ABSOLUTE)

    Exec Addr    Load Addr    Size         Type   Attr      Idx    E Section Name        Object

    0x08000000   0x08000000   0x00000188   Data   RO            3    RESET               startup_stm32f407xx.o
    0x08000188   0x08000188   0x00000008   Code   RO         4761  * !!!main             c_w.l(__main.o)
    0x08000190   0x08000190   0x00000034   Code   RO         5129    !!!scatter          c_w.l(__scatter.o)
    0x080001c4   0x080001c4   0x0000005a   Code   RO         5127    !!dczerorl2         c_w.l(__dczerorl2.o)
    0x0800021e   0x0800021e   0x00000002   PAD
    0x08000220   0x08000220   0x0000001c   Code   RO         5131    !!handler_zi        c_w.l(__scatter_zi.o)
    0x0800023c   0x0800023c   0x00000000   Code   RO         4756    .ARM.Collect$$_printf_percent$$00000000  c_w.l(_printf_percent.o)
    0x0800023c   0x0800023c   0x00000006   Code   RO         4755    .ARM.Collect$$_printf_percent$$00000003  c_w.l(_printf_f.o)
    0x08000242   0x08000242   0x00000006   Code   RO         4753    .ARM.Collect$$_printf_percent$$00000009  c_w.l(_printf_d.o)
    0x08000248   0x08000248   0x00000006   Code   RO         4754    .ARM.Collect$$_printf_percent$$0000000A  c_w.l(_printf_u.o)
    0x0800024e   0x0800024e   0x00000006   Code   RO         4752    .ARM.Collect$$_printf_percent$$0000000C  c_w.l(_printf_x.o)
    0x08000254   0x08000254   0x00000006   Code   RO         4750    .ARM.Collect$$_printf_percent$$00000013  c_w.l(_printf_c.o)
    0x0800025a   0x0800025a   0x00000006   Code   RO         4751    .ARM.Collect$$_printf_percent$$00000014  c_w.l(_printf_s.o)
    0x08000260   0x08000260   0x00000004   Code   RO         4804    .ARM.Collect$$_printf_percent$$00000017  c_w.l(_printf_percent_end.o)
    0x08000264   0x08000264   0x00000002   Code   RO         4915    .ARM.Collect$$libinit$$00000000  c_w.l(libinit.o)
    0x08000266   0x08000266   0x00000004   Code   RO         4916    .ARM.Collect$$libinit$$00000001  c_w.l(libinit2.o)
    0x0800026a   0x0800026a   0x00000000   Code   RO         4919    .ARM.Collect$$libinit$$00000004  c_w.l(libinit2.o)
    0x0800026a   0x0800026a   0x00000000   Code   RO         4922    .ARM.Collect$$libinit$$0000000A  c_w.l(libinit2.o)
    0x0800026a   0x0800026a   0x00000000   Code   RO         4924    .ARM.Collect$$libinit$$0000000C  c_w.l(libinit2.o)
    0x0800026a   0x0800026a   0x00000000   Code   RO         4926    .ARM.Collect$$libinit$$0000000E  c_w.l(libinit2.o)
    0x0800026a   0x0800026a   0x00000006   Code   RO         4927    .ARM.Collect$$libinit$$0000000F  c_w.l(libinit2.o)
    0x08000270   0x08000270   0x00000000   Code   RO         4929    .ARM.Collect$$libinit$$00000011  c_w.l(libinit2.o)
    0x08000270   0x08000270   0x0000000c   Code   RO         4930    .ARM.Collect$$libinit$$00000012  c_w.l(libinit2.o)
    0x0800027c   0x0800027c   0x00000000   Code   RO         4931    .ARM.Collect$$libinit$$00000013  c_w.l(libinit2.o)
    0x0800027c   0x0800027c   0x00000000   Code   RO         4933    .ARM.Collect$$libinit$$00000015  c_w.l(libinit2.o)
    0x0800027c   0x0800027c   0x0000000a   Code   RO         4934    .ARM.Collect$$libinit$$00000016  c_w.l(libinit2.o)
    0x08000286   0x08000286   0x00000000   Code   RO         4935    .ARM.Collect$$libinit$$00000017  c_w.l(libinit2.o)
    0x08000286   0x08000286   0x00000000   Code   RO         4937    .ARM.Collect$$libinit$$00000019  c_w.l(libinit2.o)
    0x08000286   0x08000286   0x00000000   Code   RO         4939    .ARM.Collect$$libinit$$0000001B  c_w.l(libinit2.o)
    0x08000286   0x08000286   0x00000000   Code   RO         4941    .ARM.Collect$$libinit$$0000001D  c_w.l(libinit2.o)
    0x08000286   0x08000286   0x00000000   Code   RO         4943    .ARM.Collect$$libinit$$0000001F  c_w.l(libinit2.o)
    0x08000286   0x08000286   0x00000000   Code   RO         4945    .ARM.Collect$$libinit$$00000021  c_w.l(libinit2.o)
    0x08000286   0x08000286   0x00000000   Code   RO         4947    .ARM.Collect$$libinit$$00000023  c_w.l(libinit2.o)
    0x08000286   0x08000286   0x00000000   Code   RO         4949    .ARM.Collect$$libinit$$00000025  c_w.l(libinit2.o)
    0x08000286   0x08000286   0x00000000   Code   RO         4953    .ARM.Collect$$libinit$$0000002C  c_w.l(libinit2.o)
    0x08000286   0x08000286   0x00000000   Code   RO         4955    .ARM.Collect$$libinit$$0000002E  c_w.l(libinit2.o)
    0x08000286   0x08000286   0x00000000   Code   RO         4957    .ARM.Collect$$libinit$$00000030  c_w.l(libinit2.o)
    0x08000286   0x08000286   0x00000000   Code   RO         4959    .ARM.Collect$$libinit$$00000032  c_w.l(libinit2.o)
    0x08000286   0x08000286   0x00000002   Code   RO         4960    .ARM.Collect$$libinit$$00000033  c_w.l(libinit2.o)
    0x08000288   0x08000288   0x00000002   Code   RO         5037    .ARM.Collect$$libshutdown$$00000000  c_w.l(libshutdown.o)
    0x0800028a   0x0800028a   0x00000000   Code   RO         5075    .ARM.Collect$$libshutdown$$00000002  c_w.l(libshutdown2.o)
    0x0800028a   0x0800028a   0x00000000   Code   RO         5077    .ARM.Collect$$libshutdown$$00000004  c_w.l(libshutdown2.o)
    0x0800028a   0x0800028a   0x00000000   Code   RO         5079    .ARM.Collect$$libshutdown$$00000006  c_w.l(libshutdown2.o)
    0x0800028a   0x0800028a   0x00000000   Code   RO         5082    .ARM.Collect$$libshutdown$$00000009  c_w.l(libshutdown2.o)
    0x0800028a   0x0800028a   0x00000000   Code   RO         5085    .ARM.Collect$$libshutdown$$0000000C  c_w.l(libshutdown2.o)
    0x0800028a   0x0800028a   0x00000000   Code   RO         5087    .ARM.Collect$$libshutdown$$0000000E  c_w.l(libshutdown2.o)
    0x0800028a   0x0800028a   0x00000000   Code   RO         5090    .ARM.Collect$$libshutdown$$00000011  c_w.l(libshutdown2.o)
    0x0800028a   0x0800028a   0x00000002   Code   RO         5091    .ARM.Collect$$libshutdown$$00000012  c_w.l(libshutdown2.o)
    0x0800028c   0x0800028c   0x00000000   Code   RO         4789    .ARM.Collect$$rtentry$$00000000  c_w.l(__rtentry.o)
    0x0800028c   0x0800028c   0x00000000   Code   RO         4817    .ARM.Collect$$rtentry$$00000002  c_w.l(__rtentry2.o)
    0x0800028c   0x0800028c   0x00000006   Code   RO         4829    .ARM.Collect$$rtentry$$00000004  c_w.l(__rtentry4.o)
    0x08000292   0x08000292   0x00000000   Code   RO         4819    .ARM.Collect$$rtentry$$00000009  c_w.l(__rtentry2.o)
    0x08000292   0x08000292   0x00000004   Code   RO         4820    .ARM.Collect$$rtentry$$0000000A  c_w.l(__rtentry2.o)
    0x08000296   0x08000296   0x00000000   Code   RO         4822    .ARM.Collect$$rtentry$$0000000C  c_w.l(__rtentry2.o)
    0x08000296   0x08000296   0x00000008   Code   RO         4823    .ARM.Collect$$rtentry$$0000000D  c_w.l(__rtentry2.o)
    0x0800029e   0x0800029e   0x00000002   Code   RO         4961    .ARM.Collect$$rtexit$$00000000  c_w.l(rtexit.o)
    0x080002a0   0x080002a0   0x00000000   Code   RO         4995    .ARM.Collect$$rtexit$$00000002  c_w.l(rtexit2.o)
    0x080002a0   0x080002a0   0x00000004   Code   RO         4996    .ARM.Collect$$rtexit$$00000003  c_w.l(rtexit2.o)
    0x080002a4   0x080002a4   0x00000006   Code   RO         4997    .ARM.Collect$$rtexit$$00000004  c_w.l(rtexit2.o)
    0x080002aa   0x080002aa   0x00000002   PAD
    0x080002ac   0x080002ac   0x0000004c   Code   RO            4    .text               startup_stm32f407xx.o
    0x080002f8   0x080002f8   0x00000002   Code   RO         4693    .text               c_w.l(use_no_semi_2.o)
    0x080002fa   0x080002fa   0x000000ee   Code   RO         4695    .text               c_w.l(lludivv7m.o)
    0x080003e8   0x080003e8   0x00000018   Code   RO         4699    .text               c_w.l(noretval__2printf.o)
    0x08000400   0x08000400   0x0000004e   Code   RO         4703    .text               c_w.l(_printf_pad.o)
    0x0800044e   0x0800044e   0x00000052   Code   RO         4705    .text               c_w.l(_printf_str.o)
    0x080004a0   0x080004a0   0x00000078   Code   RO         4707    .text               c_w.l(_printf_dec.o)
    0x08000518   0x08000518   0x00000058   Code   RO         4712    .text               c_w.l(_printf_hex_int.o)
    0x08000570   0x08000570   0x00000188   Code   RO         4747    .text               c_w.l(__printf_flags_ss_wp.o)
    0x080006f8   0x080006f8   0x0000004e   Code   RO         4757    .text               c_w.l(rt_memclr_w.o)
    0x08000746   0x08000746   0x00000006   Code   RO         4759    .text               c_w.l(heapauxi.o)
    0x0800074c   0x0800074c   0x00000002   Code   RO         4787    .text               c_w.l(use_no_semi.o)
    0x0800074e   0x0800074e   0x00000016   Code   RO         4794    .text               c_w.l(_rserrno.o)
    0x08000764   0x08000764   0x000000b2   Code   RO         4796    .text               c_w.l(_printf_intcommon.o)
    0x08000816   0x08000816   0x0000041e   Code   RO         4798    .text               c_w.l(_printf_fp_dec.o)
    0x08000c34   0x08000c34   0x0000002c   Code   RO         4800    .text               c_w.l(_printf_char.o)
    0x08000c60   0x08000c60   0x00000024   Code   RO         4802    .text               c_w.l(_printf_char_file.o)
    0x08000c84   0x08000c84   0x000000a4   Code   RO         4805    .text               c_w.l(strtod.o)
    0x08000d28   0x08000d28   0x00000008   Code   RO         4836    .text               c_w.l(rt_locale_intlibspace.o)
    0x08000d30   0x08000d30   0x00000008   Code   RO         4841    .text               c_w.l(rt_errno_addr_intlibspace.o)
    0x08000d38   0x08000d38   0x0000008a   Code   RO         4843    .text               c_w.l(lludiv10.o)
    0x08000dc2   0x08000dc2   0x00000012   Code   RO         4845    .text               c_w.l(isspace.o)
    0x08000dd4   0x08000dd4   0x00000030   Code   RO         4847    .text               c_w.l(_printf_char_common.o)
    0x08000e04   0x08000e04   0x00000080   Code   RO         4849    .text               c_w.l(_printf_fp_infnan.o)
    0x08000e84   0x08000e84   0x00000040   Code   RO         4851    .text               c_w.l(_sgetc.o)
    0x08000ec4   0x08000ec4   0x000000e4   Code   RO         4853    .text               c_w.l(bigflt0.o)
    0x08000fa8   0x08000fa8   0x00000008   Code   RO         4878    .text               c_w.l(ferror.o)
    0x08000fb0   0x08000fb0   0x00000008   Code   RO         4891    .text               c_w.l(libspace.o)
    0x08000fb8   0x08000fb8   0x0000004a   Code   RO         4894    .text               c_w.l(sys_stackheap_outer.o)
    0x08001002   0x08001002   0x00000002   PAD
    0x08001004   0x08001004   0x00000010   Code   RO         4896    .text               c_w.l(rt_ctype_table.o)
    0x08001014   0x08001014   0x000004f8   Code   RO         4900    .text               c_w.l(scanf_fp.o)
    0x0800150c   0x0800150c   0x00000012   Code   RO         4902    .text               c_w.l(exit.o)
    0x0800151e   0x0800151e   0x00000002   PAD
    0x08001520   0x08001520   0x00000080   Code   RO         4908    .text               c_w.l(strcmpv7m.o)
    0x080015a0   0x080015a0   0x00000320   Code   RO         5001    .text               c_w.l(scanf_hexfp.o)
    0x080018c0   0x080018c0   0x00000134   Code   RO         5003    .text               c_w.l(scanf_infnan.o)
    0x080019f4   0x080019f4   0x00000026   Code   RO         5025    .text               c_w.l(llshl.o)
    0x08001a1a   0x08001a1a   0x0000001c   Code   RO         5027    .text               c_w.l(_chval.o)
    0x08001a36   0x08001a36   0x0000003e   Code   RO         4856    CL$$btod_d2e        c_w.l(btod.o)
    0x08001a74   0x08001a74   0x00000046   Code   RO         4858    CL$$btod_d2e_denorm_low  c_w.l(btod.o)
    0x08001aba   0x08001aba   0x00000060   Code   RO         4857    CL$$btod_d2e_norm_op1  c_w.l(btod.o)
    0x08001b1a   0x08001b1a   0x00000338   Code   RO         4866    CL$$btod_div_common  c_w.l(btod.o)
    0x08001e52   0x08001e52   0x00000002   PAD
    0x08001e54   0x08001e54   0x00000084   Code   RO         4864    CL$$btod_e2d        c_w.l(btod.o)
    0x08001ed8   0x08001ed8   0x000000dc   Code   RO         4863    CL$$btod_e2e        c_w.l(btod.o)
    0x08001fb4   0x08001fb4   0x0000002a   Code   RO         4860    CL$$btod_ediv       c_w.l(btod.o)
    0x08001fde   0x08001fde   0x0000002a   Code   RO         4862    CL$$btod_edivd      c_w.l(btod.o)
    0x08002008   0x08002008   0x0000002a   Code   RO         4859    CL$$btod_emul       c_w.l(btod.o)
    0x08002032   0x08002032   0x0000002a   Code   RO         4861    CL$$btod_emuld      c_w.l(btod.o)
    0x0800205c   0x0800205c   0x00000244   Code   RO         4865    CL$$btod_mult_common  c_w.l(btod.o)
    0x080022a0   0x080022a0   0x00000004   Code   RO          270    i.BusFault_Handler  stm32f4xx_it.o
    0x080022a4   0x080022a4   0x00000002   Code   RO          271    i.DebugMon_Handler  stm32f4xx_it.o
    0x080022a6   0x080022a6   0x00000002   PAD
    0x080022a8   0x080022a8   0x00000048   Code   RO         3152    i.FSMC_NORSRAM_Extended_Timing_Init  stm32f4xx_ll_fsmc.o
    0x080022f0   0x080022f0   0x0000005c   Code   RO         3153    i.FSMC_NORSRAM_Init  stm32f4xx_ll_fsmc.o
    0x0800234c   0x0800234c   0x00000044   Code   RO         3154    i.FSMC_NORSRAM_Timing_Init  stm32f4xx_ll_fsmc.o
    0x08002390   0x08002390   0x000000aa   Code   RO         3273    i.HAL_DMA_Abort     stm32f4xx_hal_dma.o
    0x0800243a   0x0800243a   0x00000028   Code   RO         3274    i.HAL_DMA_Abort_IT  stm32f4xx_hal_dma.o
    0x08002462   0x08002462   0x00000002   PAD
    0x08002464   0x08002464   0x00000204   Code   RO          973    i.HAL_GPIO_Init     stm32f4xx_hal_gpio.o
    0x08002668   0x08002668   0x00000010   Code   RO          975    i.HAL_GPIO_ReadPin  stm32f4xx_hal_gpio.o
    0x08002678   0x08002678   0x00000014   Code   RO          976    i.HAL_GPIO_TogglePin  stm32f4xx_hal_gpio.o
    0x0800268c   0x0800268c   0x0000000c   Code   RO          977    i.HAL_GPIO_WritePin  stm32f4xx_hal_gpio.o
    0x08002698   0x08002698   0x0000000c   Code   RO          656    i.HAL_GetREVID      stm32f4xx_hal.o
    0x080026a4   0x080026a4   0x0000000c   Code   RO          657    i.HAL_GetTick       stm32f4xx_hal.o
    0x080026b0   0x080026b0   0x00000018   Code   RO          663    i.HAL_IncTick       stm32f4xx_hal.o
    0x080026c8   0x080026c8   0x00000030   Code   RO          664    i.HAL_Init          stm32f4xx_hal.o
    0x080026f8   0x080026f8   0x0000004c   Code   RO          665    i.HAL_InitTick      stm32f4xx_hal.o
    0x08002744   0x08002744   0x00000002   Code   RO          667    i.HAL_MspInit       stm32f4xx_hal.o
    0x08002746   0x08002746   0x00000020   Code   RO          835    i.HAL_NVIC_EnableIRQ  stm32f4xx_hal_cortex.o
    0x08002766   0x08002766   0x0000007c   Code   RO          841    i.HAL_NVIC_SetPriority  stm32f4xx_hal_cortex.o
    0x080027e2   0x080027e2   0x00000002   PAD
    0x080027e4   0x080027e4   0x00000028   Code   RO          842    i.HAL_NVIC_SetPriorityGrouping  stm32f4xx_hal_cortex.o
    0x0800280c   0x0800280c   0x00000184   Code   RO         1037    i.HAL_RCC_ClockConfig  stm32f4xx_hal_rcc.o
    0x08002990   0x08002990   0x0000000c   Code   RO         1042    i.HAL_RCC_GetHCLKFreq  stm32f4xx_hal_rcc.o
    0x0800299c   0x0800299c   0x00000020   Code   RO         1044    i.HAL_RCC_GetPCLK1Freq  stm32f4xx_hal_rcc.o
    0x080029bc   0x080029bc   0x00000020   Code   RO         1045    i.HAL_RCC_GetPCLK2Freq  stm32f4xx_hal_rcc.o
    0x080029dc   0x080029dc   0x000000b0   Code   RO         1046    i.HAL_RCC_GetSysClockFreq  stm32f4xx_hal_rcc.o
    0x08002a8c   0x08002a8c   0x0000049c   Code   RO         1049    i.HAL_RCC_OscConfig  stm32f4xx_hal_rcc.o
    0x08002f28   0x08002f28   0x000002d2   Code   RO         3396    i.HAL_SPI_TransmitReceive  stm32f4xx_hal_spi.o
    0x080031fa   0x080031fa   0x00000058   Code   RO         3028    i.HAL_SRAM_Init     stm32f4xx_hal_sram.o
    0x08003252   0x08003252   0x00000002   PAD
    0x08003254   0x08003254   0x000000a4   Code   RO         4017    i.HAL_SRAM_MspInit  lcd.o
    0x080032f8   0x080032f8   0x00000034   Code   RO          846    i.HAL_SYSTICK_Config  stm32f4xx_hal_cortex.o
    0x0800332c   0x0800332c   0x00000066   Code   RO         2042    i.HAL_TIM_Base_Init  stm32f4xx_hal_tim.o
    0x08003392   0x08003392   0x00000002   Code   RO         2044    i.HAL_TIM_Base_MspInit  stm32f4xx_hal_tim.o
    0x08003394   0x08003394   0x000000a8   Code   RO         2047    i.HAL_TIM_Base_Start_IT  stm32f4xx_hal_tim.o
    0x0800343c   0x0800343c   0x00000002   Code   RO         1643    i.HAL_UARTEx_RxEventCallback  stm32f4xx_hal_uart.o
    0x0800343e   0x0800343e   0x00000002   Code   RO         1657    i.HAL_UART_ErrorCallback  stm32f4xx_hal_uart.o
    0x08003440   0x08003440   0x00000250   Code   RO         1660    i.HAL_UART_IRQHandler  stm32f4xx_hal_uart.o
    0x08003690   0x08003690   0x00000072   Code   RO         1661    i.HAL_UART_Init     stm32f4xx_hal_uart.o
    0x08003702   0x08003702   0x00000002   PAD
    0x08003704   0x08003704   0x000000cc   Code   RO          567    i.HAL_UART_MspInit  usart.o
    0x080037d0   0x080037d0   0x00000042   Code   RO         1666    i.HAL_UART_Receive_IT  stm32f4xx_hal_uart.o
    0x08003812   0x08003812   0x00000002   PAD
    0x08003814   0x08003814   0x0000009c   Code   RO          568    i.HAL_UART_RxCpltCallback  usart.o
    0x080038b0   0x080038b0   0x00000002   Code   RO         1672    i.HAL_UART_TxCpltCallback  stm32f4xx_hal_uart.o
    0x080038b2   0x080038b2   0x00000002   PAD
    0x080038b4   0x080038b4   0x00000064   Code   RO          382    i.HTC2K_Init        htc_2k.o
    0x08003918   0x08003918   0x00000068   Code   RO          383    i.HTC2K_ReadKeys    htc_2k.o
    0x08003980   0x08003980   0x00000124   Code   RO          384    i.HTC2K_ShowTemp    htc_2k.o
    0x08003aa4   0x08003aa4   0x00000004   Code   RO          272    i.HardFault_Handler  stm32f4xx_it.o
    0x08003aa8   0x08003aa8   0x00000004   Code   RO          273    i.MemManage_Handler  stm32f4xx_it.o
    0x08003aac   0x08003aac   0x00000002   Code   RO          274    i.NMI_Handler       stm32f4xx_it.o
    0x08003aae   0x08003aae   0x00000002   Code   RO          275    i.PendSV_Handler    stm32f4xx_it.o
    0x08003ab0   0x08003ab0   0x0000006c   Code   RO         3427    i.SPI_EndRxTxTransaction  stm32f4xx_hal_spi.o
    0x08003b1c   0x08003b1c   0x000000d8   Code   RO         3434    i.SPI_WaitFlagStateUntilTimeout  stm32f4xx_hal_spi.o
    0x08003bf4   0x08003bf4   0x00000002   Code   RO          276    i.SVC_Handler       stm32f4xx_it.o
    0x08003bf6   0x08003bf6   0x00000008   Code   RO          277    i.SysTick_Handler   stm32f4xx_it.o
    0x08003bfe   0x08003bfe   0x00000002   PAD
    0x08003c00   0x08003c00   0x00000014   Code   RO          346    i.SystemInit        system_stm32f4xx.o
    0x08003c14   0x08003c14   0x00000044   Code   RO         4559    i.TIM4_IRQHandler   usmart_port.o
    0x08003c58   0x08003c58   0x000000d8   Code   RO         2135    i.TIM_Base_SetConfig  stm32f4xx_hal_tim.o
    0x08003d30   0x08003d30   0x00000034   Code   RO          385    i.TM1637_Ask        htc_2k.o
    0x08003d64   0x08003d64   0x0000000c   Code   RO          386    i.TM1637_DelayUs    htc_2k.o
    0x08003d70   0x08003d70   0x0000003c   Code   RO          387    i.TM1637_Start      htc_2k.o
    0x08003dac   0x08003dac   0x00000044   Code   RO          388    i.TM1637_Stop       htc_2k.o
    0x08003df0   0x08003df0   0x00000054   Code   RO          389    i.TM1637_Write_Byte  htc_2k.o
    0x08003e44   0x08003e44   0x00000014   Code   RO         1674    i.UART_DMAAbortOnError  stm32f4xx_hal_uart.o
    0x08003e58   0x08003e58   0x00000036   Code   RO         1684    i.UART_EndRxTransfer  stm32f4xx_hal_uart.o
    0x08003e8e   0x08003e8e   0x00000020   Code   RO         1685    i.UART_EndTransmit_IT  stm32f4xx_hal_uart.o
    0x08003eae   0x08003eae   0x000000be   Code   RO         1687    i.UART_Receive_IT   stm32f4xx_hal_uart.o
    0x08003f6c   0x08003f6c   0x0000022c   Code   RO         1688    i.UART_SetConfig    stm32f4xx_hal_uart.o
    0x08004198   0x08004198   0x00000046   Code   RO         1690    i.UART_Start_Receive_IT  stm32f4xx_hal_uart.o
    0x080041de   0x080041de   0x00000060   Code   RO         1691    i.UART_Transmit_IT  stm32f4xx_hal_uart.o
    0x0800423e   0x0800423e   0x00000002   PAD
    0x08004240   0x08004240   0x00000010   Code   RO          569    i.USART1_IRQHandler  usart.o
    0x08004250   0x08004250   0x00000004   Code   RO          278    i.UsageFault_Handler  stm32f4xx_it.o
    0x08004254   0x08004254   0x00000030   Code   RO         4889    i.__ARM_fpclassify  m_wm.l(fpclassify.o)
    0x08004284   0x08004284   0x00000010   Code   RO          848    i.__NVIC_GetPriorityGrouping  stm32f4xx_hal_cortex.o
    0x08004294   0x08004294   0x00000028   Code   RO          849    i.__NVIC_SetPriority  stm32f4xx_hal_cortex.o
    0x080042bc   0x080042bc   0x00000004   PAD
    0x080042c0   0x080042c0   0x000000f8   Code   RO         4986    i.__hardfp___mathlib_tofloat  m_wm.l(narrow.o)
    0x080043b8   0x080043b8   0x00000038   Code   RO         4781    i.__hardfp_atof     m_wm.l(atof.o)
    0x080043f0   0x080043f0   0x000000d0   Code   RO         5042    i.__hardfp_ldexp    m_wm.l(ldexp.o)
    0x080044c0   0x080044c0   0x00000020   Code   RO         5098    i.__mathlib_dbl_overflow  m_wm.l(dunder.o)
    0x080044e0   0x080044e0   0x00000020   Code   RO         5100    i.__mathlib_dbl_underflow  m_wm.l(dunder.o)
    0x08004500   0x08004500   0x00000012   Code   RO         4987    i.__mathlib_narrow  m_wm.l(narrow.o)
    0x08004512   0x08004512   0x00000014   Code   RO         5044    i.__support_ldexp   m_wm.l(ldexp.o)
    0x08004526   0x08004526   0x0000000e   Code   RO         4740    i._is_digit         c_w.l(__printf_wp.o)
    0x08004534   0x08004534   0x00000004   Code   RO          571    i._sys_exit         usart.o
    0x08004538   0x08004538   0x0000000c   Code   RO          451    i.delay_init        delay.o
    0x08004544   0x08004544   0x00000012   Code   RO          452    i.delay_ms          delay.o
    0x08004556   0x08004556   0x00000002   PAD
    0x08004558   0x08004558   0x00000048   Code   RO          453    i.delay_us          delay.o
    0x080045a0   0x080045a0   0x0000001c   Code   RO          573    i.fputc             usart.o
    0x080045bc   0x080045bc   0x00000004   PAD
    0x080045c0   0x080045c0   0x0000008c   Code   RO         5019    i.frexp             m_wm.l(frexp.o)
    0x0800464c   0x0800464c   0x00000034   Code   RO         4018    i.lcd_clear         lcd.o
    0x08004680   0x08004680   0x0000016c   Code   RO         4020    i.lcd_display_dir   lcd.o
    0x080047ec   0x080047ec   0x000000aa   Code   RO         4023    i.lcd_draw_circle   lcd.o
    0x08004896   0x08004896   0x000000ac   Code   RO         4025    i.lcd_draw_line     lcd.o
    0x08004942   0x08004942   0x00000002   PAD
    0x08004944   0x08004944   0x00000020   Code   RO         4026    i.lcd_draw_point    lcd.o
    0x08004964   0x08004964   0x0000004a   Code   RO         4027    i.lcd_draw_rectangle  lcd.o
    0x080049ae   0x080049ae   0x0000022c   Code   RO         4028    i.lcd_ex_ili9341_reginit  lcd.o
    0x08004bda   0x08004bda   0x00000340   Code   RO         4029    i.lcd_ex_ili9806_reginit  lcd.o
    0x08004f1a   0x08004f1a   0x00000ef2   Code   RO         4030    i.lcd_ex_nt35310_reginit  lcd.o
    0x08005e0c   0x08005e0c   0x00000f6e   Code   RO         4031    i.lcd_ex_nt35510_reginit  lcd.o
    0x08006d7a   0x08006d7a   0x0000016e   Code   RO         4032    i.lcd_ex_ssd1963_reginit  lcd.o
    0x08006ee8   0x08006ee8   0x000001a8   Code   RO         4033    i.lcd_ex_st7789_reginit  lcd.o
    0x08007090   0x08007090   0x000001c6   Code   RO         4034    i.lcd_ex_st7796_reginit  lcd.o
    0x08007256   0x08007256   0x00000002   PAD
    0x08007258   0x08007258   0x00000054   Code   RO         4035    i.lcd_fill          lcd.o
    0x080072ac   0x080072ac   0x00000528   Code   RO         4037    i.lcd_init          lcd.o
    0x080077d4   0x080077d4   0x0000000c   Code   RO         4038    i.lcd_opt_delay     lcd.o
    0x080077e0   0x080077e0   0x00000016   Code   RO         4039    i.lcd_pow           lcd.o
    0x080077f6   0x080077f6   0x00000002   PAD
    0x080077f8   0x080077f8   0x00000018   Code   RO         4040    i.lcd_rd_data       lcd.o
    0x08007810   0x08007810   0x00000098   Code   RO         4041    i.lcd_read_point    lcd.o
    0x080078a8   0x080078a8   0x0000023c   Code   RO         4042    i.lcd_scan_dir      lcd.o
    0x08007ae4   0x08007ae4   0x00000120   Code   RO         4043    i.lcd_set_cursor    lcd.o
    0x08007c04   0x08007c04   0x00000140   Code   RO         4045    i.lcd_show_char     lcd.o
    0x08007d44   0x08007d44   0x00000098   Code   RO         4046    i.lcd_show_num      lcd.o
    0x08007ddc   0x08007ddc   0x0000006a   Code   RO         4047    i.lcd_show_string   lcd.o
    0x08007e46   0x08007e46   0x000000c6   Code   RO         4048    i.lcd_show_xnum     lcd.o
    0x08007f0c   0x08007f0c   0x00000060   Code   RO         4049    i.lcd_ssd_backlight_set  lcd.o
    0x08007f6c   0x08007f6c   0x00000018   Code   RO         4050    i.lcd_wr_data       lcd.o
    0x08007f84   0x08007f84   0x00000018   Code   RO         4051    i.lcd_wr_regno      lcd.o
    0x08007f9c   0x08007f9c   0x00000014   Code   RO         4052    i.lcd_write_ram_prepare  lcd.o
    0x08007fb0   0x08007fb0   0x00000014   Code   RO         4053    i.lcd_write_reg     lcd.o
    0x08007fc4   0x08007fc4   0x00000098   Code   RO         3993    i.led_init          led.o
    0x0800805c   0x0800805c   0x00000440   Code   RO           13    i.main              main.o
    0x0800849c   0x0800849c   0x00000038   Code   RO         4312    i.norflash_erase_chip  norflash.o
    0x080084d4   0x080084d4   0x00000044   Code   RO         4313    i.norflash_erase_sector  norflash.o
    0x08008518   0x08008518   0x00000050   Code   RO         4316    i.norflash_read_id  norflash.o
    0x08008568   0x08008568   0x0000005c   Code   RO         4317    i.norflash_read_sr  norflash.o
    0x080085c4   0x080085c4   0x00000034   Code   RO         4318    i.norflash_send_address  norflash.o
    0x080085f8   0x080085f8   0x00000014   Code   RO         4319    i.norflash_wait_busy  norflash.o
    0x0800860c   0x0800860c   0x0000002c   Code   RO         4321    i.norflash_write_enable  norflash.o
    0x08008638   0x08008638   0x00000006   Code   RO         4460    i.read_addr         usmart.o
    0x0800863e   0x0800863e   0x00000002   PAD
    0x08008640   0x08008640   0x00000020   Code   RO         4417    i.spi1_read_write_byte  spi.o
    0x08008660   0x08008660   0x000000dc   Code   RO          500    i.sys_stm32_clock_init  sys.o
    0x0800873c   0x0800873c   0x00000038   Code   RO          574    i.usart_init        usart.o
    0x08008774   0x08008774   0x000000b0   Code   RO         4461    i.usmart_cmd_rec    usmart.o
    0x08008824   0x08008824   0x000002d4   Code   RO         4462    i.usmart_exe        usmart.o
    0x08008af8   0x08008af8   0x000000d4   Code   RO         4610    i.usmart_get_aparm  usmart_str.o
    0x08008bcc   0x08008bcc   0x00000036   Code   RO         4611    i.usmart_get_cmdname  usmart_str.o
    0x08008c02   0x08008c02   0x00000002   PAD
    0x08008c04   0x08008c04   0x000001c0   Code   RO         4612    i.usmart_get_fname  usmart_str.o
    0x08008dc4   0x08008dc4   0x0000010c   Code   RO         4613    i.usmart_get_fparam  usmart_str.o
    0x08008ed0   0x08008ed0   0x00000028   Code   RO         4560    i.usmart_get_input_string  usmart_port.o
    0x08008ef8   0x08008ef8   0x00000020   Code   RO         4614    i.usmart_get_parmpos  usmart_str.o
    0x08008f18   0x08008f18   0x00000028   Code   RO         4463    i.usmart_init       usmart.o
    0x08008f40   0x08008f40   0x00000016   Code   RO         4615    i.usmart_pow        usmart_str.o
    0x08008f56   0x08008f56   0x00000002   PAD
    0x08008f58   0x08008f58   0x000000a8   Code   RO         4464    i.usmart_scan       usmart.o
    0x08009000   0x08009000   0x00000016   Code   RO         4616    i.usmart_search_nextc  usmart_str.o
    0x08009016   0x08009016   0x00000106   Code   RO         4617    i.usmart_str2num    usmart_str.o
    0x0800911c   0x0800911c   0x00000022   Code   RO         4618    i.usmart_strcmp     usmart_str.o
    0x0800913e   0x0800913e   0x00000016   Code   RO         4619    i.usmart_strcopy    usmart_str.o
    0x08009154   0x08009154   0x00000018   Code   RO         4620    i.usmart_strlen     usmart_str.o
    0x0800916c   0x0800916c   0x000006f4   Code   RO         4465    i.usmart_sys_cmd_exe  usmart.o
    0x08009860   0x08009860   0x00000044   Code   RO         4561    i.usmart_timx_get_time  usmart_port.o
    0x080098a4   0x080098a4   0x00000064   Code   RO         4562    i.usmart_timx_init  usmart_port.o
    0x08009908   0x08009908   0x00000034   Code   RO         4563    i.usmart_timx_reset_time  usmart_port.o
    0x0800993c   0x0800993c   0x00000004   Code   RO         4466    i.write_addr        usmart.o
    0x08009940   0x08009940   0x0000002c   Code   RO         4883    locale$$code        c_w.l(lc_numeric_c.o)
    0x0800996c   0x0800996c   0x0000002c   Code   RO         4966    locale$$code        c_w.l(lc_ctype_c.o)
    0x08009998   0x08009998   0x00000062   Code   RO         4763    x$fpl$d2f           fz_wm.l(d2f.o)
    0x080099fa   0x080099fa   0x00000002   PAD
    0x080099fc   0x080099fc   0x00000010   Code   RO         5115    x$fpl$dcheck1       fz_wm.l(dcheck1.o)
    0x08009a0c   0x08009a0c   0x00000018   Code   RO         5038    x$fpl$dcmpinf       fz_wm.l(dcmpi.o)
    0x08009a24   0x08009a24   0x00000078   Code   RO         5013    x$fpl$deqf          fz_wm.l(deqf.o)
    0x08009a9c   0x08009a9c   0x0000005a   Code   RO         4765    x$fpl$dfixu         fz_wm.l(dfixu.o)
    0x08009af6   0x08009af6   0x00000026   Code   RO         4769    x$fpl$dfltu         fz_wm.l(dflt_clz.o)
    0x08009b1c   0x08009b1c   0x00000078   Code   RO         5040    x$fpl$dleqf         fz_wm.l(dleqf.o)
    0x08009b94   0x08009b94   0x00000154   Code   RO         4775    x$fpl$dmul          fz_wm.l(dmul.o)
    0x08009ce8   0x08009ce8   0x0000009c   Code   RO         4807    x$fpl$dnaninf       fz_wm.l(dnaninf.o)
    0x08009d84   0x08009d84   0x0000000c   Code   RO         4809    x$fpl$dretinf       fz_wm.l(dretinf.o)
    0x08009d90   0x08009d90   0x0000006c   Code   RO         5015    x$fpl$drleqf        fz_wm.l(drleqf.o)
    0x08009dfc   0x08009dfc   0x00000056   Code   RO         4777    x$fpl$f2d           fz_wm.l(f2d.o)
    0x08009e52   0x08009e52   0x0000008c   Code   RO         4811    x$fpl$fnaninf       fz_wm.l(fnaninf.o)
    0x08009ede   0x08009ede   0x0000000a   Code   RO         4978    x$fpl$fpinit        fz_wm.l(fpinit.o)
    0x08009ee8   0x08009ee8   0x0000000a   Code   RO         4813    x$fpl$fretinf       fz_wm.l(fretinf.o)
    0x08009ef2   0x08009ef2   0x00000006   Code   RO         4885    x$fpl$ieeestatus    fz_wm.l(istatus.o)
    0x08009ef8   0x08009ef8   0x00000004   Code   RO         4779    x$fpl$printf1       fz_wm.l(printf1.o)
    0x08009efc   0x08009efc   0x00000064   Code   RO         5121    x$fpl$retnan        fz_wm.l(retnan.o)
    0x08009f60   0x08009f60   0x0000005c   Code   RO         5092    x$fpl$scalbn        fz_wm.l(scalbn.o)
    0x08009fbc   0x08009fbc   0x00000004   Code   RO         4887    x$fpl$scanf1        fz_wm.l(scanf1.o)
    0x08009fc0   0x08009fc0   0x00000008   Code   RO         4980    x$fpl$scanf2        fz_wm.l(scanf2.o)
    0x08009fc8   0x08009fc8   0x00000030   Code   RO         5123    x$fpl$trapveneer    fz_wm.l(trapv.o)
    0x08009ff8   0x08009ff8   0x00000000   Code   RO         4815    x$fpl$usenofp       fz_wm.l(usenofp.o)
    0x08009ff8   0x08009ff8   0x00000018   Data   RO          347    .constdata          system_stm32f4xx.o
    0x0800a010   0x0800a010   0x00000019   Data   RO          390    .constdata          htc_2k.o
    0x0800a029   0x0800a029   0x00002f80   Data   RO         4055    .constdata          lcd.o
    0x0800cfa9   0x0800cfa9   0x00000028   Data   RO         4713    .constdata          c_w.l(_printf_hex_int.o)
    0x0800cfd1   0x0800cfd1   0x00000011   Data   RO         4748    .constdata          c_w.l(__printf_flags_ss_wp.o)
    0x0800cfe2   0x0800cfe2   0x00000002   PAD
    0x0800cfe4   0x0800cfe4   0x00000094   Data   RO         4854    .constdata          c_w.l(bigflt0.o)
    0x0800d078   0x0800d078   0x00000028   Data   RO         4467    .conststring        usmart.o
    0x0800d0a0   0x0800d0a0   0x0000044c   Data   RO         4534    .conststring        usmart_config.o
    0x0800d4ec   0x0800d4ec   0x00000020   Data   RO         5125    Region$$Table       anon$$obj.o
    0x0800d50c   0x0800d50c   0x00000008   Data   RO         4974    c$$dinf             fz_wm.l(fpconst.o)
    0x0800d514   0x0800d514   0x00000008   Data   RO         4977    c$$dmax             fz_wm.l(fpconst.o)
    0x0800d51c   0x0800d51c   0x0000001c   Data   RO         4882    locale$$data        c_w.l(lc_numeric_c.o)
    0x0800d538   0x0800d538   0x00000110   Data   RO         4965    locale$$data        c_w.l(lc_ctype_c.o)


    Execution Region RW_IRAM1 (Exec base: 0x20000000, Load base: 0x0800d648, Size: 0x00000848, Max: 0x00020000, ABSOLUTE, COMPRESSED[0x000000b8])

    Exec Addr    Load Addr    Size         Type   Attr      Idx    E Section Name        Object

    0x20000000   COMPRESSED   0x0000000a   Data   RW           14    .data               main.o
    0x2000000a   COMPRESSED   0x00000002   PAD
    0x2000000c   COMPRESSED   0x00000004   Data   RW          348    .data               system_stm32f4xx.o
    0x20000010   COMPRESSED   0x00000001   Data   RW          391    .data               htc_2k.o
    0x20000011   COMPRESSED   0x00000003   PAD
    0x20000014   COMPRESSED   0x00000004   Data   RW          454    .data               delay.o
    0x20000018   COMPRESSED   0x00000007   Data   RW          576    .data               usart.o
    0x2000001f   COMPRESSED   0x00000001   PAD
    0x20000020   COMPRESSED   0x00000009   Data   RW          671    .data               stm32f4xx_hal.o
    0x20000029   COMPRESSED   0x00000003   PAD
    0x2000002c   COMPRESSED   0x00000008   Data   RW         4056    .data               lcd.o
    0x20000034   COMPRESSED   0x00000002   Data   RW         4326    .data               norflash.o
    0x20000036   COMPRESSED   0x00000002   PAD
    0x20000038   COMPRESSED   0x0000001c   Data   RW         4468    .data               usmart.o
    0x20000054   COMPRESSED   0x00000184   Data   RW         4535    .data               usmart_config.o
    0x200001d8        -       0x0000010c   Zero   RW          575    .bss                usart.o
    0x200002e4        -       0x0000005e   Zero   RW         4054    .bss                lcd.o
    0x20000342   COMPRESSED   0x00000002   PAD
    0x20000344        -       0x00000058   Zero   RW         4419    .bss                spi.o
    0x2000039c        -       0x00000048   Zero   RW         4564    .bss                usmart_port.o
    0x200003e4        -       0x00000060   Zero   RW         4892    .bss                c_w.l(libspace.o)
    0x20000444   COMPRESSED   0x00000004   PAD
    0x20000448        -       0x00000000   Zero   RW            2    HEAP                startup_stm32f407xx.o
    0x20000448        -       0x00000400   Zero   RW            1    STACK               startup_stm32f407xx.o


==============================================================================

Image component sizes


      Code (inc. data)   RO Data    RW Data    ZI Data      Debug   Object Name

       102         10          0          4          0       1979   delay.o
       772         50         25          1          0       6198   htc_2k.o
     14870        190      12160          8         94      31769   lcd.o
       152         10          0          0          0        959   led.o
      1088        336          0         10          0     709425   main.o
       412         28          0          2          0       4797   norflash.o
        32          4          0          0         88        828   spi.o
        76         28        392          0       1024        996   startup_stm32f407xx.o
       174         34          0          9          0       9946   stm32f4xx_hal.o
       304         22          0          0          0      34587   stm32f4xx_hal_cortex.o
       210          0          0          0          0       2011   stm32f4xx_hal_dma.o
       564         46          0          0          0       3520   stm32f4xx_hal_gpio.o
      1820         84          0          0          0       5740   stm32f4xx_hal_rcc.o
      1046         14          0          0          0       4138   stm32f4xx_hal_spi.o
        88          0          0          0          0       1244   stm32f4xx_hal_sram.o
       488         76          0          0          0       3340   stm32f4xx_hal_tim.o
      1796         16          0          0          0      10032   stm32f4xx_hal_uart.o
        32          0          0          0          0       4302   stm32f4xx_it.o
       232         10          0          0          0       2791   stm32f4xx_ll_fsmc.o
       220         12          0          0          0       1371   sys.o
        20          6         24          4          0       1387   system_stm32f4xx.o
       464         60          0          7        268       5705   usart.o
      2898       1308         40         28          0       6086   usmart.o
         0          0       1100        388          0       1596   usmart_config.o
       328         50          0          0         72       3562   usmart_port.o
      1400         20          0          0          0       9541   usmart_str.o

    ----------------------------------------------------------------------
     29628       2422      13773        472       1548     867850   Object Totals
         0          0         32          0          0          0   (incl. Generated)
        40          8          0         11          2          0   (incl. Padding)

    ----------------------------------------------------------------------

      Code (inc. data)   RO Data    RW Data    ZI Data      Debug   Library Member Name

        90          0          0          0          0          0   __dczerorl2.o
         8          0          0          0          0         68   __main.o
       392          4         17          0          0         92   __printf_flags_ss_wp.o
        14          0          0          0          0         68   __printf_wp.o
         0          0          0          0          0          0   __rtentry.o
        12          0          0          0          0          0   __rtentry2.o
         6          0          0          0          0          0   __rtentry4.o
        52          8          0          0          0          0   __scatter.o
        28          0          0          0          0          0   __scatter_zi.o
        28          0          0          0          0         68   _chval.o
         6          0          0          0          0          0   _printf_c.o
        44          0          0          0          0        108   _printf_char.o
        48          6          0          0          0         96   _printf_char_common.o
        36          4          0          0          0         80   _printf_char_file.o
         6          0          0          0          0          0   _printf_d.o
       120         16          0          0          0         92   _printf_dec.o
         6          0          0          0          0          0   _printf_f.o
      1054          0          0          0          0        216   _printf_fp_dec.o
       128         16          0          0          0         84   _printf_fp_infnan.o
        88          4         40          0          0         88   _printf_hex_int.o
       178          0          0          0          0         88   _printf_intcommon.o
        78          0          0          0          0        108   _printf_pad.o
         0          0          0          0          0          0   _printf_percent.o
         4          0          0          0          0          0   _printf_percent_end.o
         6          0          0          0          0          0   _printf_s.o
        82          0          0          0          0         80   _printf_str.o
         6          0          0          0          0          0   _printf_u.o
         6          0          0          0          0          0   _printf_x.o
        22          0          0          0          0        100   _rserrno.o
        64          0          0          0          0         84   _sgetc.o
       228          4        148          0          0         96   bigflt0.o
      2152        136          0          0          0        960   btod.o
        18          0          0          0          0         80   exit.o
         8          0          0          0          0         68   ferror.o
         6          0          0          0          0        152   heapauxi.o
        18          0          0          0          0         76   isspace.o
        44         10        272          0          0         76   lc_ctype_c.o
        44         10         28          0          0         76   lc_numeric_c.o
         2          0          0          0          0          0   libinit.o
        34          0          0          0          0          0   libinit2.o
         2          0          0          0          0          0   libshutdown.o
         2          0          0          0          0          0   libshutdown2.o
         8          4          0          0         96         68   libspace.o
        38          0          0          0          0         68   llshl.o
       138          0          0          0          0         80   lludiv10.o
       238          0          0          0          0        100   lludivv7m.o
        24          4          0          0          0         84   noretval__2printf.o
        16          4          0          0          0         76   rt_ctype_table.o
         8          4          0          0          0         68   rt_errno_addr_intlibspace.o
         8          4          0          0          0         68   rt_locale_intlibspace.o
        78          0          0          0          0         80   rt_memclr_w.o
         2          0          0          0          0          0   rtexit.o
        10          0          0          0          0          0   rtexit2.o
      1272         16          0          0          0        168   scanf_fp.o
       800         14          0          0          0        100   scanf_hexfp.o
       308         16          0          0          0        100   scanf_infnan.o
       128          0          0          0          0         68   strcmpv7m.o
       164         14          0          0          0        120   strtod.o
        74          0          0          0          0         80   sys_stackheap_outer.o
         2          0          0          0          0         68   use_no_semi.o
         2          0          0          0          0         68   use_no_semi_2.o
        98          4          0          0          0        140   d2f.o
        16          4          0          0          0        116   dcheck1.o
        24          0          0          0          0        116   dcmpi.o
       120          4          0          0          0        140   deqf.o
        90          4          0          0          0        140   dfixu.o
        38          0          0          0          0        116   dflt_clz.o
       120          4          0          0          0        140   dleqf.o
       340         12          0          0          0        152   dmul.o
       156          4          0          0          0        140   dnaninf.o
        12          0          0          0          0        116   dretinf.o
       108          0          0          0          0        128   drleqf.o
        86          4          0          0          0        132   f2d.o
       140          4          0          0          0        132   fnaninf.o
         0          0         16          0          0          0   fpconst.o
        10          0          0          0          0        116   fpinit.o
        10          0          0          0          0        116   fretinf.o
         6          0          0          0          0        116   istatus.o
         4          0          0          0          0        116   printf1.o
       100          0          0          0          0        116   retnan.o
        92          0          0          0          0        116   scalbn.o
         4          0          0          0          0        116   scanf1.o
         8          0          0          0          0        132   scanf2.o
        48          0          0          0          0        116   trapv.o
         0          0          0          0          0          0   usenofp.o
        56         12          0          0          0        132   atof.o
        64         16          0          0          0        248   dunder.o
        48          0          0          0          0        124   fpclassify.o
       140         22          0          0          0        132   frexp.o
       228          8          0          0          0        308   ldexp.o
       266         16          0          0          0        308   narrow.o

    ----------------------------------------------------------------------
     10932        418        523          0        100       8588   Library Totals
        12          2          2          0          4          0   (incl. Padding)

    ----------------------------------------------------------------------

      Code (inc. data)   RO Data    RW Data    ZI Data      Debug   Library Name

      8488        298        505          0         96       4568   c_w.l
      1630         44         16          0          0       2768   fz_wm.l
       802         74          0          0          0       1252   m_wm.l

    ----------------------------------------------------------------------
     10932        418        523          0        100       8588   Library Totals

    ----------------------------------------------------------------------

==============================================================================


      Code (inc. data)   RO Data    RW Data    ZI Data      Debug   

     40560       2840      14296        472       1648     857642   Grand Totals
     40560       2840      14296        184       1648     857642   ELF Image Totals (compressed)
     40560       2840      14296        184          0          0   ROM Totals

==============================================================================

    Total RO  Size (Code + RO Data)                54856 (  53.57kB)
    Total RW  Size (RW Data + ZI Data)              2120 (   2.07kB)
    Total ROM Size (Code + RO Data + RW Data)      55040 (  53.75kB)

==============================================================================

